Archive member included to satisfy reference by file (symbol)

D:/STM32CubeIDE_1.15.1/STM32CubeIDE/plugins/com.st.stm32cube.ide.mcu.externaltools.gnu-tools-for-stm32.12.3.rel1.win32_1.0.100.202403111256/tools/bin/../lib/gcc/arm-none-eabi/12.3.1/../../../../arm-none-eabi/lib/thumb/v7e-m+fp/hard\libc_nano.a(libc_a-exit.o)
                              D:/STM32CubeIDE_1.15.1/STM32CubeIDE/plugins/com.st.stm32cube.ide.mcu.externaltools.gnu-tools-for-stm32.12.3.rel1.win32_1.0.100.202403111256/tools/bin/../lib/gcc/arm-none-eabi/12.3.1/../../../../arm-none-eabi/lib/thumb/v7e-m+fp/hard/crt0.o (exit)
D:/STM32CubeIDE_1.15.1/STM32CubeIDE/plugins/com.st.stm32cube.ide.mcu.externaltools.gnu-tools-for-stm32.12.3.rel1.win32_1.0.100.202403111256/tools/bin/../lib/gcc/arm-none-eabi/12.3.1/../../../../arm-none-eabi/lib/thumb/v7e-m+fp/hard\libc_nano.a(libc_a-findfp.o)
                              D:/STM32CubeIDE_1.15.1/STM32CubeIDE/plugins/com.st.stm32cube.ide.mcu.externaltools.gnu-tools-for-stm32.12.3.rel1.win32_1.0.100.202403111256/tools/bin/../lib/gcc/arm-none-eabi/12.3.1/../../../../arm-none-eabi/lib/thumb/v7e-m+fp/hard\libc_nano.a(libc_a-exit.o) (__stdio_exit_handler)
D:/STM32CubeIDE_1.15.1/STM32CubeIDE/plugins/com.st.stm32cube.ide.mcu.externaltools.gnu-tools-for-stm32.12.3.rel1.win32_1.0.100.202403111256/tools/bin/../lib/gcc/arm-none-eabi/12.3.1/../../../../arm-none-eabi/lib/thumb/v7e-m+fp/hard\libc_nano.a(libc_a-fwalk.o)
                              D:/STM32CubeIDE_1.15.1/STM32CubeIDE/plugins/com.st.stm32cube.ide.mcu.externaltools.gnu-tools-for-stm32.12.3.rel1.win32_1.0.100.202403111256/tools/bin/../lib/gcc/arm-none-eabi/12.3.1/../../../../arm-none-eabi/lib/thumb/v7e-m+fp/hard\libc_nano.a(libc_a-findfp.o) (_fwalk_sglue)
D:/STM32CubeIDE_1.15.1/STM32CubeIDE/plugins/com.st.stm32cube.ide.mcu.externaltools.gnu-tools-for-stm32.12.3.rel1.win32_1.0.100.202403111256/tools/bin/../lib/gcc/arm-none-eabi/12.3.1/../../../../arm-none-eabi/lib/thumb/v7e-m+fp/hard\libc_nano.a(libc_a-puts.o)
                              ./Core/Src/app_bluenrg.o (puts)
D:/STM32CubeIDE_1.15.1/STM32CubeIDE/plugins/com.st.stm32cube.ide.mcu.externaltools.gnu-tools-for-stm32.12.3.rel1.win32_1.0.100.202403111256/tools/bin/../lib/gcc/arm-none-eabi/12.3.1/../../../../arm-none-eabi/lib/thumb/v7e-m+fp/hard\libc_nano.a(libc_a-stdio.o)
                              D:/STM32CubeIDE_1.15.1/STM32CubeIDE/plugins/com.st.stm32cube.ide.mcu.externaltools.gnu-tools-for-stm32.12.3.rel1.win32_1.0.100.202403111256/tools/bin/../lib/gcc/arm-none-eabi/12.3.1/../../../../arm-none-eabi/lib/thumb/v7e-m+fp/hard\libc_nano.a(libc_a-findfp.o) (__sread)
D:/STM32CubeIDE_1.15.1/STM32CubeIDE/plugins/com.st.stm32cube.ide.mcu.externaltools.gnu-tools-for-stm32.12.3.rel1.win32_1.0.100.202403111256/tools/bin/../lib/gcc/arm-none-eabi/12.3.1/../../../../arm-none-eabi/lib/thumb/v7e-m+fp/hard\libc_nano.a(libc_a-wbuf.o)
                              D:/STM32CubeIDE_1.15.1/STM32CubeIDE/plugins/com.st.stm32cube.ide.mcu.externaltools.gnu-tools-for-stm32.12.3.rel1.win32_1.0.100.202403111256/tools/bin/../lib/gcc/arm-none-eabi/12.3.1/../../../../arm-none-eabi/lib/thumb/v7e-m+fp/hard\libc_nano.a(libc_a-puts.o) (__swbuf_r)
D:/STM32CubeIDE_1.15.1/STM32CubeIDE/plugins/com.st.stm32cube.ide.mcu.externaltools.gnu-tools-for-stm32.12.3.rel1.win32_1.0.100.202403111256/tools/bin/../lib/gcc/arm-none-eabi/12.3.1/../../../../arm-none-eabi/lib/thumb/v7e-m+fp/hard\libc_nano.a(libc_a-wsetup.o)
                              D:/STM32CubeIDE_1.15.1/STM32CubeIDE/plugins/com.st.stm32cube.ide.mcu.externaltools.gnu-tools-for-stm32.12.3.rel1.win32_1.0.100.202403111256/tools/bin/../lib/gcc/arm-none-eabi/12.3.1/../../../../arm-none-eabi/lib/thumb/v7e-m+fp/hard\libc_nano.a(libc_a-puts.o) (__swsetup_r)
D:/STM32CubeIDE_1.15.1/STM32CubeIDE/plugins/com.st.stm32cube.ide.mcu.externaltools.gnu-tools-for-stm32.12.3.rel1.win32_1.0.100.202403111256/tools/bin/../lib/gcc/arm-none-eabi/12.3.1/../../../../arm-none-eabi/lib/thumb/v7e-m+fp/hard\libc_nano.a(libc_a-memset.o)
                              D:/STM32CubeIDE_1.15.1/STM32CubeIDE/plugins/com.st.stm32cube.ide.mcu.externaltools.gnu-tools-for-stm32.12.3.rel1.win32_1.0.100.202403111256/tools/bin/../lib/gcc/arm-none-eabi/12.3.1/../../../../arm-none-eabi/lib/thumb/v7e-m+fp/hard/crt0.o (memset)
D:/STM32CubeIDE_1.15.1/STM32CubeIDE/plugins/com.st.stm32cube.ide.mcu.externaltools.gnu-tools-for-stm32.12.3.rel1.win32_1.0.100.202403111256/tools/bin/../lib/gcc/arm-none-eabi/12.3.1/../../../../arm-none-eabi/lib/thumb/v7e-m+fp/hard\libc_nano.a(libc_a-closer.o)
                              D:/STM32CubeIDE_1.15.1/STM32CubeIDE/plugins/com.st.stm32cube.ide.mcu.externaltools.gnu-tools-for-stm32.12.3.rel1.win32_1.0.100.202403111256/tools/bin/../lib/gcc/arm-none-eabi/12.3.1/../../../../arm-none-eabi/lib/thumb/v7e-m+fp/hard\libc_nano.a(libc_a-stdio.o) (_close_r)
[...]
Memory Configuration

Name             Origin             Length             Attributes
RAM              0x20000000         0x00020000         xrw
FLASH            0x08000000         0x00080000         xr
*default*        0x00000000         0xffffffff

Linker script and memory map

LOAD D:/STM32CubeIDE_1.15.1/STM32CubeIDE/plugins/com.st.stm32cube.ide.mcu.externaltools.gnu-tools-for-stm32.12.3.rel1.win32_1.0.100.202403111256/tools/bin/../lib/gcc/arm-none-eabi/12.3.1/thumb/v7e-m+fp/hard/crti.o
LOAD D:/STM32CubeIDE_1.15.1/STM32CubeIDE/plugins/com.st.stm32cube.ide.mcu.externaltools.gnu-tools-for-stm32.12.3.rel1.win32_1.0.100.202403111256/tools/bin/../lib/gcc/arm-none-eabi/12.3.1/thumb/v7e-m+fp/hard/crtbegin.o
LOAD D:/STM32CubeIDE_1.15.1/STM32CubeIDE/plugins/com.st.stm32cube.ide.mcu.externaltools.gnu-tools-for-stm32.12.3.rel1.win32_1.0.100.202403111256/tools/bin/../lib/gcc/arm-none-eabi/12.3.1/../../../../arm-none-eabi/lib/thumb/v7e-m+fp/hard/crt0.o
LOAD ./BlueNRG-2/Target/hci_tl_interface.o
LOAD ./Core/Src/app_bluenrg.o
LOAD ./Core/Src/main.o
LOAD ./Core/Src/services.o
LOAD ./Core/Src/stm32f4xx_hal_msp.o
LOAD ./Core/Src/stm32f4xx_it.o
LOAD ./Core/Src/stm32f4xx_nucleo_bus.o
LOAD ./Core/Src/syscalls.o
LOAD ./Core/Src/sysmem.o
LOAD ./Core/Src/system_stm32f4xx.o
LOAD ./Core/Startup/startup_stm32f411retx.o
LOAD ./Drivers/STM32F4xx_HAL_Driver/Src/stm32f4xx_hal.o
LOAD ./Drivers/STM32F4xx_HAL_Driver/Src/stm32f4xx_hal_cortex.o
LOAD ./Drivers/STM32F4xx_HAL_Driver/Src/stm32f4xx_hal_dma.o
LOAD ./Drivers/STM32F4xx_HAL_Driver/Src/stm32f4xx_hal_dma_ex.o
LOAD ./Drivers/STM32F4xx_HAL_Driver/Src/stm32f4xx_hal_exti.o
LOAD ./Drivers/STM32F4xx_HAL_Driver/Src/stm32f4xx_hal_flash.o
LOAD ./Drivers/STM32F4xx_HAL_Driver/Src/stm32f4xx_hal_flash_ex.o
LOAD ./Drivers/STM32F4xx_HAL_Driver/Src/stm32f4xx_hal_flash_ramfunc.o
LOAD ./Drivers/STM32F4xx_HAL_Driver/Src/stm32f4xx_hal_gpio.o
LOAD ./Drivers/STM32F4xx_HAL_Driver/Src/stm32f4xx_hal_pwr.o
LOAD ./Drivers/STM32F4xx_HAL_Driver/Src/stm32f4xx_hal_pwr_ex.o
LOAD ./Drivers/STM32F4xx_HAL_Driver/Src/stm32f4xx_hal_rcc.o
LOAD ./Drivers/STM32F4xx_HAL_Driver/Src/stm32f4xx_hal_rcc_ex.o
LOAD ./Drivers/STM32F4xx_HAL_Driver/Src/stm32f4xx_hal_spi.o
LOAD ./Drivers/STM32F4xx_HAL_Driver/Src/stm32f4xx_hal_tim.o
LOAD ./Drivers/STM32F4xx_HAL_Driver/Src/stm32f4xx_hal_tim_ex.o
LOAD ./Drivers/STM32F4xx_HAL_Driver/Src/stm32f4xx_hal_uart.o
LOAD ./Middlewares/ST/BlueNRG-2/hci/bluenrg1_devConfig.o
LOAD ./Middlewares/ST/BlueNRG-2/hci/bluenrg1_events.o
LOAD ./Middlewares/ST/BlueNRG-2/hci/bluenrg1_events_cb.o
LOAD ./Middlewares/ST/BlueNRG-2/hci/bluenrg1_hci_le.o
LOAD ./Middlewares/ST/BlueNRG-2/hci/controller/bluenrg1_gap_aci.o
LOAD ./Middlewares/ST/BlueNRG-2/hci/controller/bluenrg1_gatt_aci.o
LOAD ./Middlewares/ST/BlueNRG-2/hci/controller/bluenrg1_hal_aci.o
LOAD ./Middlewares/ST/BlueNRG-2/hci/controller/bluenrg1_l2cap_aci.o
LOAD ./Middlewares/ST/BlueNRG-2/hci/hci_tl_patterns/Basic/hci_tl.o
LOAD ./Middlewares/ST/BlueNRG-2/utils/ble_list.o
START GROUP
LOAD D:/STM32CubeIDE_1.15.1/STM32CubeIDE/plugins/com.st.stm32cube.ide.mcu.externaltools.gnu-tools-for-stm32.12.3.rel1.win32_1.0.100.202403111256/tools/bin/../lib/gcc/arm-none-eabi/12.3.1/../../../../arm-none-eabi/lib/thumb/v7e-m+fp/hard\libc_nano.a
LOAD D:/STM32CubeIDE_1.15.1/STM32CubeIDE/plugins/com.st.stm32cube.ide.mcu.externaltools.gnu-tools-for-stm32.12.3.rel1.win32_1.0.100.202403111256/tools/bin/../lib/gcc/arm-none-eabi/12.3.1/../../../../arm-none-eabi/lib/thumb/v7e-m+fp/hard\libm.a
END GROUP
START GROUP
LOAD D:/STM32CubeIDE_1.15.1/STM32CubeIDE/plugins/com.st.stm32cube.ide.mcu.externaltools.gnu-tools-for-stm32.12.3.rel1.win32_1.0.100.202403111256/tools/bin/../lib/gcc/arm-none-eabi/12.3.1/thumb/v7e-m+fp/hard\libgcc.a
LOAD D:/STM32CubeIDE_1.15.1/STM32CubeIDE/plugins/com.st.stm32cube.ide.mcu.externaltools.gnu-tools-for-stm32.12.3.rel1.win32_1.0.100.202403111256/tools/bin/../lib/gcc/arm-none-eabi/12.3.1/../../../../arm-none-eabi/lib/thumb/v7e-m+fp/hard\libc_nano.a
END GROUP
START GROUP
LOAD D:/STM32CubeIDE_1.15.1/STM32CubeIDE/plugins/com.st.stm32cube.ide.mcu.externaltools.gnu-tools-for-stm32.12.3.rel1.win32_1.0.100.202403111256/tools/bin/../lib/gcc/arm-none-eabi/12.3.1/thumb/v7e-m+fp/hard\libgcc.a
LOAD D:/STM32CubeIDE_1.15.1/STM32CubeIDE/plugins/com.st.stm32cube.ide.mcu.externaltools.gnu-tools-for-stm32.12.3.rel1.win32_1.0.100.202403111256/tools/bin/../lib/gcc/arm-none-eabi/12.3.1/../../../../arm-none-eabi/lib/thumb/v7e-m+fp/hard\libc_nano.a
LOAD D:/STM32CubeIDE_1.15.1/STM32CubeIDE/plugins/com.st.stm32cube.ide.mcu.externaltools.gnu-tools-for-stm32.12.3.rel1.win32_1.0.100.202403111256/tools/bin/../lib/gcc/arm-none-eabi/12.3.1/../../../../arm-none-eabi/lib/thumb/v7e-m+fp/hard\libnosys.a
END GROUP
START GROUP
LOAD D:/STM32CubeIDE_1.15.1/STM32CubeIDE/plugins/com.st.stm32cube.ide.mcu.externaltools.gnu-tools-for-stm32.12.3.rel1.win32_1.0.100.202403111256/tools/bin/../lib/gcc/arm-none-eabi/12.3.1/thumb/v7e-m+fp/hard\libgcc.a
LOAD D:/STM32CubeIDE_1.15.1/STM32CubeIDE/plugins/com.st.stm32cube.ide.mcu.externaltools.gnu-tools-for-stm32.12.3.rel1.win32_1.0.100.202403111256/tools/bin/../lib/gcc/arm-none-eabi/12.3.1/../../../../arm-none-eabi/lib/thumb/v7e-m+fp/hard\libc_nano.a
LOAD D:/STM32CubeIDE_1.15.1/STM32CubeIDE/plugins/com.st.stm32cube.ide.mcu.externaltools.gnu-tools-for-stm32.12.3.rel1.win32_1.0.100.202403111256/tools/bin/../lib/gcc/arm-none-eabi/12.3.1/../../../../arm-none-eabi/lib/thumb/v7e-m+fp/hard\libnosys.a
END GROUP
LOAD D:/STM32CubeIDE_1.15.1/STM32CubeIDE/plugins/com.st.stm32cube.ide.mcu.externaltools.gnu-tools-for-stm32.12.3.rel1.win32_1.0.100.202403111256/tools/bin/../lib/gcc/arm-none-eabi/12.3.1/thumb/v7e-m+fp/hard/crtend.o
LOAD D:/STM32CubeIDE_1.15.1/STM32CubeIDE/plugins/com.st.stm32cube.ide.mcu.externaltools.gnu-tools-for-stm32.12.3.rel1.win32_1.0.100.202403111256/tools/bin/../lib/gcc/arm-none-eabi/12.3.1/thumb/v7e-m+fp/hard/crtn.o
                0x20020000                        _estack = (ORIGIN (RAM) + LENGTH (RAM))
                0x00000200                        _Min_Heap_Size = 0x200
                0x00000400                        _Min_Stack_Size = 0x400

.isr_vector     0x08000000      0x198
                0x08000000                        . = ALIGN (0x4)
 *(.isr_vector)
 .isr_vector    0x08000000      0x198 ./Core/Startup/startup_stm32f411retx.o
                0x08000000                g_pfnVectors
                0x08000198                        . = ALIGN (0x4)

.text           0x08000198     0x4998
                0x08000198                        . = ALIGN (0x4)
 *(.text)
 .text          0x08000198       0x40 D:/STM32CubeIDE_1.15.1/STM32CubeIDE/plugins/com.st.stm32cube.ide.mcu.externaltools.gnu-tools-for-stm32.12.3.rel1.win32_1.0.100.202403111256/tools/bin/../lib/gcc/arm-none-eabi/12.3.1/thumb/v7e-m+fp/hard/crtbegin.o
 .text          0x080001d8       0x10 D:/STM32CubeIDE_1.15.1/STM32CubeIDE/plugins/com.st.stm32cube.ide.mcu.externaltools.gnu-tools-for-stm32.12.3.rel1.win32_1.0.100.202403111256/tools/bin/../lib/gcc/arm-none-eabi/12.3.1/../../../../arm-none-eabi/lib/thumb/v7e-m+fp/hard\libc_nano.a(libc_a-strlen.o)
                0x080001d8                strlen
 .text          0x080001e8       0x30 D:/STM32CubeIDE_1.15.1/STM32CubeIDE/plugins/com.st.stm32cube.ide.mcu.externaltools.gnu-tools-for-stm32.12.3.rel1.win32_1.0.100.202403111256/tools/bin/../lib/gcc/arm-none-eabi/12.3.1/thumb/v7e-m+fp/hard\libgcc.a(_aeabi_uldivmod.o)
                0x080001e8                __aeabi_uldivmod
 .text          0x08000218      0x2bc D:/STM32CubeIDE_1.15.1/STM32CubeIDE/plugins/com.st.stm32cube.ide.mcu.externaltools.gnu-tools-for-stm32.12.3.rel1.win32_1.0.100.202403111256/tools/bin/../lib/gcc/arm-none-eabi/12.3.1/thumb/v7e-m+fp/hard\libgcc.a(_udivmoddi4.o)
                0x08000218                __udivmoddi4
 .text          0x080004d4        0x4 D:/STM32CubeIDE_1.15.1/STM32CubeIDE/plugins/com.st.stm32cube.ide.mcu.externaltools.gnu-tools-for-stm32.12.3.rel1.win32_1.0.100.202403111256/tools/bin/../lib/gcc/arm-none-eabi/12.3.1/thumb/v7e-m+fp/hard\libgcc.a(_dvmd_tls.o)
                0x080004d4                __aeabi_idiv0
                0x080004d4                __aeabi_ldiv0
 *(.text*)
 .text.HCI_TL_SPI_Enable_IRQ
                0x080004d8        0xe ./BlueNRG-2/Target/hci_tl_interface.o
 .text.HCI_TL_SPI_Disable_IRQ
                0x080004e6        0xe ./BlueNRG-2/Target/hci_tl_interface.o
 .text.HCI_TL_SPI_Init
                0x080004f4       0x9c ./BlueNRG-2/Target/hci_tl_interface.o
                0x080004f4                HCI_TL_SPI_Init
 .text.HCI_TL_SPI_DeInit
                0x08000590       0x28 ./BlueNRG-2/Target/hci_tl_interface.o
                0x08000590                HCI_TL_SPI_DeInit
 .text.HCI_TL_SPI_Reset
                0x080005b8       0x3c ./BlueNRG-2/Target/hci_tl_interface.o
                0x080005b8                HCI_TL_SPI_Reset
 .text.HCI_TL_SPI_Receive
                0x080005f4       0xb8 ./BlueNRG-2/Target/hci_tl_interface.o
                0x080005f4                HCI_TL_SPI_Receive
 .text.HCI_TL_SPI_Send
                0x080006ac       0xec ./BlueNRG-2/Target/hci_tl_interface.o
                0x080006ac                HCI_TL_SPI_Send
 .text.IsDataAvailable
                0x08000798       0x20 ./BlueNRG-2/Target/hci_tl_interface.o
 .text.hci_tl_lowlevel_init
                0x080007b8       0x74 ./BlueNRG-2/Target/hci_tl_interface.o
                0x080007b8                hci_tl_lowlevel_init
 .text.hci_tl_lowlevel_isr
                0x0800082c       0x22 ./BlueNRG-2/Target/hci_tl_interface.o
                0x0800082c                hci_tl_lowlevel_isr
 *fill*         0x0800084e        0x2 
 .text.bluenrg_init
                0x08000850       0xf0 ./Core/Src/app_bluenrg.o
                0x08000850                bluenrg_init
 .text.bluenrg_process
                0x08000940       0x58 ./Core/Src/app_bluenrg.o
                0x08000940                bluenrg_process
 .text.__io_putchar
                0x08000998       0x30 ./Core/Src/main.o
                0x08000998                __io_putchar
 .text.main     0x080009c8       0x28 ./Core/Src/main.o
                0x080009c8                main
 .text.SystemClock_Config
                0x080009f0       0xd0 ./Core/Src/main.o
                0x080009f0                SystemClock_Config
 .text.MX_USART2_UART_Init
                0x08000ac0       0x54 ./Core/Src/main.o
 .text.MX_GPIO_Init
                0x08000b14      0x11c ./Core/Src/main.o
 .text.Error_Handler
                0x08000c30        0xc ./Core/Src/main.o
                0x08000c30                Error_Handler
 .text.add_simple_service
                0x08000c3c       0x74 ./Core/Src/services.o
                0x08000c3c                add_simple_service
 .text.HAL_MspInit
                0x08000cb0       0x50 ./Core/Src/stm32f4xx_hal_msp.o
                0x08000cb0                HAL_MspInit
 .text.HAL_UART_MspInit
                0x08000d00       0x90 ./Core/Src/stm32f4xx_hal_msp.o
                0x08000d00                HAL_UART_MspInit
 .text.NMI_Handler
                0x08000d90        0x8 ./Core/Src/stm32f4xx_it.o
                0x08000d90                NMI_Handler
 .text.HardFault_Handler
                0x08000d98        0x8 ./Core/Src/stm32f4xx_it.o
                0x08000d98                HardFault_Handler
 .text.MemManage_Handler
                0x08000da0        0x8 ./Core/Src/stm32f4xx_it.o
                0x08000da0                MemManage_Handler
 .text.BusFault_Handler
                0x08000da8        0x8 ./Core/Src/stm32f4xx_it.o
                0x08000da8                BusFault_Handler
 .text.UsageFault_Handler
                0x08000db0        0x8 ./Core/Src/stm32f4xx_it.o
                0x08000db0                UsageFault_Handler
 .text.SVC_Handler
                0x08000db8        0xe ./Core/Src/stm32f4xx_it.o
                0x08000db8                SVC_Handler
 .text.DebugMon_Handler
                0x08000dc6        0xe ./Core/Src/stm32f4xx_it.o
                0x08000dc6                DebugMon_Handler
 .text.PendSV_Handler
                0x08000dd4        0xe ./Core/Src/stm32f4xx_it.o
                0x08000dd4                PendSV_Handler
 .text.SysTick_Handler
                0x08000de2        0xc ./Core/Src/stm32f4xx_it.o
                0x08000de2                SysTick_Handler
 *fill*         0x08000dee        0x2 
 .text.EXTI0_IRQHandler
                0x08000df0       0x14 ./Core/Src/stm32f4xx_it.o
                0x08000df0                EXTI0_IRQHandler
 .text.EXTI15_10_IRQHandler
                0x08000e04       0x10 ./Core/Src/stm32f4xx_it.o
                0x08000e04                EXTI15_10_IRQHandler
 .text.BSP_SPI1_Init
                0x08000e14       0x60 ./Core/Src/stm32f4xx_nucleo_bus.o
                0x08000e14                BSP_SPI1_Init
 .text.BSP_SPI1_SendRecv
                0x08000e74       0x40 ./Core/Src/stm32f4xx_nucleo_bus.o
                0x08000e74                BSP_SPI1_SendRecv
 .text.BSP_GetTick
                0x08000eb4        0xe ./Core/Src/stm32f4xx_nucleo_bus.o
                0x08000eb4                BSP_GetTick
 *fill*         0x08000ec2        0x2 
 .text.MX_SPI1_Init
                0x08000ec4       0x78 ./Core/Src/stm32f4xx_nucleo_bus.o
                0x08000ec4                MX_SPI1_Init
 .text.SPI1_MspInit
                0x08000f3c       0xd0 ./Core/Src/stm32f4xx_nucleo_bus.o
 .text._read    0x0800100c       0x3a ./Core/Src/syscalls.o
                0x0800100c                _read
 .text._write   0x08001046       0x38 ./Core/Src/syscalls.o
                0x08001046                _write
 .text._close   0x0800107e       0x18 ./Core/Src/syscalls.o
                0x0800107e                _close
 .text._fstat   0x08001096       0x20 ./Core/Src/syscalls.o
                0x08001096                _fstat
 .text._isatty  0x080010b6       0x16 ./Core/Src/syscalls.o
                0x080010b6                _isatty
 .text._lseek   0x080010cc       0x1a ./Core/Src/syscalls.o
                0x080010cc                _lseek
 *fill*         0x080010e6        0x2 
 .text._sbrk    0x080010e8       0x6c ./Core/Src/sysmem.o
                0x080010e8                _sbrk
 .text.SystemInit
                0x08001154       0x24 ./Core/Src/system_stm32f4xx.o
                0x08001154                SystemInit
 .text.Reset_Handler
                0x08001178       0x50 ./Core/Startup/startup_stm32f411retx.o
                0x08001178                Reset_Handler
 .text.Default_Handler
                0x080011c8        0x2 ./Core/Startup/startup_stm32f411retx.o
                0x080011c8                RTC_Alarm_IRQHandler
                0x080011c8                EXTI2_IRQHandler
                0x080011c8                SPI4_IRQHandler
                0x080011c8                TIM1_CC_IRQHandler
                0x080011c8                DMA2_Stream5_IRQHandler
                0x080011c8                DMA1_Stream5_IRQHandler
                0x080011c8                PVD_IRQHandler
                0x080011c8                SDIO_IRQHandler
                0x080011c8                TAMP_STAMP_IRQHandler
                0x080011c8                EXTI3_IRQHandler
                0x080011c8                TIM1_UP_TIM10_IRQHandler
                0x080011c8                I2C3_ER_IRQHandler
                0x080011c8                I2C2_EV_IRQHandler
                0x080011c8                DMA1_Stream2_IRQHandler
                0x080011c8                FPU_IRQHandler
                0x080011c8                DMA2_Stream2_IRQHandler
                0x080011c8                SPI1_IRQHandler
                0x080011c8                TIM1_BRK_TIM9_IRQHandler
                0x080011c8                DMA2_Stream3_IRQHandler
                0x080011c8                USART6_IRQHandler
                0x080011c8                DMA2_Stream0_IRQHandler
                0x080011c8                TIM4_IRQHandler
                0x080011c8                I2C1_EV_IRQHandler
                0x080011c8                DMA1_Stream6_IRQHandler
                0x080011c8                DMA1_Stream1_IRQHandler
                0x080011c8                TIM3_IRQHandler
                0x080011c8                RCC_IRQHandler
                0x080011c8                Default_Handler
                0x080011c8                ADC_IRQHandler
                0x080011c8                DMA1_Stream7_IRQHandler
                0x080011c8                SPI5_IRQHandler
                0x080011c8                TIM5_IRQHandler
                0x080011c8                DMA2_Stream7_IRQHandler
                0x080011c8                I2C3_EV_IRQHandler
                0x080011c8                EXTI9_5_IRQHandler
                0x080011c8                RTC_WKUP_IRQHandler
                0x080011c8                SPI2_IRQHandler
                0x080011c8                DMA1_Stream0_IRQHandler
                0x080011c8                EXTI4_IRQHandler
                0x080011c8                WWDG_IRQHandler
                0x080011c8                TIM2_IRQHandler
                0x080011c8                OTG_FS_WKUP_IRQHandler
                0x080011c8                TIM1_TRG_COM_TIM11_IRQHandler
                0x080011c8                EXTI1_IRQHandler
                0x080011c8                USART2_IRQHandler
                0x080011c8                I2C2_ER_IRQHandler
                0x080011c8                DMA2_Stream1_IRQHandler
                0x080011c8                FLASH_IRQHandler
                0x080011c8                DMA2_Stream4_IRQHandler
                0x080011c8                USART1_IRQHandler
                0x080011c8                OTG_FS_IRQHandler
                0x080011c8                SPI3_IRQHandler
                0x080011c8                DMA1_Stream4_IRQHandler
                0x080011c8                I2C1_ER_IRQHandler
                0x080011c8                DMA2_Stream6_IRQHandler
                0x080011c8                DMA1_Stream3_IRQHandler
 *fill*         0x080011ca        0x2 
 .text.HAL_Init
                0x080011cc       0x44 ./Drivers/STM32F4xx_HAL_Driver/Src/stm32f4xx_hal.o
                0x080011cc                HAL_Init
 .text.HAL_InitTick
                0x08001210       0x60 ./Drivers/STM32F4xx_HAL_Driver/Src/stm32f4xx_hal.o
                0x08001210                HAL_InitTick
 .text.HAL_IncTick
                0x08001270       0x28 ./Drivers/STM32F4xx_HAL_Driver/Src/stm32f4xx_hal.o
                0x08001270                HAL_IncTick
 .text.HAL_GetTick
                0x08001298       0x18 ./Drivers/STM32F4xx_HAL_Driver/Src/stm32f4xx_hal.o
                0x08001298                HAL_GetTick
 .text.HAL_Delay
                0x080012b0       0x48 ./Drivers/STM32F4xx_HAL_Driver/Src/stm32f4xx_hal.o
                0x080012b0                HAL_Delay
 .text.__NVIC_SetPriorityGrouping
                0x080012f8       0x48 ./Drivers/STM32F4xx_HAL_Driver/Src/stm32f4xx_hal_cortex.o
 .text.__NVIC_GetPriorityGrouping
                0x08001340       0x1c ./Drivers/STM32F4xx_HAL_Driver/Src/stm32f4xx_hal_cortex.o
 .text.__NVIC_EnableIRQ
                0x0800135c       0x3c ./Drivers/STM32F4xx_HAL_Driver/Src/stm32f4xx_hal_cortex.o
 .text.__NVIC_DisableIRQ
                0x08001398       0x48 ./Drivers/STM32F4xx_HAL_Driver/Src/stm32f4xx_hal_cortex.o
 .text.__NVIC_SetPriority
                0x080013e0       0x54 ./Drivers/STM32F4xx_HAL_Driver/Src/stm32f4xx_hal_cortex.o
 .text.NVIC_EncodePriority
                0x08001434       0x66 ./Drivers/STM32F4xx_HAL_Driver/Src/stm32f4xx_hal_cortex.o
 *fill*         0x0800149a        0x2 
 .text.SysTick_Config
                0x0800149c       0x44 ./Drivers/STM32F4xx_HAL_Driver/Src/stm32f4xx_hal_cortex.o
 .text.HAL_NVIC_SetPriorityGrouping
                0x080014e0       0x16 ./Drivers/STM32F4xx_HAL_Driver/Src/stm32f4xx_hal_cortex.o
                0x080014e0                HAL_NVIC_SetPriorityGrouping
 .text.HAL_NVIC_SetPriority
                0x080014f6       0x38 ./Drivers/STM32F4xx_HAL_Driver/Src/stm32f4xx_hal_cortex.o
                0x080014f6                HAL_NVIC_SetPriority
 .text.HAL_NVIC_EnableIRQ
                0x0800152e       0x1c ./Drivers/STM32F4xx_HAL_Driver/Src/stm32f4xx_hal_cortex.o
                0x0800152e                HAL_NVIC_EnableIRQ
 .text.HAL_NVIC_DisableIRQ
                0x0800154a       0x1c ./Drivers/STM32F4xx_HAL_Driver/Src/stm32f4xx_hal_cortex.o
                0x0800154a                HAL_NVIC_DisableIRQ
 .text.HAL_SYSTICK_Config
                0x08001566       0x18 ./Drivers/STM32F4xx_HAL_Driver/Src/stm32f4xx_hal_cortex.o
                0x08001566                HAL_SYSTICK_Config
 .text.HAL_EXTI_RegisterCallback
                0x0800157e       0x34 ./Drivers/STM32F4xx_HAL_Driver/Src/stm32f4xx_hal_exti.o
                0x0800157e                HAL_EXTI_RegisterCallback
 .text.HAL_EXTI_GetHandle
                0x080015b2       0x28 ./Drivers/STM32F4xx_HAL_Driver/Src/stm32f4xx_hal_exti.o
                0x080015b2                HAL_EXTI_GetHandle
 *fill*         0x080015da        0x2 
 .text.HAL_EXTI_IRQHandler
                0x080015dc       0x48 ./Drivers/STM32F4xx_HAL_Driver/Src/stm32f4xx_hal_exti.o
                0x080015dc                HAL_EXTI_IRQHandler
 .text.HAL_GPIO_Init
                0x08001624      0x308 ./Drivers/STM32F4xx_HAL_Driver/Src/stm32f4xx_hal_gpio.o
                0x08001624                HAL_GPIO_Init
 .text.HAL_GPIO_DeInit
                0x0800192c      0x1c8 ./Drivers/STM32F4xx_HAL_Driver/Src/stm32f4xx_hal_gpio.o
                0x0800192c                HAL_GPIO_DeInit
 .text.HAL_GPIO_ReadPin
                0x08001af4       0x30 ./Drivers/STM32F4xx_HAL_Driver/Src/stm32f4xx_hal_gpio.o
                0x08001af4                HAL_GPIO_ReadPin
 .text.HAL_GPIO_WritePin
                0x08001b24       0x32 ./Drivers/STM32F4xx_HAL_Driver/Src/stm32f4xx_hal_gpio.o
                0x08001b24                HAL_GPIO_WritePin
 *fill*         0x08001b56        0x2 
 .text.HAL_GPIO_EXTI_IRQHandler
                0x08001b58       0x30 ./Drivers/STM32F4xx_HAL_Driver/Src/stm32f4xx_hal_gpio.o
                0x08001b58                HAL_GPIO_EXTI_IRQHandler
 .text.HAL_GPIO_EXTI_Callback
                0x08001b88       0x16 ./Drivers/STM32F4xx_HAL_Driver/Src/stm32f4xx_hal_gpio.o
                0x08001b88                HAL_GPIO_EXTI_Callback
 *fill*         0x08001b9e        0x2 
 .text.HAL_RCC_OscConfig
                0x08001ba0      0x4f0 ./Drivers/STM32F4xx_HAL_Driver/Src/stm32f4xx_hal_rcc.o
                0x08001ba0                HAL_RCC_OscConfig
 .text.HAL_RCC_ClockConfig
                0x08002090      0x1cc ./Drivers/STM32F4xx_HAL_Driver/Src/stm32f4xx_hal_rcc.o
                0x08002090                HAL_RCC_ClockConfig
 .text.HAL_RCC_GetSysClockFreq
                0x0800225c      0x20c ./Drivers/STM32F4xx_HAL_Driver/Src/stm32f4xx_hal_rcc.o
                0x0800225c                HAL_RCC_GetSysClockFreq
 .text.HAL_RCC_GetHCLKFreq
                0x08002468       0x18 ./Drivers/STM32F4xx_HAL_Driver/Src/stm32f4xx_hal_rcc.o
                0x08002468                HAL_RCC_GetHCLKFreq
 .text.HAL_RCC_GetPCLK1Freq
                0x08002480       0x28 ./Drivers/STM32F4xx_HAL_Driver/Src/stm32f4xx_hal_rcc.o
                0x08002480                HAL_RCC_GetPCLK1Freq
 .text.HAL_RCC_GetPCLK2Freq
                0x080024a8       0x28 ./Drivers/STM32F4xx_HAL_Driver/Src/stm32f4xx_hal_rcc.o
                0x080024a8                HAL_RCC_GetPCLK2Freq
 .text.HAL_SPI_Init
                0x080024d0      0x112 ./Drivers/STM32F4xx_HAL_Driver/Src/stm32f4xx_hal_spi.o
                0x080024d0                HAL_SPI_Init
 .text.HAL_SPI_MspInit
                0x080025e2       0x14 ./Drivers/STM32F4xx_HAL_Driver/Src/stm32f4xx_hal_spi.o
                0x080025e2                HAL_SPI_MspInit
 .text.HAL_SPI_TransmitReceive
                0x080025f6      0x344 ./Drivers/STM32F4xx_HAL_Driver/Src/stm32f4xx_hal_spi.o
                0x080025f6                HAL_SPI_TransmitReceive
 .text.HAL_SPI_GetState
                0x0800293a       0x1c ./Drivers/STM32F4xx_HAL_Driver/Src/stm32f4xx_hal_spi.o
                0x0800293a                HAL_SPI_GetState
 *fill*         0x08002956        0x2 
 .text.SPI_WaitFlagStateUntilTimeout
                0x08002958      0x110 ./Drivers/STM32F4xx_HAL_Driver/Src/stm32f4xx_hal_spi.o
 .text.SPI_EndRxTxTransaction
                0x08002a68       0x84 ./Drivers/STM32F4xx_HAL_Driver/Src/stm32f4xx_hal_spi.o
 .text.HAL_UART_Init
                0x08002aec       0x9a ./Drivers/STM32F4xx_HAL_Driver/Src/stm32f4xx_hal_uart.o
                0x08002aec                HAL_UART_Init
 *fill*         0x08002b86        0x2 
 .text.UART_SetConfig
                0x08002b88      0x4e8 ./Drivers/STM32F4xx_HAL_Driver/Src/stm32f4xx_hal_uart.o
 .text.hci_reset
                0x08003070       0x52 ./Middlewares/ST/BlueNRG-2/hci/bluenrg1_hci_le.o
                0x08003070                hci_reset
 .text.aci_gap_set_discoverable
                0x080030c2      0x206 ./Middlewares/ST/BlueNRG-2/hci/controller/bluenrg1_gap_aci.o
                0x080030c2                aci_gap_set_discoverable
 .text.aci_gap_init
                0x080032c8      0x15a ./Middlewares/ST/BlueNRG-2/hci/controller/bluenrg1_gap_aci.o
                0x080032c8                aci_gap_init
 .text.aci_gatt_init
                0x08003422       0x54 ./Middlewares/ST/BlueNRG-2/hci/controller/bluenrg1_gatt_aci.o
                0x08003422                aci_gatt_init
 .text.aci_gatt_add_service
                0x08003476      0x1ac ./Middlewares/ST/BlueNRG-2/hci/controller/bluenrg1_gatt_aci.o
                0x08003476                aci_gatt_add_service
 .text.aci_gatt_add_char
                0x08003622      0x210 ./Middlewares/ST/BlueNRG-2/hci/controller/bluenrg1_gatt_aci.o
                0x08003622                aci_gatt_add_char
 .text.aci_gatt_update_char_value
                0x08003832      0x164 ./Middlewares/ST/BlueNRG-2/hci/controller/bluenrg1_gatt_aci.o
                0x08003832                aci_gatt_update_char_value
 .text.aci_hal_write_config_data
                0x08003996      0x11c ./Middlewares/ST/BlueNRG-2/hci/controller/bluenrg1_hal_aci.o
                0x08003996                aci_hal_write_config_data
 .text.verify_packet
                0x08003ab2       0x40 ./Middlewares/ST/BlueNRG-2/hci/hci_tl_patterns/Basic/hci_tl.o
 *fill*         0x08003af2        0x2 
 .text.send_cmd
                0x08003af4       0x80 ./Middlewares/ST/BlueNRG-2/hci/hci_tl_patterns/Basic/hci_tl.o
 .text.move_list
                0x08003b74       0x38 ./Middlewares/ST/BlueNRG-2/hci/hci_tl_patterns/Basic/hci_tl.o
 .text.free_event_list
                0x08003bac       0x3c ./Middlewares/ST/BlueNRG-2/hci/hci_tl_patterns/Basic/hci_tl.o
 .text.hci_init
                0x08003be8       0x84 ./Middlewares/ST/BlueNRG-2/hci/hci_tl_patterns/Basic/hci_tl.o
                0x08003be8                hci_init
 .text.hci_register_io_bus
                0x08003c6c       0x40 ./Middlewares/ST/BlueNRG-2/hci/hci_tl_patterns/Basic/hci_tl.o
                0x08003c6c                hci_register_io_bus
 .text.hci_send_req
                0x08003cac      0x230 ./Middlewares/ST/BlueNRG-2/hci/hci_tl_patterns/Basic/hci_tl.o
                0x08003cac                hci_send_req
 .text.hci_notify_asynch_evt
                0x08003edc       0x9c ./Middlewares/ST/BlueNRG-2/hci/hci_tl_patterns/Basic/hci_tl.o
                0x08003edc                hci_notify_asynch_evt
 .text.list_init_head
                0x08003f78       0x20 ./Middlewares/ST/BlueNRG-2/utils/ble_list.o
                0x08003f78                list_init_head
 .text.list_is_empty
                0x08003f98       0x44 ./Middlewares/ST/BlueNRG-2/utils/ble_list.o
                0x08003f98                list_is_empty
 .text.list_insert_head
                0x08003fdc       0x4c ./Middlewares/ST/BlueNRG-2/utils/ble_list.o
                0x08003fdc                list_insert_head
 .text.list_insert_tail
                0x08004028       0x4c ./Middlewares/ST/BlueNRG-2/utils/ble_list.o
                0x08004028                list_insert_tail
 .text.list_remove_node
                0x08004074       0x42 ./Middlewares/ST/BlueNRG-2/utils/ble_list.o
                0x08004074                list_remove_node
 .text.list_remove_head
                0x080040b6       0x4e ./Middlewares/ST/BlueNRG-2/utils/ble_list.o
                0x080040b6                list_remove_head
 .text.list_remove_tail
                0x08004104       0x4e ./Middlewares/ST/BlueNRG-2/utils/ble_list.o
                0x08004104                list_remove_tail
 .text.list_get_size
                0x08004152       0x50 ./Middlewares/ST/BlueNRG-2/utils/ble_list.o
                0x08004152                list_get_size
 *fill*         0x080041a2        0x2 
 .text.std      0x080041a4       0x6c D:/STM32CubeIDE_1.15.1/STM32CubeIDE/plugins/com.st.stm32cube.ide.mcu.externaltools.gnu-tools-for-stm32.12.3.rel1.win32_1.0.100.202403111256/tools/bin/../lib/gcc/arm-none-eabi/12.3.1/../../../../arm-none-eabi/lib/thumb/v7e-m+fp/hard\libc_nano.a(libc_a-findfp.o)
 .text.stdio_exit_handler
                0x08004210       0x18 D:/STM32CubeIDE_1.15.1/STM32CubeIDE/plugins/com.st.stm32cube.ide.mcu.externaltools.gnu-tools-for-stm32.12.3.rel1.win32_1.0.100.202403111256/tools/bin/../lib/gcc/arm-none-eabi/12.3.1/../../../../arm-none-eabi/lib/thumb/v7e-m+fp/hard\libc_nano.a(libc_a-findfp.o)
 .text.cleanup_stdio
                0x08004228       0x40 D:/STM32CubeIDE_1.15.1/STM32CubeIDE/plugins/com.st.stm32cube.ide.mcu.externaltools.gnu-tools-for-stm32.12.3.rel1.win32_1.0.100.202403111256/tools/bin/../lib/gcc/arm-none-eabi/12.3.1/../../../../arm-none-eabi/lib/thumb/v7e-m+fp/hard\libc_nano.a(libc_a-findfp.o)
 .text.global_stdio_init.part.0
                0x08004268       0x3c D:/STM32CubeIDE_1.15.1/STM32CubeIDE/plugins/com.st.stm32cube.ide.mcu.externaltools.gnu-tools-for-stm32.12.3.rel1.win32_1.0.100.202403111256/tools/bin/../lib/gcc/arm-none-eabi/12.3.1/../../../../arm-none-eabi/lib/thumb/v7e-m+fp/hard\libc_nano.a(libc_a-findfp.o)
 .text.__sfp_lock_acquire
                0x080042a4        0xc D:/STM32CubeIDE_1.15.1/STM32CubeIDE/plugins/com.st.stm32cube.ide.mcu.externaltools.gnu-tools-for-stm32.12.3.rel1.win32_1.0.100.202403111256/tools/bin/../lib/gcc/arm-none-eabi/12.3.1/../../../../arm-none-eabi/lib/thumb/v7e-m+fp/hard\libc_nano.a(libc_a-findfp.o)
                0x080042a4                __sfp_lock_acquire
 .text.__sfp_lock_release
                0x080042b0        0xc D:/STM32CubeIDE_1.15.1/STM32CubeIDE/plugins/com.st.stm32cube.ide.mcu.externaltools.gnu-tools-for-stm32.12.3.rel1.win32_1.0.100.202403111256/tools/bin/../lib/gcc/arm-none-eabi/12.3.1/../../../../arm-none-eabi/lib/thumb/v7e-m+fp/hard\libc_nano.a(libc_a-findfp.o)
                0x080042b0                __sfp_lock_release
 .text.__sinit  0x080042bc       0x30 D:/STM32CubeIDE_1.15.1/STM32CubeIDE/plugins/com.st.stm32cube.ide.mcu.externaltools.gnu-tools-for-stm32.12.3.rel1.win32_1.0.100.202403111256/tools/bin/../lib/gcc/arm-none-eabi/12.3.1/../../../../arm-none-eabi/lib/thumb/v7e-m+fp/hard\libc_nano.a(libc_a-findfp.o)
                0x080042bc                __sinit
 .text._fwalk_sglue
                0x080042ec       0x3c D:/STM32CubeIDE_1.15.1/STM32CubeIDE/plugins/com.st.stm32cube.ide.mcu.externaltools.gnu-tools-for-stm32.12.3.rel1.win32_1.0.100.202403111256/tools/bin/../lib/gcc/arm-none-eabi/12.3.1/../../../../arm-none-eabi/lib/thumb/v7e-m+fp/hard\libc_nano.a(libc_a-fwalk.o)
                0x080042ec                _fwalk_sglue
 .text._puts_r  0x08004328       0xaa D:/STM32CubeIDE_1.15.1/STM32CubeIDE/plugins/com.st.stm32cube.ide.mcu.externaltools.gnu-tools-for-stm32.12.3.rel1.win32_1.0.100.202403111256/tools/bin/../lib/gcc/arm-none-eabi/12.3.1/../../../../arm-none-eabi/lib/thumb/v7e-m+fp/hard\libc_nano.a(libc_a-puts.o)
                0x08004328                _puts_r
 *fill*         0x080043d2        0x2 
 .text.puts     0x080043d4       0x10 D:/STM32CubeIDE_1.15.1/STM32CubeIDE/plugins/com.st.stm32cube.ide.mcu.externaltools.gnu-tools-for-stm32.12.3.rel1.win32_1.0.100.202403111256/tools/bin/../lib/gcc/arm-none-eabi/12.3.1/../../../../arm-none-eabi/lib/thumb/v7e-m+fp/hard\libc_nano.a(libc_a-puts.o)
                0x080043d4                puts
 .text.__sread  0x080043e4       0x22 D:/STM32CubeIDE_1.15.1/STM32CubeIDE/plugins/com.st.stm32cube.ide.mcu.externaltools.gnu-tools-for-stm32.12.3.rel1.win32_1.0.100.202403111256/tools/bin/../lib/gcc/arm-none-eabi/12.3.1/../../../../arm-none-eabi/lib/thumb/v7e-m+fp/hard\libc_nano.a(libc_a-stdio.o)
                0x080043e4                __sread
 .text.__swrite
                0x08004406       0x38 D:/STM32CubeIDE_1.15.1/STM32CubeIDE/plugins/com.st.stm32cube.ide.mcu.externaltools.gnu-tools-for-stm32.12.3.rel1.win32_1.0.100.202403111256/tools/bin/../lib/gcc/arm-none-eabi/12.3.1/../../../../arm-none-eabi/lib/thumb/v7e-m+fp/hard\libc_nano.a(libc_a-stdio.o)
                0x08004406                __swrite
 .text.__sseek  0x0800443e       0x24 D:/STM32CubeIDE_1.15.1/STM32CubeIDE/plugins/com.st.stm32cube.ide.mcu.externaltools.gnu-tools-for-stm32.12.3.rel1.win32_1.0.100.202403111256/tools/bin/../lib/gcc/arm-none-eabi/12.3.1/../../../../arm-none-eabi/lib/thumb/v7e-m+fp/hard\libc_nano.a(libc_a-stdio.o)
                0x0800443e                __sseek
 .text.__sclose
                0x08004462        0x8 D:/STM32CubeIDE_1.15.1/STM32CubeIDE/plugins/com.st.stm32cube.ide.mcu.externaltools.gnu-tools-for-stm32.12.3.rel1.win32_1.0.100.202403111256/tools/bin/../lib/gcc/arm-none-eabi/12.3.1/../../../../arm-none-eabi/lib/thumb/v7e-m+fp/hard\libc_nano.a(libc_a-stdio.o)
                0x08004462                __sclose
 .text.__swbuf_r
                0x0800446a       0x7c D:/STM32CubeIDE_1.15.1/STM32CubeIDE/plugins/com.st.stm32cube.ide.mcu.externaltools.gnu-tools-for-stm32.12.3.rel1.win32_1.0.100.202403111256/tools/bin/../lib/gcc/arm-none-eabi/12.3.1/../../../../arm-none-eabi/lib/thumb/v7e-m+fp/hard\libc_nano.a(libc_a-wbuf.o)
                0x0800446a                __swbuf_r
 *fill*         0x080044e6        0x2 
 .text.__swsetup_r
                0x080044e8       0xac D:/STM32CubeIDE_1.15.1/STM32CubeIDE/plugins/com.st.stm32cube.ide.mcu.externaltools.gnu-tools-for-stm32.12.3.rel1.win32_1.0.100.202403111256/tools/bin/../lib/gcc/arm-none-eabi/12.3.1/../../../../arm-none-eabi/lib/thumb/v7e-m+fp/hard\libc_nano.a(libc_a-wsetup.o)
                0x080044e8                __swsetup_r
 .text.memset   0x08004594       0x10 D:/STM32CubeIDE_1.15.1/STM32CubeIDE/plugins/com.st.stm32cube.ide.mcu.externaltools.gnu-tools-for-stm32.12.3.rel1.win32_1.0.100.202403111256/tools/bin/../lib/gcc/arm-none-eabi/12.3.1/../../../../arm-none-eabi/lib/thumb/v7e-m+fp/hard\libc_nano.a(libc_a-memset.o)
                0x08004594                memset
 .text._close_r
                0x080045a4       0x20 D:/STM32CubeIDE_1.15.1/STM32CubeIDE/plugins/com.st.stm32cube.ide.mcu.externaltools.gnu-tools-for-stm32.12.3.rel1.win32_1.0.100.202403111256/tools/bin/../lib/gcc/arm-none-eabi/12.3.1/../../../../arm-none-eabi/lib/thumb/v7e-m+fp/hard\libc_nano.a(libc_a-closer.o)
                0x080045a4                _close_r
 .text._lseek_r
                0x080045c4       0x24 D:/STM32CubeIDE_1.15.1/STM32CubeIDE/plugins/com.st.stm32cube.ide.mcu.externaltools.gnu-tools-for-stm32.12.3.rel1.win32_1.0.100.202403111256/tools/bin/../lib/gcc/arm-none-eabi/12.3.1/../../../../arm-none-eabi/lib/thumb/v7e-m+fp/hard\libc_nano.a(libc_a-lseekr.o)
                0x080045c4                _lseek_r
 .text._read_r  0x080045e8       0x24 D:/STM32CubeIDE_1.15.1/STM32CubeIDE/plugins/com.st.stm32cube.ide.mcu.externaltools.gnu-tools-for-stm32.12.3.rel1.win32_1.0.100.202403111256/tools/bin/../lib/gcc/arm-none-eabi/12.3.1/../../../../arm-none-eabi/lib/thumb/v7e-m+fp/hard\libc_nano.a(libc_a-readr.o)
                0x080045e8                _read_r
 .text._write_r
                0x0800460c       0x24 D:/STM32CubeIDE_1.15.1/STM32CubeIDE/plugins/com.st.stm32cube.ide.mcu.externaltools.gnu-tools-for-stm32.12.3.rel1.win32_1.0.100.202403111256/tools/bin/../lib/gcc/arm-none-eabi/12.3.1/../../../../arm-none-eabi/lib/thumb/v7e-m+fp/hard\libc_nano.a(libc_a-writer.o)
                0x0800460c                _write_r
 .text.__errno  0x08004630        0xc D:/STM32CubeIDE_1.15.1/STM32CubeIDE/plugins/com.st.stm32cube.ide.mcu.externaltools.gnu-tools-for-stm32.12.3.rel1.win32_1.0.100.202403111256/tools/bin/../lib/gcc/arm-none-eabi/12.3.1/../../../../arm-none-eabi/lib/thumb/v7e-m+fp/hard\libc_nano.a(libc_a-errno.o)
                0x08004630                __errno
 .text.__libc_init_array
                0x0800463c       0x48 D:/STM32CubeIDE_1.15.1/STM32CubeIDE/plugins/com.st.stm32cube.ide.mcu.externaltools.gnu-tools-for-stm32.12.3.rel1.win32_1.0.100.202403111256/tools/bin/../lib/gcc/arm-none-eabi/12.3.1/../../../../arm-none-eabi/lib/thumb/v7e-m+fp/hard\libc_nano.a(libc_a-init.o)
                0x0800463c                __libc_init_array
 .text.__retarget_lock_init_recursive
                0x08004684        0x2 D:/STM32CubeIDE_1.15.1/STM32CubeIDE/plugins/com.st.stm32cube.ide.mcu.externaltools.gnu-tools-for-stm32.12.3.rel1.win32_1.0.100.202403111256/tools/bin/../lib/gcc/arm-none-eabi/12.3.1/../../../../arm-none-eabi/lib/thumb/v7e-m+fp/hard\libc_nano.a(libc_a-lock.o)
                0x08004684                __retarget_lock_init_recursive
 .text.__retarget_lock_acquire_recursive
                0x08004686        0x2 D:/STM32CubeIDE_1.15.1/STM32CubeIDE/plugins/com.st.stm32cube.ide.mcu.externaltools.gnu-tools-for-stm32.12.3.rel1.win32_1.0.100.202403111256/tools/bin/../lib/gcc/arm-none-eabi/12.3.1/../../../../arm-none-eabi/lib/thumb/v7e-m+fp/hard\libc_nano.a(libc_a-lock.o)
                0x08004686                __retarget_lock_acquire_recursive
 .text.__retarget_lock_release_recursive
                0x08004688        0x2 D:/STM32CubeIDE_1.15.1/STM32CubeIDE/plugins/com.st.stm32cube.ide.mcu.externaltools.gnu-tools-for-stm32.12.3.rel1.win32_1.0.100.202403111256/tools/bin/../lib/gcc/arm-none-eabi/12.3.1/../../../../arm-none-eabi/lib/thumb/v7e-m+fp/hard\libc_nano.a(libc_a-lock.o)
                0x08004688                __retarget_lock_release_recursive
 .text.memcpy   0x0800468a       0x1c D:/STM32CubeIDE_1.15.1/STM32CubeIDE/plugins/com.st.stm32cube.ide.mcu.externaltools.gnu-tools-for-stm32.12.3.rel1.win32_1.0.100.202403111256/tools/bin/../lib/gcc/arm-none-eabi/12.3.1/../../../../arm-none-eabi/lib/thumb/v7e-m+fp/hard\libc_nano.a(libc_a-memcpy-stub.o)
                0x0800468a                memcpy
 *fill*         0x080046a6        0x2 
 .text._free_r  0x080046a8       0x94 D:/STM32CubeIDE_1.15.1/STM32CubeIDE/plugins/com.st.stm32cube.ide.mcu.externaltools.gnu-tools-for-stm32.12.3.rel1.win32_1.0.100.202403111256/tools/bin/../lib/gcc/arm-none-eabi/12.3.1/../../../../arm-none-eabi/lib/thumb/v7e-m+fp/hard\libc_nano.a(libc_a-freer.o)
                0x080046a8                _free_r
 .text.sbrk_aligned
                0x0800473c       0x44 D:/STM32CubeIDE_1.15.1/STM32CubeIDE/plugins/com.st.stm32cube.ide.mcu.externaltools.gnu-tools-for-stm32.12.3.rel1.win32_1.0.100.202403111256/tools/bin/../lib/gcc/arm-none-eabi/12.3.1/../../../../arm-none-eabi/lib/thumb/v7e-m+fp/hard\libc_nano.a(libc_a-mallocr.o)
 .text._malloc_r
                0x08004780      0x100 D:/STM32CubeIDE_1.15.1/STM32CubeIDE/plugins/com.st.stm32cube.ide.mcu.externaltools.gnu-tools-for-stm32.12.3.rel1.win32_1.0.100.202403111256/tools/bin/../lib/gcc/arm-none-eabi/12.3.1/../../../../arm-none-eabi/lib/thumb/v7e-m+fp/hard\libc_nano.a(libc_a-mallocr.o)
                0x08004780                _malloc_r
 .text.__malloc_lock
                0x08004880        0xc D:/STM32CubeIDE_1.15.1/STM32CubeIDE/plugins/com.st.stm32cube.ide.mcu.externaltools.gnu-tools-for-stm32.12.3.rel1.win32_1.0.100.202403111256/tools/bin/../lib/gcc/arm-none-eabi/12.3.1/../../../../arm-none-eabi/lib/thumb/v7e-m+fp/hard\libc_nano.a(libc_a-mlock.o)
                0x08004880                __malloc_lock
 .text.__malloc_unlock
                0x0800488c        0xc D:/STM32CubeIDE_1.15.1/STM32CubeIDE/plugins/com.st.stm32cube.ide.mcu.externaltools.gnu-tools-for-stm32.12.3.rel1.win32_1.0.100.202403111256/tools/bin/../lib/gcc/arm-none-eabi/12.3.1/../../../../arm-none-eabi/lib/thumb/v7e-m+fp/hard\libc_nano.a(libc_a-mlock.o)
                0x0800488c                __malloc_unlock
 .text.__sflush_r
                0x08004898      0x108 D:/STM32CubeIDE_1.15.1/STM32CubeIDE/plugins/com.st.stm32cube.ide.mcu.externaltools.gnu-tools-for-stm32.12.3.rel1.win32_1.0.100.202403111256/tools/bin/../lib/gcc/arm-none-eabi/12.3.1/../../../../arm-none-eabi/lib/thumb/v7e-m+fp/hard\libc_nano.a(libc_a-fflush.o)
                0x08004898                __sflush_r
 .text._fflush_r
                0x080049a0       0x50 D:/STM32CubeIDE_1.15.1/STM32CubeIDE/plugins/com.st.stm32cube.ide.mcu.externaltools.gnu-tools-for-stm32.12.3.rel1.win32_1.0.100.202403111256/tools/bin/../lib/gcc/arm-none-eabi/12.3.1/../../../../arm-none-eabi/lib/thumb/v7e-m+fp/hard\libc_nano.a(libc_a-fflush.o)
                0x080049a0                _fflush_r
 .text.__swhatbuf_r
                0x080049f0       0x4c D:/STM32CubeIDE_1.15.1/STM32CubeIDE/plugins/com.st.stm32cube.ide.mcu.externaltools.gnu-tools-for-stm32.12.3.rel1.win32_1.0.100.202403111256/tools/bin/../lib/gcc/arm-none-eabi/12.3.1/../../../../arm-none-eabi/lib/thumb/v7e-m+fp/hard\libc_nano.a(libc_a-makebuf.o)
                0x080049f0                __swhatbuf_r
 .text.__smakebuf_r
                0x08004a3c       0x78 D:/STM32CubeIDE_1.15.1/STM32CubeIDE/plugins/com.st.stm32cube.ide.mcu.externaltools.gnu-tools-for-stm32.12.3.rel1.win32_1.0.100.202403111256/tools/bin/../lib/gcc/arm-none-eabi/12.3.1/../../../../arm-none-eabi/lib/thumb/v7e-m+fp/hard\libc_nano.a(libc_a-makebuf.o)
                0x08004a3c                __smakebuf_r
 .text._fstat_r
                0x08004ab4       0x24 D:/STM32CubeIDE_1.15.1/STM32CubeIDE/plugins/com.st.stm32cube.ide.mcu.externaltools.gnu-tools-for-stm32.12.3.rel1.win32_1.0.100.202403111256/tools/bin/../lib/gcc/arm-none-eabi/12.3.1/../../../../arm-none-eabi/lib/thumb/v7e-m+fp/hard\libc_nano.a(libc_a-fstatr.o)
                0x08004ab4                _fstat_r
 .text._isatty_r
                0x08004ad8       0x20 D:/STM32CubeIDE_1.15.1/STM32CubeIDE/plugins/com.st.stm32cube.ide.mcu.externaltools.gnu-tools-for-stm32.12.3.rel1.win32_1.0.100.202403111256/tools/bin/../lib/gcc/arm-none-eabi/12.3.1/../../../../arm-none-eabi/lib/thumb/v7e-m+fp/hard\libc_nano.a(libc_a-isattyr.o)
                0x08004ad8                _isatty_r
 .text._sbrk_r  0x08004af8       0x20 D:/STM32CubeIDE_1.15.1/STM32CubeIDE/plugins/com.st.stm32cube.ide.mcu.externaltools.gnu-tools-for-stm32.12.3.rel1.win32_1.0.100.202403111256/tools/bin/../lib/gcc/arm-none-eabi/12.3.1/../../../../arm-none-eabi/lib/thumb/v7e-m+fp/hard\libc_nano.a(libc_a-sbrkr.o)
                0x08004af8                _sbrk_r
 *(.glue_7)
 .glue_7        0x08004b18        0x0 linker stubs
 *(.glue_7t)
 .glue_7t       0x08004b18        0x0 linker stubs
 *(.eh_frame)
 .eh_frame      0x08004b18        0x0 D:/STM32CubeIDE_1.15.1/STM32CubeIDE/plugins/com.st.stm32cube.ide.mcu.externaltools.gnu-tools-for-stm32.12.3.rel1.win32_1.0.100.202403111256/tools/bin/../lib/gcc/arm-none-eabi/12.3.1/thumb/v7e-m+fp/hard/crtbegin.o
 *(.init)
 .init          0x08004b18        0x4 D:/STM32CubeIDE_1.15.1/STM32CubeIDE/plugins/com.st.stm32cube.ide.mcu.externaltools.gnu-tools-for-stm32.12.3.rel1.win32_1.0.100.202403111256/tools/bin/../lib/gcc/arm-none-eabi/12.3.1/thumb/v7e-m+fp/hard/crti.o
                0x08004b18                _init
 .init          0x08004b1c        0x8 D:/STM32CubeIDE_1.15.1/STM32CubeIDE/plugins/com.st.stm32cube.ide.mcu.externaltools.gnu-tools-for-stm32.12.3.rel1.win32_1.0.100.202403111256/tools/bin/../lib/gcc/arm-none-eabi/12.3.1/thumb/v7e-m+fp/hard/crtn.o
 *(.fini)
 .fini          0x08004b24        0x4 D:/STM32CubeIDE_1.15.1/STM32CubeIDE/plugins/com.st.stm32cube.ide.mcu.externaltools.gnu-tools-for-stm32.12.3.rel1.win32_1.0.100.202403111256/tools/bin/../lib/gcc/arm-none-eabi/12.3.1/thumb/v7e-m+fp/hard/crti.o
                0x08004b24                _fini
 .fini          0x08004b28        0x8 D:/STM32CubeIDE_1.15.1/STM32CubeIDE/plugins/com.st.stm32cube.ide.mcu.externaltools.gnu-tools-for-stm32.12.3.rel1.win32_1.0.100.202403111256/tools/bin/../lib/gcc/arm-none-eabi/12.3.1/thumb/v7e-m+fp/hard/crtn.o
                0x08004b30                        . = ALIGN (0x4)
                0x08004b30                        _etext = .

.vfp11_veneer   0x08004b30        0x0
 .vfp11_veneer  0x08004b30        0x0 linker stubs

.v4_bx          0x08004b30        0x0
 .v4_bx         0x08004b30        0x0 linker stubs

.iplt           0x08004b30        0x0
 .iplt          0x08004b30        0x0 D:/STM32CubeIDE_1.15.1/STM32CubeIDE/plugins/com.st.stm32cube.ide.mcu.externaltools.gnu-tools-for-stm32.12.3.rel1.win32_1.0.100.202403111256/tools/bin/../lib/gcc/arm-none-eabi/12.3.1/thumb/v7e-m+fp/hard/crtbegin.o

.rodata         0x08004b30      0x148
                0x08004b30                        . = ALIGN (0x4)
 *(.rodata)
 .rodata        0x08004b30        0xd ./BlueNRG-2/Target/hci_tl_interface.o
 *fill*         0x08004b3d        0x3 
 .rodata        0x08004b40       0xc9 ./Core/Src/app_bluenrg.o
 *fill*         0x08004c09        0x3 
 .rodata        0x08004c0c       0x12 ./Core/Src/main.o
 *fill*         0x08004c1e        0x2 
 .rodata        0x08004c20       0x1d ./Core/Src/services.o
 *(.rodata*)
 *fill*         0x08004c3d        0x3 
 .rodata.SERVICE_UUID
                0x08004c40       0x10 ./Core/Src/services.o
                0x08004c40                SERVICE_UUID
 .rodata.char_uuid
                0x08004c50       0x10 ./Core/Src/services.o
                0x08004c50                char_uuid
 .rodata.AHBPrescTable
                0x08004c60       0x10 ./Core/Src/system_stm32f4xx.o
                0x08004c60                AHBPrescTable
 .rodata.APBPrescTable
                0x08004c70        0x8 ./Core/Src/system_stm32f4xx.o
                0x08004c70                APBPrescTable
                0x08004c78                        . = ALIGN (0x4)

.ARM.extab      0x08004c78        0x0
                0x08004c78                        . = ALIGN (0x4)
 *(.ARM.extab* .gnu.linkonce.armextab.*)
                0x08004c78                        . = ALIGN (0x4)

.ARM            0x08004c78        0x8
                0x08004c78                        . = ALIGN (0x4)
                0x08004c78                        __exidx_start = .
 *(.ARM.exidx*)
 .ARM.exidx     0x08004c78        0x8 D:/STM32CubeIDE_1.15.1/STM32CubeIDE/plugins/com.st.stm32cube.ide.mcu.externaltools.gnu-tools-for-stm32.12.3.rel1.win32_1.0.100.202403111256/tools/bin/../lib/gcc/arm-none-eabi/12.3.1/../../../../arm-none-eabi/lib/thumb/v7e-m+fp/hard\libc_nano.a(libc_a-strlen.o)
 .ARM.exidx     0x08004c80        0x0 D:/STM32CubeIDE_1.15.1/STM32CubeIDE/plugins/com.st.stm32cube.ide.mcu.externaltools.gnu-tools-for-stm32.12.3.rel1.win32_1.0.100.202403111256/tools/bin/../lib/gcc/arm-none-eabi/12.3.1/thumb/v7e-m+fp/hard\libgcc.a(_udivmoddi4.o)
                                  0x8 (size before relaxing)
                0x08004c80                        __exidx_end = .
                0x08004c80                        . = ALIGN (0x4)

.rel.dyn        0x08004c80        0x0
 .rel.iplt      0x08004c80        0x0 D:/STM32CubeIDE_1.15.1/STM32CubeIDE/plugins/com.st.stm32cube.ide.mcu.externaltools.gnu-tools-for-stm32.12.3.rel1.win32_1.0.100.202403111256/tools/bin/../lib/gcc/arm-none-eabi/12.3.1/thumb/v7e-m+fp/hard/crtbegin.o

.preinit_array  0x08004c80        0x0
                0x08004c80                        . = ALIGN (0x4)
                0x08004c80                        PROVIDE (__preinit_array_start = .)
 *(.preinit_array*)
                0x08004c80                        PROVIDE (__preinit_array_end = .)
                0x08004c80                        . = ALIGN (0x4)

.init_array     0x08004c80        0x4
                0x08004c80                        . = ALIGN (0x4)
                0x08004c80                        PROVIDE (__init_array_start = .)
 *(SORT_BY_NAME(.init_array.*))
 *(.init_array*)
 .init_array    0x08004c80        0x4 D:/STM32CubeIDE_1.15.1/STM32CubeIDE/plugins/com.st.stm32cube.ide.mcu.externaltools.gnu-tools-for-stm32.12.3.rel1.win32_1.0.100.202403111256/tools/bin/../lib/gcc/arm-none-eabi/12.3.1/thumb/v7e-m+fp/hard/crtbegin.o
                0x08004c84                        PROVIDE (__init_array_end = .)
                0x08004c84                        . = ALIGN (0x4)

.fini_array     0x08004c84        0x4
                0x08004c84                        . = ALIGN (0x4)
                [!provide]                        PROVIDE (__fini_array_start = .)
 *(SORT_BY_NAME(.fini_array.*))
 *(.fini_array*)
 .fini_array    0x08004c84        0x4 D:/STM32CubeIDE_1.15.1/STM32CubeIDE/plugins/com.st.stm32cube.ide.mcu.externaltools.gnu-tools-for-stm32.12.3.rel1.win32_1.0.100.202403111256/tools/bin/../lib/gcc/arm-none-eabi/12.3.1/thumb/v7e-m+fp/hard/crtbegin.o
                [!provide]                        PROVIDE (__fini_array_end = .)
                0x08004c88                        . = ALIGN (0x4)
                0x08004c88                        _sidata = LOADADDR (.data)

.data           0x20000000       0x70 load address 0x08004c88
                0x20000000                        . = ALIGN (0x4)
                0x20000000                        _sdata = .
 *(.data)
 *(.data*)
 .data.SERVER_BDARR
                0x20000000        0x6 ./Core/Src/app_bluenrg.o
                0x20000000                SERVER_BDARR
 *fill*         0x20000006        0x2 
 .data.SystemCoreClock
                0x20000008        0x4 ./Core/Src/system_stm32f4xx.o
                0x20000008                SystemCoreClock
 .data.uwTickPrio
                0x2000000c        0x4 ./Drivers/STM32F4xx_HAL_Driver/Src/stm32f4xx_hal.o
                0x2000000c                uwTickPrio
 .data.uwTickFreq
                0x20000010        0x1 ./Drivers/STM32F4xx_HAL_Driver/Src/stm32f4xx_hal.o
                0x20000010                uwTickFreq
 *fill*         0x20000011        0x3 
 .data.__sglue  0x20000014        0xc D:/STM32CubeIDE_1.15.1/STM32CubeIDE/plugins/com.st.stm32cube.ide.mcu.externaltools.gnu-tools-for-stm32.12.3.rel1.win32_1.0.100.202403111256/tools/bin/../lib/gcc/arm-none-eabi/12.3.1/../../../../arm-none-eabi/lib/thumb/v7e-m+fp/hard\libc_nano.a(libc_a-findfp.o)
                0x20000014                __sglue
 .data._impure_ptr
                0x20000020        0x4 D:/STM32CubeIDE_1.15.1/STM32CubeIDE/plugins/com.st.stm32cube.ide.mcu.externaltools.gnu-tools-for-stm32.12.3.rel1.win32_1.0.100.202403111256/tools/bin/../lib/gcc/arm-none-eabi/12.3.1/../../../../arm-none-eabi/lib/thumb/v7e-m+fp/hard\libc_nano.a(libc_a-impure.o)
                0x20000020                _impure_ptr
 .data._impure_data
                0x20000024       0x4c D:/STM32CubeIDE_1.15.1/STM32CubeIDE/plugins/com.st.stm32cube.ide.mcu.externaltools.gnu-tools-for-stm32.12.3.rel1.win32_1.0.100.202403111256/tools/bin/../lib/gcc/arm-none-eabi/12.3.1/../../../../arm-none-eabi/lib/thumb/v7e-m+fp/hard\libc_nano.a(libc_a-impure.o)
                0x20000024                _impure_data
 *(.RamFunc)
 *(.RamFunc*)
                0x20000070                        . = ALIGN (0x4)
                0x20000070                        _edata = .

.igot.plt       0x20000070        0x0 load address 0x08004cf8
 .igot.plt      0x20000070        0x0 D:/STM32CubeIDE_1.15.1/STM32CubeIDE/plugins/com.st.stm32cube.ide.mcu.externaltools.gnu-tools-for-stm32.12.3.rel1.win32_1.0.100.202403111256/tools/bin/../lib/gcc/arm-none-eabi/12.3.1/thumb/v7e-m+fp/hard/crtbegin.o
                0x20000070                        . = ALIGN (0x4)

.bss            0x20000070      0x8c4 load address 0x08004cf8
                0x20000070                        _sbss = .
                0x20000070                        __bss_start__ = _sbss
 *(.bss)
 .bss           0x20000070       0x1c D:/STM32CubeIDE_1.15.1/STM32CubeIDE/plugins/com.st.stm32cube.ide.mcu.externaltools.gnu-tools-for-stm32.12.3.rel1.win32_1.0.100.202403111256/tools/bin/../lib/gcc/arm-none-eabi/12.3.1/thumb/v7e-m+fp/hard/crtbegin.o
 *(.bss*)
 .bss.hexti0    0x2000008c        0x8 ./BlueNRG-2/Target/hci_tl_interface.o
                0x2000008c                hexti0
 .bss.read_char_buf.0
                0x20000094       0xff ./BlueNRG-2/Target/hci_tl_interface.o
 *fill*         0x20000193        0x1 
 .bss.huart2    0x20000194       0x44 ./Core/Src/main.o
                0x20000194                huart2
 .bss.my_service_handle
                0x200001d8        0x2 ./Core/Src/services.o
                0x200001d8                my_service_handle
 .bss.my_char_handle
                0x200001da        0x2 ./Core/Src/services.o
                0x200001da                my_char_handle
 .bss.hspi1     0x200001dc       0x58 ./Core/Src/stm32f4xx_nucleo_bus.o
                0x200001dc                hspi1
 .bss.SPI1InitCounter
                0x20000234        0x4 ./Core/Src/stm32f4xx_nucleo_bus.o
 .bss.__sbrk_heap_end
                0x20000238        0x4 ./Core/Src/sysmem.o
 .bss.uwTick    0x2000023c        0x4 ./Drivers/STM32F4xx_HAL_Driver/Src/stm32f4xx_hal.o
                0x2000023c                uwTick
 .bss.hciReadPktPool
                0x20000240        0x8 ./Middlewares/ST/BlueNRG-2/hci/hci_tl_patterns/Basic/hci_tl.o
                0x20000240                hciReadPktPool
 .bss.hciReadPktRxQueue
                0x20000248        0x8 ./Middlewares/ST/BlueNRG-2/hci/hci_tl_patterns/Basic/hci_tl.o
                0x20000248                hciReadPktRxQueue
 .bss.hciReadPacketBuffer
                0x20000250      0x578 ./Middlewares/ST/BlueNRG-2/hci/hci_tl_patterns/Basic/hci_tl.o
 .bss.hciContext
                0x200007c8       0x20 ./Middlewares/ST/BlueNRG-2/hci/hci_tl_patterns/Basic/hci_tl.o
 .bss.__sf      0x200007e8      0x138 D:/STM32CubeIDE_1.15.1/STM32CubeIDE/plugins/com.st.stm32cube.ide.mcu.externaltools.gnu-tools-for-stm32.12.3.rel1.win32_1.0.100.202403111256/tools/bin/../lib/gcc/arm-none-eabi/12.3.1/../../../../arm-none-eabi/lib/thumb/v7e-m+fp/hard\libc_nano.a(libc_a-findfp.o)
                0x200007e8                __sf
 .bss.__stdio_exit_handler
                0x20000920        0x4 D:/STM32CubeIDE_1.15.1/STM32CubeIDE/plugins/com.st.stm32cube.ide.mcu.externaltools.gnu-tools-for-stm32.12.3.rel1.win32_1.0.100.202403111256/tools/bin/../lib/gcc/arm-none-eabi/12.3.1/../../../../arm-none-eabi/lib/thumb/v7e-m+fp/hard\libc_nano.a(libc_a-findfp.o)
                0x20000920                __stdio_exit_handler
 .bss.errno     0x20000924        0x4 D:/STM32CubeIDE_1.15.1/STM32CubeIDE/plugins/com.st.stm32cube.ide.mcu.externaltools.gnu-tools-for-stm32.12.3.rel1.win32_1.0.100.202403111256/tools/bin/../lib/gcc/arm-none-eabi/12.3.1/../../../../arm-none-eabi/lib/thumb/v7e-m+fp/hard\libc_nano.a(libc_a-reent.o)
                0x20000924                errno
 .bss.__lock___malloc_recursive_mutex
                0x20000928        0x1 D:/STM32CubeIDE_1.15.1/STM32CubeIDE/plugins/com.st.stm32cube.ide.mcu.externaltools.gnu-tools-for-stm32.12.3.rel1.win32_1.0.100.202403111256/tools/bin/../lib/gcc/arm-none-eabi/12.3.1/../../../../arm-none-eabi/lib/thumb/v7e-m+fp/hard\libc_nano.a(libc_a-lock.o)
                0x20000928                __lock___malloc_recursive_mutex
 .bss.__lock___sfp_recursive_mutex
                0x20000929        0x1 D:/STM32CubeIDE_1.15.1/STM32CubeIDE/plugins/com.st.stm32cube.ide.mcu.externaltools.gnu-tools-for-stm32.12.3.rel1.win32_1.0.100.202403111256/tools/bin/../lib/gcc/arm-none-eabi/12.3.1/../../../../arm-none-eabi/lib/thumb/v7e-m+fp/hard\libc_nano.a(libc_a-lock.o)
                0x20000929                __lock___sfp_recursive_mutex
 *fill*         0x2000092a        0x2 
 .bss.__malloc_sbrk_start
                0x2000092c        0x4 D:/STM32CubeIDE_1.15.1/STM32CubeIDE/plugins/com.st.stm32cube.ide.mcu.externaltools.gnu-tools-for-stm32.12.3.rel1.win32_1.0.100.202403111256/tools/bin/../lib/gcc/arm-none-eabi/12.3.1/../../../../arm-none-eabi/lib/thumb/v7e-m+fp/hard\libc_nano.a(libc_a-mallocr.o)
                0x2000092c                __malloc_sbrk_start
 .bss.__malloc_free_list
                0x20000930        0x4 D:/STM32CubeIDE_1.15.1/STM32CubeIDE/plugins/com.st.stm32cube.ide.mcu.externaltools.gnu-tools-for-stm32.12.3.rel1.win32_1.0.100.202403111256/tools/bin/../lib/gcc/arm-none-eabi/12.3.1/../../../../arm-none-eabi/lib/thumb/v7e-m+fp/hard\libc_nano.a(libc_a-mallocr.o)
                0x20000930                __malloc_free_list
 *(COMMON)
                0x20000934                        . = ALIGN (0x4)
                0x20000934                        _ebss = .
                0x20000934                        __bss_end__ = _ebss

._user_heap_stack
                0x20000934      0x604 load address 0x08004cf8
                0x20000938                        . = ALIGN (0x8)
 *fill*         0x20000934        0x4 
                [!provide]                        PROVIDE (end = .)
                0x20000938                        PROVIDE (_end = .)
                0x20000b38                        . = (. + _Min_Heap_Size)
 *fill*         0x20000938      0x200 
                0x20000f38                        . = (. + _Min_Stack_Size)
 *fill*         0x20000b38      0x400 
                0x20000f38                        . = ALIGN (0x8)

/DISCARD/
 libc.a(*)
 libm.a(*)
 libgcc.a(*)

.ARM.attributes
                0x00000000       0x30
 *(.ARM.attributes)
 .ARM.attributes
                0x00000000       0x22 D:/STM32CubeIDE_1.15.1/STM32CubeIDE/plugins/com.st.stm32cube.ide.mcu.externaltools.gnu-tools-for-stm32.12.3.rel1.win32_1.0.100.202403111256/tools/bin/../lib/gcc/arm-none-eabi/12.3.1/thumb/v7e-m+fp/hard/crti.o
 .ARM.attributes
                0x00000022       0x34 D:/STM32CubeIDE_1.15.1/STM32CubeIDE/plugins/com.st.stm32cube.ide.mcu.externaltools.gnu-tools-for-stm32.12.3.rel1.win32_1.0.100.202403111256/tools/bin/../lib/gcc/arm-none-eabi/12.3.1/thumb/v7e-m+fp/hard/crtbegin.o
 .ARM.attributes
                0x00000056       0x34 ./BlueNRG-2/Target/hci_tl_interface.o
 .ARM.attributes
                0x0000008a       0x34 ./Core/Src/app_bluenrg.o
 .ARM.attributes
                0x000000be       0x34 ./Core/Src/main.o
 .ARM.attributes
                0x000000f2       0x34 ./Core/Src/services.o
 .ARM.attributes
                0x00000126       0x34 ./Core/Src/stm32f4xx_hal_msp.o
 .ARM.attributes
                0x0000015a       0x34 ./Core/Src/stm32f4xx_it.o
 .ARM.attributes
                0x0000018e       0x34 ./Core/Src/stm32f4xx_nucleo_bus.o
 .ARM.attributes
                0x000001c2       0x34 ./Core/Src/syscalls.o
 .ARM.attributes
                0x000001f6       0x34 ./Core/Src/sysmem.o
 .ARM.attributes
                0x0000022a       0x34 ./Core/Src/system_stm32f4xx.o
 .ARM.attributes
                0x0000025e       0x21 ./Core/Startup/startup_stm32f411retx.o
 .ARM.attributes
                0x0000027f       0x34 ./Drivers/STM32F4xx_HAL_Driver/Src/stm32f4xx_hal.o
 .ARM.attributes
                0x000002b3       0x34 ./Drivers/STM32F4xx_HAL_Driver/Src/stm32f4xx_hal_cortex.o
 .ARM.attributes
                0x000002e7       0x34 ./Drivers/STM32F4xx_HAL_Driver/Src/stm32f4xx_hal_exti.o
 .ARM.attributes
                0x0000031b       0x34 ./Drivers/STM32F4xx_HAL_Driver/Src/stm32f4xx_hal_gpio.o
 .ARM.attributes
                0x0000034f       0x34 ./Drivers/STM32F4xx_HAL_Driver/Src/stm32f4xx_hal_rcc.o
 .ARM.attributes
                0x00000383       0x34 ./Drivers/STM32F4xx_HAL_Driver/Src/stm32f4xx_hal_spi.o
 .ARM.attributes
                0x000003b7       0x34 ./Drivers/STM32F4xx_HAL_Driver/Src/stm32f4xx_hal_uart.o
 .ARM.attributes
                0x000003eb       0x34 ./Middlewares/ST/BlueNRG-2/hci/bluenrg1_hci_le.o
 .ARM.attributes
                0x0000041f       0x34 ./Middlewares/ST/BlueNRG-2/hci/controller/bluenrg1_gap_aci.o
 .ARM.attributes
                0x00000453       0x34 ./Middlewares/ST/BlueNRG-2/hci/controller/bluenrg1_gatt_aci.o
 .ARM.attributes
                0x00000487       0x34 ./Middlewares/ST/BlueNRG-2/hci/controller/bluenrg1_hal_aci.o
 .ARM.attributes
                0x000004bb       0x34 ./Middlewares/ST/BlueNRG-2/hci/hci_tl_patterns/Basic/hci_tl.o
 .ARM.attributes
                0x000004ef       0x34 ./Middlewares/ST/BlueNRG-2/utils/ble_list.o
 .ARM.attributes
                0x00000523       0x34 D:/STM32CubeIDE_1.15.1/STM32CubeIDE/plugins/com.st.stm32cube.ide.mcu.externaltools.gnu-tools-for-stm32.12.3.rel1.win32_1.0.100.202403111256/tools/bin/../lib/gcc/arm-none-eabi/12.3.1/../../../../arm-none-eabi/lib/thumb/v7e-m+fp/hard\libc_nano.a(libc_a-findfp.o)
 .ARM.attributes
                0x00000557       0x34 D:/STM32CubeIDE_1.15.1/STM32CubeIDE/plugins/com.st.stm32cube.ide.mcu.externaltools.gnu-tools-for-stm32.12.3.rel1.win32_1.0.100.202403111256/tools/bin/../lib/gcc/arm-none-eabi/12.3.1/../../../../arm-none-eabi/lib/thumb/v7e-m+fp/hard\libc_nano.a(libc_a-fwalk.o)
 .ARM.attributes
                0x0000058b       0x34 D:/STM32CubeIDE_1.15.1/STM32CubeIDE/plugins/com.st.stm32cube.ide.mcu.externaltools.gnu-tools-for-stm32.12.3.rel1.win32_1.0.100.202403111256/tools/bin/../lib/gcc/arm-none-eabi/12.3.1/../../../../arm-none-eabi/lib/thumb/v7e-m+fp/hard\libc_nano.a(libc_a-puts.o)
 .ARM.attributes
                0x000005bf       0x34 D:/STM32CubeIDE_1.15.1/STM32CubeIDE/plugins/com.st.stm32cube.ide.mcu.externaltools.gnu-tools-for-stm32.12.3.rel1.win32_1.0.100.202403111256/tools/bin/../lib/gcc/arm-none-eabi/12.3.1/../../../../arm-none-eabi/lib/thumb/v7e-m+fp/hard\libc_nano.a(libc_a-stdio.o)
 .ARM.attributes
                0x000005f3       0x34 D:/STM32CubeIDE_1.15.1/STM32CubeIDE/plugins/com.st.stm32cube.ide.mcu.externaltools.gnu-tools-for-stm32.12.3.rel1.win32_1.0.100.202403111256/tools/bin/../lib/gcc/arm-none-eabi/12.3.1/../../../../arm-none-eabi/lib/thumb/v7e-m+fp/hard\libc_nano.a(libc_a-wbuf.o)
 .ARM.attributes
                0x00000627       0x34 D:/STM32CubeIDE_1.15.1/STM32CubeIDE/plugins/com.st.stm32cube.ide.mcu.externaltools.gnu-tools-for-stm32.12.3.rel1.win32_1.0.100.202403111256/tools/bin/../lib/gcc/arm-none-eabi/12.3.1/../../../../arm-none-eabi/lib/thumb/v7e-m+fp/hard\libc_nano.a(libc_a-wsetup.o)
 .ARM.attributes
                0x0000065b       0x34 D:/STM32CubeIDE_1.15.1/STM32CubeIDE/plugins/com.st.stm32cube.ide.mcu.externaltools.gnu-tools-for-stm32.12.3.rel1.win32_1.0.100.202403111256/tools/bin/../lib/gcc/arm-none-eabi/12.3.1/../../../../arm-none-eabi/lib/thumb/v7e-m+fp/hard\libc_nano.a(libc_a-memset.o)
 .ARM.attributes
                0x0000068f       0x34 D:/STM32CubeIDE_1.15.1/STM32CubeIDE/plugins/com.st.stm32cube.ide.mcu.externaltools.gnu-tools-for-stm32.12.3.rel1.win32_1.0.100.202403111256/tools/bin/../lib/gcc/arm-none-eabi/12.3.1/../../../../arm-none-eabi/lib/thumb/v7e-m+fp/hard\libc_nano.a(libc_a-closer.o)
 .ARM.attributes
                0x000006c3       0x34 D:/STM32CubeIDE_1.15.1/STM32CubeIDE/plugins/com.st.stm32cube.ide.mcu.externaltools.gnu-tools-for-stm32.12.3.rel1.win32_1.0.100.202403111256/tools/bin/../lib/gcc/arm-none-eabi/12.3.1/../../../../arm-none-eabi/lib/thumb/v7e-m+fp/hard\libc_nano.a(libc_a-reent.o)
 .ARM.attributes
                0x000006f7       0x34 D:/STM32CubeIDE_1.15.1/STM32CubeIDE/plugins/com.st.stm32cube.ide.mcu.externaltools.gnu-tools-for-stm32.12.3.rel1.win32_1.0.100.202403111256/tools/bin/../lib/gcc/arm-none-eabi/12.3.1/../../../../arm-none-eabi/lib/thumb/v7e-m+fp/hard\libc_nano.a(libc_a-impure.o)
 .ARM.attributes
                0x0000072b       0x34 D:/STM32CubeIDE_1.15.1/STM32CubeIDE/plugins/com.st.stm32cube.ide.mcu.externaltools.gnu-tools-for-stm32.12.3.rel1.win32_1.0.100.202403111256/tools/bin/../lib/gcc/arm-none-eabi/12.3.1/../../../../arm-none-eabi/lib/thumb/v7e-m+fp/hard\libc_nano.a(libc_a-lseekr.o)
 .ARM.attributes
                0x0000075f       0x34 D:/STM32CubeIDE_1.15.1/STM32CubeIDE/plugins/com.st.stm32cube.ide.mcu.externaltools.gnu-tools-for-stm32.12.3.rel1.win32_1.0.100.202403111256/tools/bin/../lib/gcc/arm-none-eabi/12.3.1/../../../../arm-none-eabi/lib/thumb/v7e-m+fp/hard\libc_nano.a(libc_a-readr.o)
 .ARM.attributes
                0x00000793       0x34 D:/STM32CubeIDE_1.15.1/STM32CubeIDE/plugins/com.st.stm32cube.ide.mcu.externaltools.gnu-tools-for-stm32.12.3.rel1.win32_1.0.100.202403111256/tools/bin/../lib/gcc/arm-none-eabi/12.3.1/../../../../arm-none-eabi/lib/thumb/v7e-m+fp/hard\libc_nano.a(libc_a-writer.o)
 .ARM.attributes
                0x000007c7       0x34 D:/STM32CubeIDE_1.15.1/STM32CubeIDE/plugins/com.st.stm32cube.ide.mcu.externaltools.gnu-tools-for-stm32.12.3.rel1.win32_1.0.100.202403111256/tools/bin/../lib/gcc/arm-none-eabi/12.3.1/../../../../arm-none-eabi/lib/thumb/v7e-m+fp/hard\libc_nano.a(libc_a-errno.o)
 .ARM.attributes
                0x000007fb       0x34 D:/STM32CubeIDE_1.15.1/STM32CubeIDE/plugins/com.st.stm32cube.ide.mcu.externaltools.gnu-tools-for-stm32.12.3.rel1.win32_1.0.100.202403111256/tools/bin/../lib/gcc/arm-none-eabi/12.3.1/../../../../arm-none-eabi/lib/thumb/v7e-m+fp/hard\libc_nano.a(libc_a-init.o)
 .ARM.attributes
                0x0000082f       0x34 D:/STM32CubeIDE_1.15.1/STM32CubeIDE/plugins/com.st.stm32cube.ide.mcu.externaltools.gnu-tools-for-stm32.12.3.rel1.win32_1.0.100.202403111256/tools/bin/../lib/gcc/arm-none-eabi/12.3.1/../../../../arm-none-eabi/lib/thumb/v7e-m+fp/hard\libc_nano.a(libc_a-lock.o)
 .ARM.attributes
                0x00000863       0x34 D:/STM32CubeIDE_1.15.1/STM32CubeIDE/plugins/com.st.stm32cube.ide.mcu.externaltools.gnu-tools-for-stm32.12.3.rel1.win32_1.0.100.202403111256/tools/bin/../lib/gcc/arm-none-eabi/12.3.1/../../../../arm-none-eabi/lib/thumb/v7e-m+fp/hard\libc_nano.a(libc_a-memcpy-stub.o)
 .ARM.attributes
                0x00000897       0x17 D:/STM32CubeIDE_1.15.1/STM32CubeIDE/plugins/com.st.stm32cube.ide.mcu.externaltools.gnu-tools-for-stm32.12.3.rel1.win32_1.0.100.202403111256/tools/bin/../lib/gcc/arm-none-eabi/12.3.1/../../../../arm-none-eabi/lib/thumb/v7e-m+fp/hard\libc_nano.a(libc_a-strlen.o)
 .ARM.attributes
                0x000008ae       0x34 D:/STM32CubeIDE_1.15.1/STM32CubeIDE/plugins/com.st.stm32cube.ide.mcu.externaltools.gnu-tools-for-stm32.12.3.rel1.win32_1.0.100.202403111256/tools/bin/../lib/gcc/arm-none-eabi/12.3.1/../../../../arm-none-eabi/lib/thumb/v7e-m+fp/hard\libc_nano.a(libc_a-freer.o)
 .ARM.attributes
                0x000008e2       0x34 D:/STM32CubeIDE_1.15.1/STM32CubeIDE/plugins/com.st.stm32cube.ide.mcu.externaltools.gnu-tools-for-stm32.12.3.rel1.win32_1.0.100.202403111256/tools/bin/../lib/gcc/arm-none-eabi/12.3.1/../../../../arm-none-eabi/lib/thumb/v7e-m+fp/hard\libc_nano.a(libc_a-mallocr.o)
 .ARM.attributes
                0x00000916       0x34 D:/STM32CubeIDE_1.15.1/STM32CubeIDE/plugins/com.st.stm32cube.ide.mcu.externaltools.gnu-tools-for-stm32.12.3.rel1.win32_1.0.100.202403111256/tools/bin/../lib/gcc/arm-none-eabi/12.3.1/../../../../arm-none-eabi/lib/thumb/v7e-m+fp/hard\libc_nano.a(libc_a-mlock.o)
 .ARM.attributes
                0x0000094a       0x34 D:/STM32CubeIDE_1.15.1/STM32CubeIDE/plugins/com.st.stm32cube.ide.mcu.externaltools.gnu-tools-for-stm32.12.3.rel1.win32_1.0.100.202403111256/tools/bin/../lib/gcc/arm-none-eabi/12.3.1/../../../../arm-none-eabi/lib/thumb/v7e-m+fp/hard\libc_nano.a(libc_a-fflush.o)
 .ARM.attributes
                0x0000097e       0x34 D:/STM32CubeIDE_1.15.1/STM32CubeIDE/plugins/com.st.stm32cube.ide.mcu.externaltools.gnu-tools-for-stm32.12.3.rel1.win32_1.0.100.202403111256/tools/bin/../lib/gcc/arm-none-eabi/12.3.1/../../../../arm-none-eabi/lib/thumb/v7e-m+fp/hard\libc_nano.a(libc_a-makebuf.o)
 .ARM.attributes
                0x000009b2       0x34 D:/STM32CubeIDE_1.15.1/STM32CubeIDE/plugins/com.st.stm32cube.ide.mcu.externaltools.gnu-tools-for-stm32.12.3.rel1.win32_1.0.100.202403111256/tools/bin/../lib/gcc/arm-none-eabi/12.3.1/../../../../arm-none-eabi/lib/thumb/v7e-m+fp/hard\libc_nano.a(libc_a-fstatr.o)
 .ARM.attributes
                0x000009e6       0x34 D:/STM32CubeIDE_1.15.1/STM32CubeIDE/plugins/com.st.stm32cube.ide.mcu.externaltools.gnu-tools-for-stm32.12.3.rel1.win32_1.0.100.202403111256/tools/bin/../lib/gcc/arm-none-eabi/12.3.1/../../../../arm-none-eabi/lib/thumb/v7e-m+fp/hard\libc_nano.a(libc_a-isattyr.o)
 .ARM.attributes
                0x00000a1a       0x34 D:/STM32CubeIDE_1.15.1/STM32CubeIDE/plugins/com.st.stm32cube.ide.mcu.externaltools.gnu-tools-for-stm32.12.3.rel1.win32_1.0.100.202403111256/tools/bin/../lib/gcc/arm-none-eabi/12.3.1/../../../../arm-none-eabi/lib/thumb/v7e-m+fp/hard\libc_nano.a(libc_a-sbrkr.o)
 .ARM.attributes
                0x00000a4e       0x22 D:/STM32CubeIDE_1.15.1/STM32CubeIDE/plugins/com.st.stm32cube.ide.mcu.externaltools.gnu-tools-for-stm32.12.3.rel1.win32_1.0.100.202403111256/tools/bin/../lib/gcc/arm-none-eabi/12.3.1/thumb/v7e-m+fp/hard\libgcc.a(_aeabi_uldivmod.o)
 .ARM.attributes
                0x00000a70       0x34 D:/STM32CubeIDE_1.15.1/STM32CubeIDE/plugins/com.st.stm32cube.ide.mcu.externaltools.gnu-tools-for-stm32.12.3.rel1.win32_1.0.100.202403111256/tools/bin/../lib/gcc/arm-none-eabi/12.3.1/thumb/v7e-m+fp/hard\libgcc.a(_udivmoddi4.o)
 .ARM.attributes
                0x00000aa4       0x22 D:/STM32CubeIDE_1.15.1/STM32CubeIDE/plugins/com.st.stm32cube.ide.mcu.externaltools.gnu-tools-for-stm32.12.3.rel1.win32_1.0.100.202403111256/tools/bin/../lib/gcc/arm-none-eabi/12.3.1/thumb/v7e-m+fp/hard\libgcc.a(_dvmd_tls.o)
 .ARM.attributes
                0x00000ac6       0x22 D:/STM32CubeIDE_1.15.1/STM32CubeIDE/plugins/com.st.stm32cube.ide.mcu.externaltools.gnu-tools-for-stm32.12.3.rel1.win32_1.0.100.202403111256/tools/bin/../lib/gcc/arm-none-eabi/12.3.1/thumb/v7e-m+fp/hard/crtn.o
OUTPUT(BLE_Project.elf elf32-littlearm)
LOAD linker stubs
LOAD D:/STM32CubeIDE_1.15.1/STM32CubeIDE/plugins/com.st.stm32cube.ide.mcu.externaltools.gnu-tools-for-stm32.12.3.rel1.win32_1.0.100.202403111256/tools/bin/../lib/gcc/arm-none-eabi/12.3.1/../../../../arm-none-eabi/lib/thumb/v7e-m+fp/hard\libc.a
LOAD D:/STM32CubeIDE_1.15.1/STM32CubeIDE/plugins/com.st.stm32cube.ide.mcu.externaltools.gnu-tools-for-stm32.12.3.rel1.win32_1.0.100.202403111256/tools/bin/../lib/gcc/arm-none-eabi/12.3.1/../../../../arm-none-eabi/lib/thumb/v7e-m+fp/hard\libm.a
LOAD D:/STM32CubeIDE_1.15.1/STM32CubeIDE/plugins/com.st.stm32cube.ide.mcu.externaltools.gnu-tools-for-stm32.12.3.rel1.win32_1.0.100.202403111256/tools/bin/../lib/gcc/arm-none-eabi/12.3.1/thumb/v7e-m+fp/hard\libgcc.a

.debug_info     0x00000000    0x13de9
 .debug_info    0x00000000      0xa58 ./BlueNRG-2/Target/hci_tl_interface.o
 .debug_info    0x00000a58      0x2f0 ./Core/Src/app_bluenrg.o
 .debug_info    0x00000d48      0xda2 ./Core/Src/main.o
 .debug_info    0x00001aea      0x22e ./Core/Src/services.o
 .debug_info    0x00001d18      0x905 ./Core/Src/stm32f4xx_hal_msp.o
 .debug_info    0x0000261d      0x1ca ./Core/Src/stm32f4xx_it.o
 .debug_info    0x000027e7      0xbc9 ./Core/Src/stm32f4xx_nucleo_bus.o
 .debug_info    0x000033b0      0x6a3 ./Core/Src/syscalls.o
 .debug_info    0x00003a53      0x168 ./Core/Src/sysmem.o
 .debug_info    0x00003bbb      0x53e ./Core/Src/system_stm32f4xx.o
 .debug_info    0x000040f9       0x30 ./Core/Startup/startup_stm32f411retx.o
 .debug_info    0x00004129      0x8c7 ./Drivers/STM32F4xx_HAL_Driver/Src/stm32f4xx_hal.o
 .debug_info    0x000049f0      0xcb6 ./Drivers/STM32F4xx_HAL_Driver/Src/stm32f4xx_hal_cortex.o
 .debug_info    0x000056a6      0x503 ./Drivers/STM32F4xx_HAL_Driver/Src/stm32f4xx_hal_exti.o
 .debug_info    0x00005ba9      0x6f9 ./Drivers/STM32F4xx_HAL_Driver/Src/stm32f4xx_hal_gpio.o
 .debug_info    0x000062a2      0x8f1 ./Drivers/STM32F4xx_HAL_Driver/Src/stm32f4xx_hal_rcc.o
 .debug_info    0x00006b93     0x1606 ./Drivers/STM32F4xx_HAL_Driver/Src/stm32f4xx_hal_spi.o
 .debug_info    0x00008199     0x14e8 ./Drivers/STM32F4xx_HAL_Driver/Src/stm32f4xx_hal_uart.o
 .debug_info    0x00009681     0x2893 ./Middlewares/ST/BlueNRG-2/hci/bluenrg1_hci_le.o
 .debug_info    0x0000bf14     0x2d24 ./Middlewares/ST/BlueNRG-2/hci/controller/bluenrg1_gap_aci.o
 .debug_info    0x0000ec38     0x312a ./Middlewares/ST/BlueNRG-2/hci/controller/bluenrg1_gatt_aci.o
 .debug_info    0x00011d62     0x1103 ./Middlewares/ST/BlueNRG-2/hci/controller/bluenrg1_hal_aci.o
 .debug_info    0x00012e65      0x8af ./Middlewares/ST/BlueNRG-2/hci/hci_tl_patterns/Basic/hci_tl.o
 .debug_info    0x00013714      0x6d5 ./Middlewares/ST/BlueNRG-2/utils/ble_list.o

.debug_abbrev   0x00000000     0x2d0c
 .debug_abbrev  0x00000000      0x2ac ./BlueNRG-2/Target/hci_tl_interface.o
 .debug_abbrev  0x000002ac      0x13b ./Core/Src/app_bluenrg.o
 .debug_abbrev  0x000003e7      0x2a1 ./Core/Src/main.o
 .debug_abbrev  0x00000688       0xf4 ./Core/Src/services.o
 .debug_abbrev  0x0000077c      0x1ba ./Core/Src/stm32f4xx_hal_msp.o
 .debug_abbrev  0x00000936       0xfa ./Core/Src/stm32f4xx_it.o
 .debug_abbrev  0x00000a30      0x291 ./Core/Src/stm32f4xx_nucleo_bus.o
 .debug_abbrev  0x00000cc1      0x1b6 ./Core/Src/syscalls.o
 .debug_abbrev  0x00000e77       0xbc ./Core/Src/sysmem.o
 .debug_abbrev  0x00000f33      0x11a ./Core/Src/system_stm32f4xx.o
 .debug_abbrev  0x0000104d       0x24 ./Core/Startup/startup_stm32f411retx.o
 .debug_abbrev  0x00001071      0x24b ./Drivers/STM32F4xx_HAL_Driver/Src/stm32f4xx_hal.o
 .debug_abbrev  0x000012bc      0x327 ./Drivers/STM32F4xx_HAL_Driver/Src/stm32f4xx_hal_cortex.o
 .debug_abbrev  0x000015e3      0x1d1 ./Drivers/STM32F4xx_HAL_Driver/Src/stm32f4xx_hal_exti.o
 .debug_abbrev  0x000017b4      0x1d3 ./Drivers/STM32F4xx_HAL_Driver/Src/stm32f4xx_hal_gpio.o
 .debug_abbrev  0x00001987      0x2b5 ./Drivers/STM32F4xx_HAL_Driver/Src/stm32f4xx_hal_rcc.o
 .debug_abbrev  0x00001c3c      0x280 ./Drivers/STM32F4xx_HAL_Driver/Src/stm32f4xx_hal_spi.o
 .debug_abbrev  0x00001ebc      0x2b0 ./Drivers/STM32F4xx_HAL_Driver/Src/stm32f4xx_hal_uart.o
 .debug_abbrev  0x0000216c      0x1c1 ./Middlewares/ST/BlueNRG-2/hci/bluenrg1_hci_le.o
 .debug_abbrev  0x0000232d      0x1c3 ./Middlewares/ST/BlueNRG-2/hci/controller/bluenrg1_gap_aci.o
 .debug_abbrev  0x000024f0      0x1e4 ./Middlewares/ST/BlueNRG-2/hci/controller/bluenrg1_gatt_aci.o
 .debug_abbrev  0x000026d4      0x1dd ./Middlewares/ST/BlueNRG-2/hci/controller/bluenrg1_hal_aci.o
 .debug_abbrev  0x000028b1      0x2d2 ./Middlewares/ST/BlueNRG-2/hci/hci_tl_patterns/Basic/hci_tl.o
 .debug_abbrev  0x00002b83      0x189 ./Middlewares/ST/BlueNRG-2/utils/ble_list.o

.debug_aranges  0x00000000     0x1088
 .debug_aranges
                0x00000000       0x68 ./BlueNRG-2/Target/hci_tl_interface.o
 .debug_aranges
                0x00000068       0x28 ./Core/Src/app_bluenrg.o
 .debug_aranges
                0x00000090       0x48 ./Core/Src/main.o
 .debug_aranges
                0x000000d8       0x20 ./Core/Src/services.o
 .debug_aranges
                0x000000f8       0x30 ./Core/Src/stm32f4xx_hal_msp.o
 .debug_aranges
                0x00000128       0x70 ./Core/Src/stm32f4xx_it.o
 .debug_aranges
                0x00000198       0x60 ./Core/Src/stm32f4xx_nucleo_bus.o
 .debug_aranges
                0x000001f8       0xa8 ./Core/Src/syscalls.o
 .debug_aranges
                0x000002a0       0x20 ./Core/Src/sysmem.o
 .debug_aranges
                0x000002c0       0x28 ./Core/Src/system_stm32f4xx.o
 .debug_aranges
                0x000002e8       0x28 ./Core/Startup/startup_stm32f411retx.o
 .debug_aranges
                0x00000310       0xf0 ./Drivers/STM32F4xx_HAL_Driver/Src/stm32f4xx_hal.o
 .debug_aranges
                0x00000400      0x118 ./Drivers/STM32F4xx_HAL_Driver/Src/stm32f4xx_hal_cortex.o
 .debug_aranges
                0x00000518       0x60 ./Drivers/STM32F4xx_HAL_Driver/Src/stm32f4xx_hal_exti.o
 .debug_aranges
                0x00000578       0x58 ./Drivers/STM32F4xx_HAL_Driver/Src/stm32f4xx_hal_gpio.o
 .debug_aranges
                0x000005d0       0x88 ./Drivers/STM32F4xx_HAL_Driver/Src/stm32f4xx_hal_rcc.o
 .debug_aranges
                0x00000658      0x1d0 ./Drivers/STM32F4xx_HAL_Driver/Src/stm32f4xx_hal_spi.o
 .debug_aranges
                0x00000828      0x200 ./Drivers/STM32F4xx_HAL_Driver/Src/stm32f4xx_hal_uart.o
 .debug_aranges
                0x00000a28      0x1c8 ./Middlewares/ST/BlueNRG-2/hci/bluenrg1_hci_le.o
 .debug_aranges
                0x00000bf0      0x168 ./Middlewares/ST/BlueNRG-2/hci/controller/bluenrg1_gap_aci.o
 .debug_aranges
                0x00000d58      0x180 ./Middlewares/ST/BlueNRG-2/hci/controller/bluenrg1_gatt_aci.o
 .debug_aranges
                0x00000ed8       0xd8 ./Middlewares/ST/BlueNRG-2/hci/controller/bluenrg1_hal_aci.o
 .debug_aranges
                0x00000fb0       0x60 ./Middlewares/ST/BlueNRG-2/hci/hci_tl_patterns/Basic/hci_tl.o
 .debug_aranges
                0x00001010       0x78 ./Middlewares/ST/BlueNRG-2/utils/ble_list.o

.debug_rnglists
                0x00000000      0xcec
 .debug_rnglists
                0x00000000       0x4c ./BlueNRG-2/Target/hci_tl_interface.o
 .debug_rnglists
                0x0000004c       0x1a ./Core/Src/app_bluenrg.o
 .debug_rnglists
                0x00000066       0x33 ./Core/Src/main.o
 .debug_rnglists
                0x00000099       0x13 ./Core/Src/services.o
 .debug_rnglists
                0x000000ac       0x20 ./Core/Src/stm32f4xx_hal_msp.o
 .debug_rnglists
                0x000000cc       0x4f ./Core/Src/stm32f4xx_it.o
 .debug_rnglists
                0x0000011b       0x44 ./Core/Src/stm32f4xx_nucleo_bus.o
 .debug_rnglists
                0x0000015f       0x79 ./Core/Src/syscalls.o
 .debug_rnglists
                0x000001d8       0x13 ./Core/Src/sysmem.o
 .debug_rnglists
                0x000001eb       0x1a ./Core/Src/system_stm32f4xx.o
 .debug_rnglists
                0x00000205       0x19 ./Core/Startup/startup_stm32f411retx.o
 .debug_rnglists
                0x0000021e       0xaf ./Drivers/STM32F4xx_HAL_Driver/Src/stm32f4xx_hal.o
 .debug_rnglists
                0x000002cd       0xce ./Drivers/STM32F4xx_HAL_Driver/Src/stm32f4xx_hal_cortex.o
 .debug_rnglists
                0x0000039b       0x46 ./Drivers/STM32F4xx_HAL_Driver/Src/stm32f4xx_hal_exti.o
 .debug_rnglists
                0x000003e1       0x3f ./Drivers/STM32F4xx_HAL_Driver/Src/stm32f4xx_hal_gpio.o
 .debug_rnglists
                0x00000420       0x66 ./Drivers/STM32F4xx_HAL_Driver/Src/stm32f4xx_hal_rcc.o
 .debug_rnglists
                0x00000486      0x16f ./Drivers/STM32F4xx_HAL_Driver/Src/stm32f4xx_hal_spi.o
 .debug_rnglists
                0x000005f5      0x1b4 ./Drivers/STM32F4xx_HAL_Driver/Src/stm32f4xx_hal_uart.o
 .debug_rnglists
                0x000007a9      0x177 ./Middlewares/ST/BlueNRG-2/hci/bluenrg1_hci_le.o
 .debug_rnglists
                0x00000920      0x130 ./Middlewares/ST/BlueNRG-2/hci/controller/bluenrg1_gap_aci.o
 .debug_rnglists
                0x00000a50      0x147 ./Middlewares/ST/BlueNRG-2/hci/controller/bluenrg1_gatt_aci.o
 .debug_rnglists
                0x00000b97       0xaa ./Middlewares/ST/BlueNRG-2/hci/controller/bluenrg1_hal_aci.o
 .debug_rnglists
                0x00000c41       0x56 ./Middlewares/ST/BlueNRG-2/hci/hci_tl_patterns/Basic/hci_tl.o
 .debug_rnglists
                0x00000c97       0x55 ./Middlewares/ST/BlueNRG-2/utils/ble_list.o

.debug_macro    0x00000000    0x19924
 .debug_macro   0x00000000      0x30f ./BlueNRG-2/Target/hci_tl_interface.o
 .debug_macro   0x0000030f      0xab4 ./BlueNRG-2/Target/hci_tl_interface.o
 .debug_macro   0x00000dc3       0x16 ./BlueNRG-2/Target/hci_tl_interface.o
 .debug_macro   0x00000dd9      0x29b ./BlueNRG-2/Target/hci_tl_interface.o
 .debug_macro   0x00001074       0x2e ./BlueNRG-2/Target/hci_tl_interface.o
 .debug_macro   0x000010a2       0x28 ./BlueNRG-2/Target/hci_tl_interface.o
 .debug_macro   0x000010ca       0x22 ./BlueNRG-2/Target/hci_tl_interface.o
 .debug_macro   0x000010ec       0x8e ./BlueNRG-2/Target/hci_tl_interface.o
 .debug_macro   0x0000117a       0x51 ./BlueNRG-2/Target/hci_tl_interface.o
 .debug_macro   0x000011cb      0x103 ./BlueNRG-2/Target/hci_tl_interface.o
 .debug_macro   0x000012ce       0x6a ./BlueNRG-2/Target/hci_tl_interface.o
 .debug_macro   0x00001338      0x1df ./BlueNRG-2/Target/hci_tl_interface.o
 .debug_macro   0x00001517       0x1c ./BlueNRG-2/Target/hci_tl_interface.o
 .debug_macro   0x00001533       0x22 ./BlueNRG-2/Target/hci_tl_interface.o
 .debug_macro   0x00001555       0xd9 ./BlueNRG-2/Target/hci_tl_interface.o
 .debug_macro   0x0000162e     0x102d ./BlueNRG-2/Target/hci_tl_interface.o
 .debug_macro   0x0000265b      0x11f ./BlueNRG-2/Target/hci_tl_interface.o
 .debug_macro   0x0000277a     0xb937 ./BlueNRG-2/Target/hci_tl_interface.o
 .debug_macro   0x0000e0b1       0x43 ./BlueNRG-2/Target/hci_tl_interface.o
 .debug_macro   0x0000e0f4     0x3659 ./BlueNRG-2/Target/hci_tl_interface.o
 .debug_macro   0x0001174d      0x189 ./BlueNRG-2/Target/hci_tl_interface.o
 .debug_macro   0x000118d6       0x5c ./BlueNRG-2/Target/hci_tl_interface.o
 .debug_macro   0x00011932      0x447 ./BlueNRG-2/Target/hci_tl_interface.o
 .debug_macro   0x00011d79      0x9fe ./BlueNRG-2/Target/hci_tl_interface.o
 .debug_macro   0x00012777      0x117 ./BlueNRG-2/Target/hci_tl_interface.o
 .debug_macro   0x0001288e      0x11b ./BlueNRG-2/Target/hci_tl_interface.o
 .debug_macro   0x000129a9       0x82 ./BlueNRG-2/Target/hci_tl_interface.o
 .debug_macro   0x00012a2b      0x15f ./BlueNRG-2/Target/hci_tl_interface.o
 .debug_macro   0x00012b8a      0x287 ./BlueNRG-2/Target/hci_tl_interface.o
 .debug_macro   0x00012e11       0x5f ./BlueNRG-2/Target/hci_tl_interface.o
 .debug_macro   0x00012e70      0x236 ./BlueNRG-2/Target/hci_tl_interface.o
 .debug_macro   0x000130a6      0x132 ./BlueNRG-2/Target/hci_tl_interface.o
 .debug_macro   0x000131d8      0x264 ./BlueNRG-2/Target/hci_tl_interface.o
 .debug_macro   0x0001343c       0x2e ./BlueNRG-2/Target/hci_tl_interface.o
 .debug_macro   0x0001346a      0x11a ./BlueNRG-2/Target/hci_tl_interface.o
 .debug_macro   0x00013584       0x85 ./BlueNRG-2/Target/hci_tl_interface.o
 .debug_macro   0x00013609       0x89 ./BlueNRG-2/Target/hci_tl_interface.o
 .debug_macro   0x00013692      0x225 ./BlueNRG-2/Target/hci_tl_interface.o
 .debug_macro   0x000138b7      0x295 ./BlueNRG-2/Target/hci_tl_interface.o
 .debug_macro   0x00013b4c      0x126 ./BlueNRG-2/Target/hci_tl_interface.o
 .debug_macro   0x00013c72       0x28 ./BlueNRG-2/Target/hci_tl_interface.o
 .debug_macro   0x00013c9a       0x82 ./BlueNRG-2/Target/hci_tl_interface.o
 .debug_macro   0x00013d1c       0x6a ./BlueNRG-2/Target/hci_tl_interface.o
 .debug_macro   0x00013d86       0x40 ./BlueNRG-2/Target/hci_tl_interface.o
 .debug_macro   0x00013dc6       0x46 ./BlueNRG-2/Target/hci_tl_interface.o
 .debug_macro   0x00013e0c       0x61 ./BlueNRG-2/Target/hci_tl_interface.o
 .debug_macro   0x00013e6d       0x2a ./BlueNRG-2/Target/hci_tl_interface.o
 .debug_macro   0x00013e97       0x43 ./BlueNRG-2/Target/hci_tl_interface.o
 .debug_macro   0x00013eda       0x34 ./BlueNRG-2/Target/hci_tl_interface.o
 .debug_macro   0x00013f0e       0x16 ./BlueNRG-2/Target/hci_tl_interface.o
 .debug_macro   0x00013f24       0x43 ./BlueNRG-2/Target/hci_tl_interface.o
 .debug_macro   0x00013f67       0x34 ./BlueNRG-2/Target/hci_tl_interface.o
 .debug_macro   0x00013f9b       0x10 ./BlueNRG-2/Target/hci_tl_interface.o
 .debug_macro   0x00013fab       0x58 ./BlueNRG-2/Target/hci_tl_interface.o
 .debug_macro   0x00014003       0x8e ./BlueNRG-2/Target/hci_tl_interface.o
 .debug_macro   0x00014091       0x1c ./BlueNRG-2/Target/hci_tl_interface.o
 .debug_macro   0x000140ad      0x177 ./BlueNRG-2/Target/hci_tl_interface.o
 .debug_macro   0x00014224      0x369 ./BlueNRG-2/Target/hci_tl_interface.o
 .debug_macro   0x0001458d       0x10 ./BlueNRG-2/Target/hci_tl_interface.o
 .debug_macro   0x0001459d       0x35 ./BlueNRG-2/Target/hci_tl_interface.o
 .debug_macro   0x000145d2       0x20 ./BlueNRG-2/Target/hci_tl_interface.o
 .debug_macro   0x000145f2       0xa0 ./BlueNRG-2/Target/hci_tl_interface.o
 .debug_macro   0x00014692      0x440 ./Core/Src/app_bluenrg.o
 .debug_macro   0x00014ad2       0x55 ./Core/Src/app_bluenrg.o
 .debug_macro   0x00014b27      0x17e ./Core/Src/app_bluenrg.o
 .debug_macro   0x00014ca5       0x9c ./Core/Src/app_bluenrg.o
 .debug_macro   0x00014d41       0x2e ./Core/Src/app_bluenrg.o
 .debug_macro   0x00014d6f      0x387 ./Core/Src/app_bluenrg.o
 .debug_macro   0x000150f6       0x52 ./Core/Src/app_bluenrg.o
 .debug_macro   0x00015148      0x19b ./Core/Src/app_bluenrg.o
 .debug_macro   0x000152e3      0x166 ./Core/Src/app_bluenrg.o
 .debug_macro   0x00015449      0x103 ./Core/Src/app_bluenrg.o
 .debug_macro   0x0001554c       0x1c ./Core/Src/app_bluenrg.o
 .debug_macro   0x00015568       0x10 ./Core/Src/app_bluenrg.o
 .debug_macro   0x00015578       0x1c ./Core/Src/app_bluenrg.o
 .debug_macro   0x00015594       0x16 ./Core/Src/app_bluenrg.o
 .debug_macro   0x000155aa      0x146 ./Core/Src/app_bluenrg.o
 .debug_macro   0x000156f0       0x16 ./Core/Src/app_bluenrg.o
 .debug_macro   0x00015706       0x16 ./Core/Src/app_bluenrg.o
 .debug_macro   0x0001571c       0x29 ./Core/Src/app_bluenrg.o
 .debug_macro   0x00015745      0x2e5 ./Core/Src/main.o
 .debug_macro   0x00015a2a       0x22 ./Core/Src/main.o
 .debug_macro   0x00015a4c       0x16 ./Core/Src/main.o
 .debug_macro   0x00015a62       0x16 ./Core/Src/main.o
 .debug_macro   0x00015a78      0x42c ./Core/Src/services.o
 .debug_macro   0x00015ea4      0x203 ./Core/Src/stm32f4xx_hal_msp.o
 .debug_macro   0x000160a7      0x20d ./Core/Src/stm32f4xx_it.o
 .debug_macro   0x000162b4      0x1eb ./Core/Src/stm32f4xx_nucleo_bus.o
 .debug_macro   0x0001649f      0x274 ./Core/Src/syscalls.o
 .debug_macro   0x00016713       0x5b ./Core/Src/syscalls.o
 .debug_macro   0x0001676e       0x94 ./Core/Src/syscalls.o
 .debug_macro   0x00016802       0x57 ./Core/Src/syscalls.o
 .debug_macro   0x00016859       0x10 ./Core/Src/syscalls.o
 .debug_macro   0x00016869       0x10 ./Core/Src/syscalls.o
 .debug_macro   0x00016879       0x10 ./Core/Src/syscalls.o
 .debug_macro   0x00016889       0x10 ./Core/Src/syscalls.o
 .debug_macro   0x00016899       0x1c ./Core/Src/syscalls.o
 .debug_macro   0x000168b5       0x52 ./Core/Src/syscalls.o
 .debug_macro   0x00016907       0x22 ./Core/Src/syscalls.o
 .debug_macro   0x00016929       0x10 ./Core/Src/syscalls.o
 .debug_macro   0x00016939       0x52 ./Core/Src/syscalls.o
 .debug_macro   0x0001698b       0xcf ./Core/Src/syscalls.o
 .debug_macro   0x00016a5a       0x1c ./Core/Src/syscalls.o
 .debug_macro   0x00016a76       0x3d ./Core/Src/syscalls.o
 .debug_macro   0x00016ab3       0x35 ./Core/Src/syscalls.o
 .debug_macro   0x00016ae8      0x12c ./Core/Src/syscalls.o
 .debug_macro   0x00016c14       0x10 ./Core/Src/syscalls.o
 .debug_macro   0x00016c24      0x242 ./Core/Src/syscalls.o
 .debug_macro   0x00016e66       0x10 ./Core/Src/syscalls.o
 .debug_macro   0x00016e76      0x18a ./Core/Src/syscalls.o
 .debug_macro   0x00017000       0x16 ./Core/Src/syscalls.o
 .debug_macro   0x00017016       0xce ./Core/Src/syscalls.o
 .debug_macro   0x000170e4       0xff ./Core/Src/sysmem.o
 .debug_macro   0x000171e3      0x23c ./Core/Src/sysmem.o
 .debug_macro   0x0001741f      0x1c4 ./Core/Src/system_stm32f4xx.o
 .debug_macro   0x000175e3      0x224 ./Drivers/STM32F4xx_HAL_Driver/Src/stm32f4xx_hal.o
 .debug_macro   0x00017807      0x1c4 ./Drivers/STM32F4xx_HAL_Driver/Src/stm32f4xx_hal_cortex.o
 .debug_macro   0x000179cb      0x1c4 ./Drivers/STM32F4xx_HAL_Driver/Src/stm32f4xx_hal_exti.o
 .debug_macro   0x00017b8f      0x1ca ./Drivers/STM32F4xx_HAL_Driver/Src/stm32f4xx_hal_gpio.o
 .debug_macro   0x00017d59      0x1e8 ./Drivers/STM32F4xx_HAL_Driver/Src/stm32f4xx_hal_rcc.o
 .debug_macro   0x00017f41      0x1d3 ./Drivers/STM32F4xx_HAL_Driver/Src/stm32f4xx_hal_spi.o
 .debug_macro   0x00018114      0x1c5 ./Drivers/STM32F4xx_HAL_Driver/Src/stm32f4xx_hal_uart.o
 .debug_macro   0x000182d9      0x37e ./Middlewares/ST/BlueNRG-2/hci/bluenrg1_hci_le.o
 .debug_macro   0x00018657      0x37e ./Middlewares/ST/BlueNRG-2/hci/controller/bluenrg1_gap_aci.o
 .debug_macro   0x000189d5      0x37e ./Middlewares/ST/BlueNRG-2/hci/controller/bluenrg1_gatt_aci.o
 .debug_macro   0x00018d53      0x37e ./Middlewares/ST/BlueNRG-2/hci/controller/bluenrg1_hal_aci.o
 .debug_macro   0x000190d1      0x3a4 ./Middlewares/ST/BlueNRG-2/hci/hci_tl_patterns/Basic/hci_tl.o
 .debug_macro   0x00019475      0x2b0 ./Middlewares/ST/BlueNRG-2/utils/ble_list.o
 .debug_macro   0x00019725       0x9e ./Middlewares/ST/BlueNRG-2/utils/ble_list.o
 .debug_macro   0x000197c3      0x10b ./Middlewares/ST/BlueNRG-2/utils/ble_list.o
 .debug_macro   0x000198ce       0x56 ./Middlewares/ST/BlueNRG-2/utils/ble_list.o

.debug_line     0x00000000    0x14f3b
 .debug_line    0x00000000      0xb92 ./BlueNRG-2/Target/hci_tl_interface.o
 .debug_line    0x00000b92      0xbb4 ./Core/Src/app_bluenrg.o
 .debug_line    0x00001746      0xa2a ./Core/Src/main.o
 .debug_line    0x00002170      0xb46 ./Core/Src/services.o
 .debug_line    0x00002cb6      0x7f2 ./Core/Src/stm32f4xx_hal_msp.o
 .debug_line    0x000034a8      0x896 ./Core/Src/stm32f4xx_it.o
 .debug_line    0x00003d3e      0x8fd ./Core/Src/stm32f4xx_nucleo_bus.o
 .debug_line    0x0000463b      0x8a3 ./Core/Src/syscalls.o
 .debug_line    0x00004ede      0x574 ./Core/Src/sysmem.o
 .debug_line    0x00005452      0x7ad ./Core/Src/system_stm32f4xx.o
 .debug_line    0x00005bff       0x7a ./Core/Startup/startup_stm32f411retx.o
 .debug_line    0x00005c79      0xa16 ./Drivers/STM32F4xx_HAL_Driver/Src/stm32f4xx_hal.o
 .debug_line    0x0000668f      0xcc3 ./Drivers/STM32F4xx_HAL_Driver/Src/stm32f4xx_hal_cortex.o
 .debug_line    0x00007352      0xa24 ./Drivers/STM32F4xx_HAL_Driver/Src/stm32f4xx_hal_exti.o
 .debug_line    0x00007d76      0xb6a ./Drivers/STM32F4xx_HAL_Driver/Src/stm32f4xx_hal_gpio.o
 .debug_line    0x000088e0      0xd89 ./Drivers/STM32F4xx_HAL_Driver/Src/stm32f4xx_hal_rcc.o
 .debug_line    0x00009669     0x1cc9 ./Drivers/STM32F4xx_HAL_Driver/Src/stm32f4xx_hal_spi.o
 .debug_line    0x0000b332     0x1aee ./Drivers/STM32F4xx_HAL_Driver/Src/stm32f4xx_hal_uart.o
 .debug_line    0x0000ce20     0x1bf1 ./Middlewares/ST/BlueNRG-2/hci/bluenrg1_hci_le.o
 .debug_line    0x0000ea11     0x1bfa ./Middlewares/ST/BlueNRG-2/hci/controller/bluenrg1_gap_aci.o
 .debug_line    0x0001060b     0x1dde ./Middlewares/ST/BlueNRG-2/hci/controller/bluenrg1_gatt_aci.o
 .debug_line    0x000123e9     0x11c2 ./Middlewares/ST/BlueNRG-2/hci/controller/bluenrg1_hal_aci.o
 .debug_line    0x000135ab      0xd3d ./Middlewares/ST/BlueNRG-2/hci/hci_tl_patterns/Basic/hci_tl.o
 .debug_line    0x000142e8      0xc53 ./Middlewares/ST/BlueNRG-2/utils/ble_list.o

.debug_str      0x00000000    0x91cdb
 .debug_str     0x00000000    0x84947 ./BlueNRG-2/Target/hci_tl_interface.o
                              0x84c5a (size before relaxing)
 .debug_str     0x00084947     0x3b02 ./Core/Src/app_bluenrg.o
                              0x87e77 (size before relaxing)
 .debug_str     0x00088449      0x60b ./Core/Src/main.o
                              0x85298 (size before relaxing)
 .debug_str     0x00088a54       0xb5 ./Core/Src/services.o
                              0x87e1b (size before relaxing)
 .debug_str     0x00088b09       0x73 ./Core/Src/stm32f4xx_hal_msp.o
                              0x815df (size before relaxing)
 .debug_str     0x00088b7c      0x11c ./Core/Src/stm32f4xx_it.o
                              0x810e9 (size before relaxing)
 .debug_str     0x00088c98      0x289 ./Core/Src/stm32f4xx_nucleo_bus.o
                              0x81586 (size before relaxing)
 .debug_str     0x00088f21     0x1fa8 ./Core/Src/syscalls.o
                               0x98a7 (size before relaxing)
 .debug_str     0x0008aec9       0x6b ./Core/Src/sysmem.o
                               0x60bf (size before relaxing)
 .debug_str     0x0008af34       0xdb ./Core/Src/system_stm32f4xx.o
                              0x809fc (size before relaxing)
 .debug_str     0x0008b00f       0x44 ./Core/Startup/startup_stm32f411retx.o
                                 0x72 (size before relaxing)
 .debug_str     0x0008b053      0x5d5 ./Drivers/STM32F4xx_HAL_Driver/Src/stm32f4xx_hal.o
                              0x81428 (size before relaxing)
 .debug_str     0x0008b628      0x31c ./Drivers/STM32F4xx_HAL_Driver/Src/stm32f4xx_hal_cortex.o
                              0x81149 (size before relaxing)
 .debug_str     0x0008b944      0x172 ./Drivers/STM32F4xx_HAL_Driver/Src/stm32f4xx_hal_exti.o
                              0x80a56 (size before relaxing)
 .debug_str     0x0008bab6       0xb7 ./Drivers/STM32F4xx_HAL_Driver/Src/stm32f4xx_hal_gpio.o
                              0x80b77 (size before relaxing)
 .debug_str     0x0008bb6d      0x233 ./Drivers/STM32F4xx_HAL_Driver/Src/stm32f4xx_hal_rcc.o
                              0x80e30 (size before relaxing)
 .debug_str     0x0008bda0      0x555 ./Drivers/STM32F4xx_HAL_Driver/Src/stm32f4xx_hal_spi.o
                              0x812ae (size before relaxing)
 .debug_str     0x0008c2f5      0x5e7 ./Drivers/STM32F4xx_HAL_Driver/Src/stm32f4xx_hal_uart.o
                              0x81399 (size before relaxing)
 .debug_str     0x0008c8dc     0x1afa ./Middlewares/ST/BlueNRG-2/hci/bluenrg1_hci_le.o
                              0x89148 (size before relaxing)
 .debug_str     0x0008e3d6     0x1619 ./Middlewares/ST/BlueNRG-2/hci/controller/bluenrg1_gap_aci.o
                              0x88ea0 (size before relaxing)
 .debug_str     0x0008f9ef     0x1538 ./Middlewares/ST/BlueNRG-2/hci/controller/bluenrg1_gatt_aci.o
                              0x88d0f (size before relaxing)
 .debug_str     0x00090f27      0x9b8 ./Middlewares/ST/BlueNRG-2/hci/controller/bluenrg1_hal_aci.o
                              0x8806b (size before relaxing)
 .debug_str     0x000918df      0x304 ./Middlewares/ST/BlueNRG-2/hci/hci_tl_patterns/Basic/hci_tl.o
                              0x87a12 (size before relaxing)
 .debug_str     0x00091be3       0xf8 ./Middlewares/ST/BlueNRG-2/utils/ble_list.o
                              0x840c8 (size before relaxing)

.comment        0x00000000       0x43
 .comment       0x00000000       0x43 ./BlueNRG-2/Target/hci_tl_interface.o
                                 0x44 (size before relaxing)
 .comment       0x00000043       0x44 ./Core/Src/app_bluenrg.o
 .comment       0x00000043       0x44 ./Core/Src/main.o
 .comment       0x00000043       0x44 ./Core/Src/services.o
 .comment       0x00000043       0x44 ./Core/Src/stm32f4xx_hal_msp.o