Archive member included to satisfy reference by file (symbol)

D:/STM32CubeIDE_1.15.1/STM32CubeIDE/plugins/com.st.stm32cube.ide.mcu.externaltools.gnu-tools-for-stm32.12.3.rel1.win32_1.0.100.202403111256/tools/bin/../lib/gcc/arm-none-eabi/12.3.1/../../../../arm-none-eabi/lib/thumb/v7e-m+fp/hard\libc_nano.a(libc_a-exit.o)
                              D:/STM32CubeIDE_1.15.1/STM32CubeIDE/plugins/com.st.stm32cube.ide.mcu.externaltools.gnu-tools-for-stm32.12.3.rel1.win32_1.0.100.202403111256/tools/bin/../lib/gcc/arm-none-eabi/12.3.1/../../../../arm-none-eabi/lib/thumb/v7e-m+fp/hard/crt0.o (exit)
D:/STM32CubeIDE_1.15.1/STM32CubeIDE/plugins/com.st.stm32cube.ide.mcu.externaltools.gnu-tools-for-stm32.12.3.rel1.win32_1.0.100.202403111256/tools/bin/../lib/gcc/arm-none-eabi/12.3.1/../../../../arm-none-eabi/lib/thumb/v7e-m+fp/hard\libc_nano.a(libc_a-rand.o)
                              ./Core/Src/services.o (rand)
D:/STM32CubeIDE_1.15.1/STM32CubeIDE/plugins/com.st.stm32cube.ide.mcu.externaltools.gnu-tools-for-stm32.12.3.rel1.win32_1.0.100.202403111256/tools/bin/../lib/gcc/arm-none-eabi/12.3.1/../../../../arm-none-eabi/lib/thumb/v7e-m+fp/hard\libc_nano.a(libc_a-findfp.o)
                              D:/STM32CubeIDE_1.15.1/STM32CubeIDE/plugins/com.st.stm32cube.ide.mcu.externaltools.gnu-tools-for-stm32.12.3.rel1.win32_1.0.100.202403111256/tools/bin/../lib/gcc/arm-none-eabi/12.3.1/../../../../arm-none-eabi/lib/thumb/v7e-m+fp/hard\libc_nano.a(libc_a-exit.o) (__stdio_exit_handler)
D:/STM32CubeIDE_1.15.1/STM32CubeIDE/plugins/com.st.stm32cube.ide.mcu.externaltools.gnu-tools-for-stm32.12.3.rel1.win32_1.0.100.202403111256/tools/bin/../lib/gcc/arm-none-eabi/12.3.1/../../../../arm-none-eabi/lib/thumb/v7e-m+fp/hard\libc_nano.a(libc_a-fwalk.o)
                              D:/STM32CubeIDE_1.15.1/STM32CubeIDE/plugins/com.st.stm32cube.ide.mcu.externaltools.gnu-tools-for-stm32.12.3.rel1.win32_1.0.100.202403111256/tools/bin/../lib/gcc/arm-none-eabi/12.3.1/../../../../arm-none-eabi/lib/thumb/v7e-m+fp/hard\libc_nano.a(libc_a-findfp.o) (_fwalk_sglue)
D:/STM32CubeIDE_1.15.1/STM32CubeIDE/plugins/com.st.stm32cube.ide.mcu.externaltools.gnu-tools-for-stm32.12.3.rel1.win32_1.0.100.202403111256/tools/bin/../lib/gcc/arm-none-eabi/12.3.1/../../../../arm-none-eabi/lib/thumb/v7e-m+fp/hard\libc_nano.a(libc_a-printf.o)
                              ./Core/Src/services.o (printf)
D:/STM32CubeIDE_1.15.1/STM32CubeIDE/plugins/com.st.stm32cube.ide.mcu.externaltools.gnu-tools-for-stm32.12.3.rel1.win32_1.0.100.202403111256/tools/bin/../lib/gcc/arm-none-eabi/12.3.1/../../../../arm-none-eabi/lib/thumb/v7e-m+fp/hard\libc_nano.a(libc_a-puts.o)
                              ./Core/Src/app_bluenrg.o (puts)
D:/STM32CubeIDE_1.15.1/STM32CubeIDE/plugins/com.st.stm32cube.ide.mcu.externaltools.gnu-tools-for-stm32.12.3.rel1.win32_1.0.100.202403111256/tools/bin/../lib/gcc/arm-none-eabi/12.3.1/../../../../arm-none-eabi/lib/thumb/v7e-m+fp/hard\libc_nano.a(libc_a-stdio.o)
                              D:/STM32CubeIDE_1.15.1/STM32CubeIDE/plugins/com.st.stm32cube.ide.mcu.externaltools.gnu-tools-for-stm32.12.3.rel1.win32_1.0.100.202403111256/tools/bin/../lib/gcc/arm-none-eabi/12.3.1/../../../../arm-none-eabi/lib/thumb/v7e-m+fp/hard\libc_nano.a(libc_a-findfp.o) (__sread)
D:/STM32CubeIDE_1.15.1/STM32CubeIDE/plugins/com.st.stm32cube.ide.mcu.externaltools.gnu-tools-for-stm32.12.3.rel1.win32_1.0.100.202403111256/tools/bin/../lib/gcc/arm-none-eabi/12.3.1/../../../../arm-none-eabi/lib/thumb/v7e-m+fp/hard\libc_nano.a(libc_a-wbuf.o)
                              D:/STM32CubeIDE_1.15.1/STM32CubeIDE/plugins/com.st.stm32cube.ide.mcu.externaltools.gnu-tools-for-stm32.12.3.rel1.win32_1.0.100.202403111256/tools/bin/../lib/gcc/arm-none-eabi/12.3.1/../../../../arm-none-eabi/lib/thumb/v7e-m+fp/hard\libc_nano.a(libc_a-puts.o) (__swbuf_r)
D:/STM32CubeIDE_1.15.1/STM32CubeIDE/plugins/com.st.stm32cube.ide.mcu.externaltools.gnu-tools-for-stm32.12.3.rel1.win32_1.0.100.202403111256/tools/bin/../lib/gcc/arm-none-eabi/12.3.1/../../../../arm-none-eabi/lib/thumb/v7e-m+fp/hard\libc_nano.a(libc_a-wsetup.o)
                              D:/STM32CubeIDE_1.15.1/STM32CubeIDE/plugins/com.st.stm32cube.ide.mcu.externaltools.gnu-tools-for-stm32.12.3.rel1.win32_1.0.100.202403111256/tools/bin/../lib/gcc/arm-none-eabi/12.3.1/../../../../arm-none-eabi/lib/thumb/v7e-m+fp/hard\libc_nano.a(libc_a-puts.o) (__swsetup_r)
D:/STM32CubeIDE_1.15.1/STM32CubeIDE/plugins/com.st.stm32cube.ide.mcu.externaltools.gnu-tools-for-stm32.12.3.rel1.win32_1.0.100.202403111256/tools/bin/../lib/gcc/arm-none-eabi/12.3.1/../../../../arm-none-eabi/lib/thumb/v7e-m+fp/hard\libc_nano.a(libc_a-memset.o)
                              D:/STM32CubeIDE_1.15.1/STM32CubeIDE/plugins/com.st.stm32cube.ide.mcu.externaltools.gnu-tools-for-stm32.12.3.rel1.win32_1.0.100.202403111256/tools/bin/../lib/gcc/arm-none-eabi/12.3.1/../../../../arm-none-eabi/lib/thumb/v7e-m+fp/hard/crt0.o (memset)
[...]
Memory Configuration

Name             Origin             Length             Attributes
RAM              0x20000000         0x00020000         xrw
FLASH            0x08000000         0x00080000         xr
*default*        0x00000000         0xffffffff

Linker script and memory map

LOAD D:/STM32CubeIDE_1.15.1/STM32CubeIDE/plugins/com.st.stm32cube.ide.mcu.externaltools.gnu-tools-for-stm32.12.3.rel1.win32_1.0.100.202403111256/tools/bin/../lib/gcc/arm-none-eabi/12.3.1/thumb/v7e-m+fp/hard/crti.o
LOAD D:/STM32CubeIDE_1.15.1/STM32CubeIDE/plugins/com.st.stm32cube.ide.mcu.externaltools.gnu-tools-for-stm32.12.3.rel1.win32_1.0.100.202403111256/tools/bin/../lib/gcc/arm-none-eabi/12.3.1/thumb/v7e-m+fp/hard/crtbegin.o
LOAD D:/STM32CubeIDE_1.15.1/STM32CubeIDE/plugins/com.st.stm32cube.ide.mcu.externaltools.gnu-tools-for-stm32.12.3.rel1.win32_1.0.100.202403111256/tools/bin/../lib/gcc/arm-none-eabi/12.3.1/../../../../arm-none-eabi/lib/thumb/v7e-m+fp/hard/crt0.o
LOAD ./BlueNRG-2/Target/hci_tl_interface.o
LOAD ./Core/Src/app_bluenrg.o
LOAD ./Core/Src/main.o
LOAD ./Core/Src/services.o
LOAD ./Core/Src/stm32f4xx_hal_msp.o
LOAD ./Core/Src/stm32f4xx_it.o
LOAD ./Core/Src/stm32f4xx_nucleo_bus.o
LOAD ./Core/Src/syscalls.o
LOAD ./Core/Src/sysmem.o
LOAD ./Core/Src/system_stm32f4xx.o
LOAD ./Core/Startup/startup_stm32f411retx.o
LOAD ./Drivers/STM32F4xx_HAL_Driver/Src/stm32f4xx_hal.o
LOAD ./Drivers/STM32F4xx_HAL_Driver/Src/stm32f4xx_hal_cortex.o
LOAD ./Drivers/STM32F4xx_HAL_Driver/Src/stm32f4xx_hal_dma.o
LOAD ./Drivers/STM32F4xx_HAL_Driver/Src/stm32f4xx_hal_dma_ex.o
LOAD ./Drivers/STM32F4xx_HAL_Driver/Src/stm32f4xx_hal_exti.o
LOAD ./Drivers/STM32F4xx_HAL_Driver/Src/stm32f4xx_hal_flash.o
LOAD ./Drivers/STM32F4xx_HAL_Driver/Src/stm32f4xx_hal_flash_ex.o
LOAD ./Drivers/STM32F4xx_HAL_Driver/Src/stm32f4xx_hal_flash_ramfunc.o
LOAD ./Drivers/STM32F4xx_HAL_Driver/Src/stm32f4xx_hal_gpio.o
LOAD ./Drivers/STM32F4xx_HAL_Driver/Src/stm32f4xx_hal_pwr.o
LOAD ./Drivers/STM32F4xx_HAL_Driver/Src/stm32f4xx_hal_pwr_ex.o
LOAD ./Drivers/STM32F4xx_HAL_Driver/Src/stm32f4xx_hal_rcc.o
LOAD ./Drivers/STM32F4xx_HAL_Driver/Src/stm32f4xx_hal_rcc_ex.o
LOAD ./Drivers/STM32F4xx_HAL_Driver/Src/stm32f4xx_hal_spi.o
LOAD ./Drivers/STM32F4xx_HAL_Driver/Src/stm32f4xx_hal_tim.o
LOAD ./Drivers/STM32F4xx_HAL_Driver/Src/stm32f4xx_hal_tim_ex.o
LOAD ./Drivers/STM32F4xx_HAL_Driver/Src/stm32f4xx_hal_uart.o
LOAD ./Middlewares/ST/BlueNRG-2/hci/bluenrg1_devConfig.o
LOAD ./Middlewares/ST/BlueNRG-2/hci/bluenrg1_events.o
LOAD ./Middlewares/ST/BlueNRG-2/hci/bluenrg1_events_cb.o
LOAD ./Middlewares/ST/BlueNRG-2/hci/bluenrg1_hci_le.o
LOAD ./Middlewares/ST/BlueNRG-2/hci/controller/bluenrg1_gap_aci.o
LOAD ./Middlewares/ST/BlueNRG-2/hci/controller/bluenrg1_gatt_aci.o
LOAD ./Middlewares/ST/BlueNRG-2/hci/controller/bluenrg1_hal_aci.o
LOAD ./Middlewares/ST/BlueNRG-2/hci/controller/bluenrg1_l2cap_aci.o
LOAD ./Middlewares/ST/BlueNRG-2/hci/hci_tl_patterns/Basic/hci_tl.o
LOAD ./Middlewares/ST/BlueNRG-2/utils/ble_list.o
START GROUP
LOAD D:/STM32CubeIDE_1.15.1/STM32CubeIDE/plugins/com.st.stm32cube.ide.mcu.externaltools.gnu-tools-for-stm32.12.3.rel1.win32_1.0.100.202403111256/tools/bin/../lib/gcc/arm-none-eabi/12.3.1/../../../../arm-none-eabi/lib/thumb/v7e-m+fp/hard\libc_nano.a
LOAD D:/STM32CubeIDE_1.15.1/STM32CubeIDE/plugins/com.st.stm32cube.ide.mcu.externaltools.gnu-tools-for-stm32.12.3.rel1.win32_1.0.100.202403111256/tools/bin/../lib/gcc/arm-none-eabi/12.3.1/../../../../arm-none-eabi/lib/thumb/v7e-m+fp/hard\libm.a
END GROUP
START GROUP
LOAD D:/STM32CubeIDE_1.15.1/STM32CubeIDE/plugins/com.st.stm32cube.ide.mcu.externaltools.gnu-tools-for-stm32.12.3.rel1.win32_1.0.100.202403111256/tools/bin/../lib/gcc/arm-none-eabi/12.3.1/thumb/v7e-m+fp/hard\libgcc.a
LOAD D:/STM32CubeIDE_1.15.1/STM32CubeIDE/plugins/com.st.stm32cube.ide.mcu.externaltools.gnu-tools-for-stm32.12.3.rel1.win32_1.0.100.202403111256/tools/bin/../lib/gcc/arm-none-eabi/12.3.1/../../../../arm-none-eabi/lib/thumb/v7e-m+fp/hard\libc_nano.a
END GROUP
START GROUP
LOAD D:/STM32CubeIDE_1.15.1/STM32CubeIDE/plugins/com.st.stm32cube.ide.mcu.externaltools.gnu-tools-for-stm32.12.3.rel1.win32_1.0.100.202403111256/tools/bin/../lib/gcc/arm-none-eabi/12.3.1/thumb/v7e-m+fp/hard\libgcc.a
LOAD D:/STM32CubeIDE_1.15.1/STM32CubeIDE/plugins/com.st.stm32cube.ide.mcu.externaltools.gnu-tools-for-stm32.12.3.rel1.win32_1.0.100.202403111256/tools/bin/../lib/gcc/arm-none-eabi/12.3.1/../../../../arm-none-eabi/lib/thumb/v7e-m+fp/hard\libc_nano.a
LOAD D:/STM32CubeIDE_1.15.1/STM32CubeIDE/plugins/com.st.stm32cube.ide.mcu.externaltools.gnu-tools-for-stm32.12.3.rel1.win32_1.0.100.202403111256/tools/bin/../lib/gcc/arm-none-eabi/12.3.1/../../../../arm-none-eabi/lib/thumb/v7e-m+fp/hard\libnosys.a
END GROUP
START GROUP
LOAD D:/STM32CubeIDE_1.15.1/STM32CubeIDE/plugins/com.st.stm32cube.ide.mcu.externaltools.gnu-tools-for-stm32.12.3.rel1.win32_1.0.100.202403111256/tools/bin/../lib/gcc/arm-none-eabi/12.3.1/thumb/v7e-m+fp/hard\libgcc.a
LOAD D:/STM32CubeIDE_1.15.1/STM32CubeIDE/plugins/com.st.stm32cube.ide.mcu.externaltools.gnu-tools-for-stm32.12.3.rel1.win32_1.0.100.202403111256/tools/bin/../lib/gcc/arm-none-eabi/12.3.1/../../../../arm-none-eabi/lib/thumb/v7e-m+fp/hard\libc_nano.a
LOAD D:/STM32CubeIDE_1.15.1/STM32CubeIDE/plugins/com.st.stm32cube.ide.mcu.externaltools.gnu-tools-for-stm32.12.3.rel1.win32_1.0.100.202403111256/tools/bin/../lib/gcc/arm-none-eabi/12.3.1/../../../../arm-none-eabi/lib/thumb/v7e-m+fp/hard\libnosys.a
END GROUP
LOAD D:/STM32CubeIDE_1.15.1/STM32CubeIDE/plugins/com.st.stm32cube.ide.mcu.externaltools.gnu-tools-for-stm32.12.3.rel1.win32_1.0.100.202403111256/tools/bin/../lib/gcc/arm-none-eabi/12.3.1/thumb/v7e-m+fp/hard/crtend.o
LOAD D:/STM32CubeIDE_1.15.1/STM32CubeIDE/plugins/com.st.stm32cube.ide.mcu.externaltools.gnu-tools-for-stm32.12.3.rel1.win32_1.0.100.202403111256/tools/bin/../lib/gcc/arm-none-eabi/12.3.1/thumb/v7e-m+fp/hard/crtn.o
                0x20020000                        _estack = (ORIGIN (RAM) + LENGTH (RAM))
                0x00000200                        _Min_Heap_Size = 0x200
                0x00000400                        _Min_Stack_Size = 0x400

.isr_vector     0x08000000      0x198
                0x08000000                        . = ALIGN (0x4)
 *(.isr_vector)
 .isr_vector    0x08000000      0x198 ./Core/Startup/startup_stm32f411retx.o
                0x08000000                g_pfnVectors
                0x08000198                        . = ALIGN (0x4)

.text           0x080001a0     0x6b4c
                0x080001a0                        . = ALIGN (0x4)
 *(.text)
 .text          0x080001a0       0x40 D:/STM32CubeIDE_1.15.1/STM32CubeIDE/plugins/com.st.stm32cube.ide.mcu.externaltools.gnu-tools-for-stm32.12.3.rel1.win32_1.0.100.202403111256/tools/bin/../lib/gcc/arm-none-eabi/12.3.1/thumb/v7e-m+fp/hard/crtbegin.o
 .text          0x080001e0       0x10 D:/STM32CubeIDE_1.15.1/STM32CubeIDE/plugins/com.st.stm32cube.ide.mcu.externaltools.gnu-tools-for-stm32.12.3.rel1.win32_1.0.100.202403111256/tools/bin/../lib/gcc/arm-none-eabi/12.3.1/../../../../arm-none-eabi/lib/thumb/v7e-m+fp/hard\libc_nano.a(libc_a-strlen.o)
                0x080001e0                strlen
 .text          0x080001f0       0xa0 D:/STM32CubeIDE_1.15.1/STM32CubeIDE/plugins/com.st.stm32cube.ide.mcu.externaltools.gnu-tools-for-stm32.12.3.rel1.win32_1.0.100.202403111256/tools/bin/../lib/gcc/arm-none-eabi/12.3.1/../../../../arm-none-eabi/lib/thumb/v7e-m+fp/hard\libc_nano.a(libc_a-memchr.o)
                0x080001f0                memchr
 .text          0x08000290       0x30 D:/STM32CubeIDE_1.15.1/STM32CubeIDE/plugins/com.st.stm32cube.ide.mcu.externaltools.gnu-tools-for-stm32.12.3.rel1.win32_1.0.100.202403111256/tools/bin/../lib/gcc/arm-none-eabi/12.3.1/thumb/v7e-m+fp/hard\libgcc.a(_aeabi_uldivmod.o)
                0x08000290                __aeabi_uldivmod
 .text          0x080002c0      0x2bc D:/STM32CubeIDE_1.15.1/STM32CubeIDE/plugins/com.st.stm32cube.ide.mcu.externaltools.gnu-tools-for-stm32.12.3.rel1.win32_1.0.100.202403111256/tools/bin/../lib/gcc/arm-none-eabi/12.3.1/thumb/v7e-m+fp/hard\libgcc.a(_udivmoddi4.o)
                0x080002c0                __udivmoddi4
 .text          0x0800057c        0x4 D:/STM32CubeIDE_1.15.1/STM32CubeIDE/plugins/com.st.stm32cube.ide.mcu.externaltools.gnu-tools-for-stm32.12.3.rel1.win32_1.0.100.202403111256/tools/bin/../lib/gcc/arm-none-eabi/12.3.1/thumb/v7e-m+fp/hard\libgcc.a(_dvmd_tls.o)
                0x0800057c                __aeabi_idiv0
                0x0800057c                __aeabi_ldiv0
 *(.text*)
 .text.HCI_TL_SPI_Enable_IRQ
                0x08000580        0xe ./BlueNRG-2/Target/hci_tl_interface.o
 .text.HCI_TL_SPI_Disable_IRQ
                0x0800058e        0xe ./BlueNRG-2/Target/hci_tl_interface.o
 .text.HCI_TL_SPI_Init
                0x0800059c       0x9c ./BlueNRG-2/Target/hci_tl_interface.o
                0x0800059c                HCI_TL_SPI_Init
 .text.HCI_TL_SPI_DeInit
                0x08000638       0x28 ./BlueNRG-2/Target/hci_tl_interface.o
                0x08000638                HCI_TL_SPI_DeInit
 .text.HCI_TL_SPI_Reset
                0x08000660       0x3c ./BlueNRG-2/Target/hci_tl_interface.o
                0x08000660                HCI_TL_SPI_Reset
 .text.HCI_TL_SPI_Receive
                0x0800069c       0xb8 ./BlueNRG-2/Target/hci_tl_interface.o
                0x0800069c                HCI_TL_SPI_Receive
 .text.HCI_TL_SPI_Send
                0x08000754       0xec ./BlueNRG-2/Target/hci_tl_interface.o
                0x08000754                HCI_TL_SPI_Send
 .text.IsDataAvailable
                0x08000840       0x20 ./BlueNRG-2/Target/hci_tl_interface.o
 .text.hci_tl_lowlevel_init
                0x08000860       0x74 ./BlueNRG-2/Target/hci_tl_interface.o
                0x08000860                hci_tl_lowlevel_init
 .text.hci_tl_lowlevel_isr
                0x080008d4       0x22 ./BlueNRG-2/Target/hci_tl_interface.o
                0x080008d4                hci_tl_lowlevel_isr
 *fill*         0x080008f6        0x2 
 .text.bluenrg_init
                0x080008f8       0xf4 ./Core/Src/app_bluenrg.o
                0x080008f8                bluenrg_init
 .text.bluenrg_process
                0x080009ec       0x5c ./Core/Src/app_bluenrg.o
                0x080009ec                bluenrg_process
 .text.__io_putchar
                0x08000a48       0x30 ./Core/Src/main.o
                0x08000a48                __io_putchar
 .text.main     0x08000a78       0x28 ./Core/Src/main.o
                0x08000a78                main
 .text.SystemClock_Config
                0x08000aa0       0xd0 ./Core/Src/main.o
                0x08000aa0                SystemClock_Config
 .text.MX_USART2_UART_Init
                0x08000b70       0x54 ./Core/Src/main.o
 .text.MX_GPIO_Init
                0x08000bc4      0x11c ./Core/Src/main.o
 .text.Error_Handler
                0x08000ce0        0xc ./Core/Src/main.o
                0x08000ce0                Error_Handler
 .text.add_simple_service
                0x08000cec       0x78 ./Core/Src/services.o
                0x08000cec                add_simple_service
 .text.update_data
                0x08000d64       0x44 ./Core/Src/services.o
                0x08000d64                update_data
 .text.Read_Request_CB
                0x08000da8       0x5c ./Core/Src/services.o
                0x08000da8                Read_Request_CB
 .text.aci_gatt_read_permit_req_event
                0x08000e04       0x22 ./Core/Src/services.o
                0x08000e04                aci_gatt_read_permit_req_event
 *fill*         0x08000e26        0x2 
 .text.hci_le_connection_complete_event
                0x08000e28       0x54 ./Core/Src/services.o
                0x08000e28                hci_le_connection_complete_event
 .text.APP_UserEvtRx
                0x08000e7c       0xf0 ./Core/Src/services.o
                0x08000e7c                APP_UserEvtRx
 .text.HAL_MspInit
                0x08000f6c       0x50 ./Core/Src/stm32f4xx_hal_msp.o
                0x08000f6c                HAL_MspInit
 .text.HAL_UART_MspInit
                0x08000fbc       0x90 ./Core/Src/stm32f4xx_hal_msp.o
                0x08000fbc                HAL_UART_MspInit
 .text.NMI_Handler
                0x0800104c        0x8 ./Core/Src/stm32f4xx_it.o
                0x0800104c                NMI_Handler
 .text.HardFault_Handler
                0x08001054        0x8 ./Core/Src/stm32f4xx_it.o
                0x08001054                HardFault_Handler
 .text.MemManage_Handler
                0x0800105c        0x8 ./Core/Src/stm32f4xx_it.o
                0x0800105c                MemManage_Handler
 .text.BusFault_Handler
                0x08001064        0x8 ./Core/Src/stm32f4xx_it.o
                0x08001064                BusFault_Handler
 .text.UsageFault_Handler
                0x0800106c        0x8 ./Core/Src/stm32f4xx_it.o
                0x0800106c                UsageFault_Handler
 .text.SVC_Handler
                0x08001074        0xe ./Core/Src/stm32f4xx_it.o
                0x08001074                SVC_Handler
 .text.DebugMon_Handler
                0x08001082        0xe ./Core/Src/stm32f4xx_it.o
                0x08001082                DebugMon_Handler
 .text.PendSV_Handler
                0x08001090        0xe ./Core/Src/stm32f4xx_it.o
                0x08001090                PendSV_Handler
 .text.SysTick_Handler
                0x0800109e        0xc ./Core/Src/stm32f4xx_it.o
                0x0800109e                SysTick_Handler
 *fill*         0x080010aa        0x2 
 .text.EXTI0_IRQHandler
                0x080010ac       0x14 ./Core/Src/stm32f4xx_it.o
                0x080010ac                EXTI0_IRQHandler
 .text.EXTI15_10_IRQHandler
                0x080010c0       0x10 ./Core/Src/stm32f4xx_it.o
                0x080010c0                EXTI15_10_IRQHandler
 .text.BSP_SPI1_Init
                0x080010d0       0x60 ./Core/Src/stm32f4xx_nucleo_bus.o
                0x080010d0                BSP_SPI1_Init
 .text.BSP_SPI1_SendRecv
                0x08001130       0x40 ./Core/Src/stm32f4xx_nucleo_bus.o
                0x08001130                BSP_SPI1_SendRecv
 .text.BSP_GetTick
                0x08001170        0xe ./Core/Src/stm32f4xx_nucleo_bus.o
                0x08001170                BSP_GetTick
 *fill*         0x0800117e        0x2 
 .text.MX_SPI1_Init
                0x08001180       0x78 ./Core/Src/stm32f4xx_nucleo_bus.o
                0x08001180                MX_SPI1_Init
 .text.SPI1_MspInit
                0x080011f8       0xd0 ./Core/Src/stm32f4xx_nucleo_bus.o
 .text._getpid  0x080012c8       0x10 ./Core/Src/syscalls.o
                0x080012c8                _getpid
 .text._kill    0x080012d8       0x20 ./Core/Src/syscalls.o
                0x080012d8                _kill
 .text._exit    0x080012f8       0x16 ./Core/Src/syscalls.o
                0x080012f8                _exit
 .text._read    0x0800130e       0x3a ./Core/Src/syscalls.o
                0x0800130e                _read
 .text._write   0x08001348       0x38 ./Core/Src/syscalls.o
                0x08001348                _write
 .text._close   0x08001380       0x18 ./Core/Src/syscalls.o
                0x08001380                _close
 .text._fstat   0x08001398       0x20 ./Core/Src/syscalls.o
                0x08001398                _fstat
 .text._isatty  0x080013b8       0x16 ./Core/Src/syscalls.o
                0x080013b8                _isatty
 .text._lseek   0x080013ce       0x1a ./Core/Src/syscalls.o
                0x080013ce                _lseek
 .text._sbrk    0x080013e8       0x6c ./Core/Src/sysmem.o
                0x080013e8                _sbrk
 .text.SystemInit
                0x08001454       0x24 ./Core/Src/system_stm32f4xx.o
                0x08001454                SystemInit
 .text.Reset_Handler
                0x08001478       0x50 ./Core/Startup/startup_stm32f411retx.o
                0x08001478                Reset_Handler
 .text.Default_Handler
                0x080014c8        0x2 ./Core/Startup/startup_stm32f411retx.o
                0x080014c8                RTC_Alarm_IRQHandler
                0x080014c8                EXTI2_IRQHandler
                0x080014c8                SPI4_IRQHandler
                0x080014c8                TIM1_CC_IRQHandler
                0x080014c8                DMA2_Stream5_IRQHandler
                0x080014c8                DMA1_Stream5_IRQHandler
                0x080014c8                PVD_IRQHandler
                0x080014c8                SDIO_IRQHandler
                0x080014c8                TAMP_STAMP_IRQHandler
                0x080014c8                EXTI3_IRQHandler
                0x080014c8                TIM1_UP_TIM10_IRQHandler
                0x080014c8                I2C3_ER_IRQHandler
                0x080014c8                I2C2_EV_IRQHandler
                0x080014c8                DMA1_Stream2_IRQHandler
                0x080014c8                FPU_IRQHandler
                0x080014c8                DMA2_Stream2_IRQHandler
                0x080014c8                SPI1_IRQHandler
                0x080014c8                TIM1_BRK_TIM9_IRQHandler
                0x080014c8                DMA2_Stream3_IRQHandler
                0x080014c8                USART6_IRQHandler
                0x080014c8                DMA2_Stream0_IRQHandler
                0x080014c8                TIM4_IRQHandler
                0x080014c8                I2C1_EV_IRQHandler
                0x080014c8                DMA1_Stream6_IRQHandler
                0x080014c8                DMA1_Stream1_IRQHandler
                0x080014c8                TIM3_IRQHandler
                0x080014c8                RCC_IRQHandler
                0x080014c8                Default_Handler
                0x080014c8                ADC_IRQHandler
                0x080014c8                DMA1_Stream7_IRQHandler
                0x080014c8                SPI5_IRQHandler
                0x080014c8                TIM5_IRQHandler
                0x080014c8                DMA2_Stream7_IRQHandler
                0x080014c8                I2C3_EV_IRQHandler
                0x080014c8                EXTI9_5_IRQHandler
                0x080014c8                RTC_WKUP_IRQHandler
                0x080014c8                SPI2_IRQHandler
                0x080014c8                DMA1_Stream0_IRQHandler
                0x080014c8                EXTI4_IRQHandler
                0x080014c8                WWDG_IRQHandler
                0x080014c8                TIM2_IRQHandler
                0x080014c8                OTG_FS_WKUP_IRQHandler
                0x080014c8                TIM1_TRG_COM_TIM11_IRQHandler
                0x080014c8                EXTI1_IRQHandler
                0x080014c8                USART2_IRQHandler
                0x080014c8                I2C2_ER_IRQHandler
                0x080014c8                DMA2_Stream1_IRQHandler
                0x080014c8                FLASH_IRQHandler
                0x080014c8                DMA2_Stream4_IRQHandler
                0x080014c8                USART1_IRQHandler
                0x080014c8                OTG_FS_IRQHandler
                0x080014c8                SPI3_IRQHandler
                0x080014c8                DMA1_Stream4_IRQHandler
                0x080014c8                I2C1_ER_IRQHandler
                0x080014c8                DMA2_Stream6_IRQHandler
                0x080014c8                DMA1_Stream3_IRQHandler
 *fill*         0x080014ca        0x2 
 .text.HAL_Init
                0x080014cc       0x44 ./Drivers/STM32F4xx_HAL_Driver/Src/stm32f4xx_hal.o
                0x080014cc                HAL_Init
 .text.HAL_InitTick
                0x08001510       0x60 ./Drivers/STM32F4xx_HAL_Driver/Src/stm32f4xx_hal.o
                0x08001510                HAL_InitTick
 .text.HAL_IncTick
                0x08001570       0x28 ./Drivers/STM32F4xx_HAL_Driver/Src/stm32f4xx_hal.o
                0x08001570                HAL_IncTick
 .text.HAL_GetTick
                0x08001598       0x18 ./Drivers/STM32F4xx_HAL_Driver/Src/stm32f4xx_hal.o
                0x08001598                HAL_GetTick
 .text.HAL_Delay
                0x080015b0       0x48 ./Drivers/STM32F4xx_HAL_Driver/Src/stm32f4xx_hal.o
                0x080015b0                HAL_Delay
 .text.__NVIC_SetPriorityGrouping
                0x080015f8       0x48 ./Drivers/STM32F4xx_HAL_Driver/Src/stm32f4xx_hal_cortex.o
 .text.__NVIC_GetPriorityGrouping
                0x08001640       0x1c ./Drivers/STM32F4xx_HAL_Driver/Src/stm32f4xx_hal_cortex.o
 .text.__NVIC_EnableIRQ
                0x0800165c       0x3c ./Drivers/STM32F4xx_HAL_Driver/Src/stm32f4xx_hal_cortex.o
 .text.__NVIC_DisableIRQ
                0x08001698       0x48 ./Drivers/STM32F4xx_HAL_Driver/Src/stm32f4xx_hal_cortex.o
 .text.__NVIC_SetPriority
                0x080016e0       0x54 ./Drivers/STM32F4xx_HAL_Driver/Src/stm32f4xx_hal_cortex.o
 .text.NVIC_EncodePriority
                0x08001734       0x66 ./Drivers/STM32F4xx_HAL_Driver/Src/stm32f4xx_hal_cortex.o
 *fill*         0x0800179a        0x2 
 .text.SysTick_Config
                0x0800179c       0x44 ./Drivers/STM32F4xx_HAL_Driver/Src/stm32f4xx_hal_cortex.o
 .text.HAL_NVIC_SetPriorityGrouping
                0x080017e0       0x16 ./Drivers/STM32F4xx_HAL_Driver/Src/stm32f4xx_hal_cortex.o
                0x080017e0                HAL_NVIC_SetPriorityGrouping
 .text.HAL_NVIC_SetPriority
                0x080017f6       0x38 ./Drivers/STM32F4xx_HAL_Driver/Src/stm32f4xx_hal_cortex.o
                0x080017f6                HAL_NVIC_SetPriority
 .text.HAL_NVIC_EnableIRQ
                0x0800182e       0x1c ./Drivers/STM32F4xx_HAL_Driver/Src/stm32f4xx_hal_cortex.o
                0x0800182e                HAL_NVIC_EnableIRQ
 .text.HAL_NVIC_DisableIRQ
                0x0800184a       0x1c ./Drivers/STM32F4xx_HAL_Driver/Src/stm32f4xx_hal_cortex.o
                0x0800184a                HAL_NVIC_DisableIRQ
 .text.HAL_SYSTICK_Config
                0x08001866       0x18 ./Drivers/STM32F4xx_HAL_Driver/Src/stm32f4xx_hal_cortex.o
                0x08001866                HAL_SYSTICK_Config
 .text.HAL_EXTI_RegisterCallback
                0x0800187e       0x34 ./Drivers/STM32F4xx_HAL_Driver/Src/stm32f4xx_hal_exti.o
                0x0800187e                HAL_EXTI_RegisterCallback
 .text.HAL_EXTI_GetHandle
                0x080018b2       0x28 ./Drivers/STM32F4xx_HAL_Driver/Src/stm32f4xx_hal_exti.o
                0x080018b2                HAL_EXTI_GetHandle
 *fill*         0x080018da        0x2 
 .text.HAL_EXTI_IRQHandler
                0x080018dc       0x48 ./Drivers/STM32F4xx_HAL_Driver/Src/stm32f4xx_hal_exti.o
                0x080018dc                HAL_EXTI_IRQHandler
 .text.HAL_GPIO_Init
                0x08001924      0x308 ./Drivers/STM32F4xx_HAL_Driver/Src/stm32f4xx_hal_gpio.o
                0x08001924                HAL_GPIO_Init
 .text.HAL_GPIO_DeInit
                0x08001c2c      0x1c8 ./Drivers/STM32F4xx_HAL_Driver/Src/stm32f4xx_hal_gpio.o
                0x08001c2c                HAL_GPIO_DeInit
 .text.HAL_GPIO_ReadPin
                0x08001df4       0x30 ./Drivers/STM32F4xx_HAL_Driver/Src/stm32f4xx_hal_gpio.o
                0x08001df4                HAL_GPIO_ReadPin
 .text.HAL_GPIO_WritePin
                0x08001e24       0x32 ./Drivers/STM32F4xx_HAL_Driver/Src/stm32f4xx_hal_gpio.o
                0x08001e24                HAL_GPIO_WritePin
 *fill*         0x08001e56        0x2 
 .text.HAL_GPIO_EXTI_IRQHandler
                0x08001e58       0x30 ./Drivers/STM32F4xx_HAL_Driver/Src/stm32f4xx_hal_gpio.o
                0x08001e58                HAL_GPIO_EXTI_IRQHandler
 .text.HAL_GPIO_EXTI_Callback
                0x08001e88       0x16 ./Drivers/STM32F4xx_HAL_Driver/Src/stm32f4xx_hal_gpio.o
                0x08001e88                HAL_GPIO_EXTI_Callback
 *fill*         0x08001e9e        0x2 
 .text.HAL_RCC_OscConfig
                0x08001ea0      0x4f0 ./Drivers/STM32F4xx_HAL_Driver/Src/stm32f4xx_hal_rcc.o
                0x08001ea0                HAL_RCC_OscConfig
 .text.HAL_RCC_ClockConfig
                0x08002390      0x1cc ./Drivers/STM32F4xx_HAL_Driver/Src/stm32f4xx_hal_rcc.o
                0x08002390                HAL_RCC_ClockConfig
 .text.HAL_RCC_GetSysClockFreq
                0x0800255c      0x20c ./Drivers/STM32F4xx_HAL_Driver/Src/stm32f4xx_hal_rcc.o
                0x0800255c                HAL_RCC_GetSysClockFreq
 .text.HAL_RCC_GetHCLKFreq
                0x08002768       0x18 ./Drivers/STM32F4xx_HAL_Driver/Src/stm32f4xx_hal_rcc.o
                0x08002768                HAL_RCC_GetHCLKFreq
 .text.HAL_RCC_GetPCLK1Freq
                0x08002780       0x28 ./Drivers/STM32F4xx_HAL_Driver/Src/stm32f4xx_hal_rcc.o
                0x08002780                HAL_RCC_GetPCLK1Freq
 .text.HAL_RCC_GetPCLK2Freq
                0x080027a8       0x28 ./Drivers/STM32F4xx_HAL_Driver/Src/stm32f4xx_hal_rcc.o
                0x080027a8                HAL_RCC_GetPCLK2Freq
 .text.HAL_SPI_Init
                0x080027d0      0x112 ./Drivers/STM32F4xx_HAL_Driver/Src/stm32f4xx_hal_spi.o
                0x080027d0                HAL_SPI_Init
 .text.HAL_SPI_MspInit
                0x080028e2       0x14 ./Drivers/STM32F4xx_HAL_Driver/Src/stm32f4xx_hal_spi.o
                0x080028e2                HAL_SPI_MspInit
 .text.HAL_SPI_TransmitReceive
                0x080028f6      0x344 ./Drivers/STM32F4xx_HAL_Driver/Src/stm32f4xx_hal_spi.o
                0x080028f6                HAL_SPI_TransmitReceive
 .text.HAL_SPI_GetState
                0x08002c3a       0x1c ./Drivers/STM32F4xx_HAL_Driver/Src/stm32f4xx_hal_spi.o
                0x08002c3a                HAL_SPI_GetState
 *fill*         0x08002c56        0x2 
 .text.SPI_WaitFlagStateUntilTimeout
                0x08002c58      0x110 ./Drivers/STM32F4xx_HAL_Driver/Src/stm32f4xx_hal_spi.o
 .text.SPI_EndRxTxTransaction
                0x08002d68       0x84 ./Drivers/STM32F4xx_HAL_Driver/Src/stm32f4xx_hal_spi.o
 .text.HAL_UART_Init
                0x08002dec       0x9a ./Drivers/STM32F4xx_HAL_Driver/Src/stm32f4xx_hal_uart.o
                0x08002dec                HAL_UART_Init
 *fill*         0x08002e86        0x2 
 .text.UART_SetConfig
                0x08002e88      0x4e8 ./Drivers/STM32F4xx_HAL_Driver/Src/stm32f4xx_hal_uart.o
 .text.hci_disconnection_complete_event_process
                0x08003370       0x30 ./Middlewares/ST/BlueNRG-2/hci/bluenrg1_events.o
                0x08003370                hci_disconnection_complete_event_process
 .text.hci_encryption_change_event_process
                0x080033a0       0x30 ./Middlewares/ST/BlueNRG-2/hci/bluenrg1_events.o
                0x080033a0                hci_encryption_change_event_process
 .text.hci_read_remote_version_information_complete_event_process
                0x080033d0       0x3e ./Middlewares/ST/BlueNRG-2/hci/bluenrg1_events.o
                0x080033d0                hci_read_remote_version_information_complete_event_process
 .text.hci_hardware_error_event_process
                0x0800340e       0x24 ./Middlewares/ST/BlueNRG-2/hci/bluenrg1_events.o
                0x0800340e                hci_hardware_error_event_process
 .text.hci_number_of_completed_packets_event_process
                0x08003432       0xae ./Middlewares/ST/BlueNRG-2/hci/bluenrg1_events.o
                0x08003432                hci_number_of_completed_packets_event_process
 .text.hci_data_buffer_overflow_event_process
                0x080034e0       0x24 ./Middlewares/ST/BlueNRG-2/hci/bluenrg1_events.o
                0x080034e0                hci_data_buffer_overflow_event_process
 .text.hci_encryption_key_refresh_complete_event_process
                0x08003504       0x2e ./Middlewares/ST/BlueNRG-2/hci/bluenrg1_events.o
                0x08003504                hci_encryption_key_refresh_complete_event_process
 .text.aci_blue_initialized_event_process
                0x08003532       0x24 ./Middlewares/ST/BlueNRG-2/hci/bluenrg1_events.o
                0x08003532                aci_blue_initialized_event_process
 .text.aci_blue_events_lost_event_process
                0x08003556       0x22 ./Middlewares/ST/BlueNRG-2/hci/bluenrg1_events.o
                0x08003556                aci_blue_events_lost_event_process
 .text.aci_blue_crash_info_event_process
                0x08003578       0x84 ./Middlewares/ST/BlueNRG-2/hci/bluenrg1_events.o
                0x08003578                aci_blue_crash_info_event_process
 .text.aci_hal_end_of_radio_activity_event_process
                0x080035fc       0x2e ./Middlewares/ST/BlueNRG-2/hci/bluenrg1_events.o
                0x080035fc                aci_hal_end_of_radio_activity_event_process
 .text.aci_hal_scan_req_report_event_process
                0x0800362a       0x2e ./Middlewares/ST/BlueNRG-2/hci/bluenrg1_events.o
                0x0800362a                aci_hal_scan_req_report_event_process
 .text.aci_hal_fw_error_event_process
                0x08003658       0x2c ./Middlewares/ST/BlueNRG-2/hci/bluenrg1_events.o
                0x08003658                aci_hal_fw_error_event_process
 .text.aci_gap_limited_discoverable_event_process
                0x08003684       0x1a ./Middlewares/ST/BlueNRG-2/hci/bluenrg1_events.o
                0x08003684                aci_gap_limited_discoverable_event_process
 .text.aci_gap_pairing_complete_event_process
                0x0800369e       0x2e ./Middlewares/ST/BlueNRG-2/hci/bluenrg1_events.o
                0x0800369e                aci_gap_pairing_complete_event_process
 .text.aci_gap_pass_key_req_event_process
                0x080036cc       0x26 ./Middlewares/ST/BlueNRG-2/hci/bluenrg1_events.o
                0x080036cc                aci_gap_pass_key_req_event_process
 .text.aci_gap_authorization_req_event_process
                0x080036f2       0x26 ./Middlewares/ST/BlueNRG-2/hci/bluenrg1_events.o
                0x080036f2                aci_gap_authorization_req_event_process
 .text.aci_gap_slave_security_initiated_event_process
                0x08003718       0x1a ./Middlewares/ST/BlueNRG-2/hci/bluenrg1_events.o
                0x08003718                aci_gap_slave_security_initiated_event_process
 .text.aci_gap_bond_lost_event_process
                0x08003732       0x1a ./Middlewares/ST/BlueNRG-2/hci/bluenrg1_events.o
                0x08003732                aci_gap_bond_lost_event_process
 .text.aci_gap_proc_complete_event_process
                0x0800374c       0x2e ./Middlewares/ST/BlueNRG-2/hci/bluenrg1_events.o
                0x0800374c                aci_gap_proc_complete_event_process
 .text.aci_gap_addr_not_resolved_event_process
                0x0800377a       0x26 ./Middlewares/ST/BlueNRG-2/hci/bluenrg1_events.o
                0x0800377a                aci_gap_addr_not_resolved_event_process
 .text.aci_gap_numeric_comparison_value_event_process
                0x080037a0       0x2e ./Middlewares/ST/BlueNRG-2/hci/bluenrg1_events.o
                0x080037a0                aci_gap_numeric_comparison_value_event_process
 .text.aci_gap_keypress_notification_event_process
                0x080037ce       0x2c ./Middlewares/ST/BlueNRG-2/hci/bluenrg1_events.o
                0x080037ce                aci_gap_keypress_notification_event_process
 .text.aci_l2cap_connection_update_resp_event_process
                0x080037fa       0x2e ./Middlewares/ST/BlueNRG-2/hci/bluenrg1_events.o
                0x080037fa                aci_l2cap_connection_update_resp_event_process
 .text.aci_l2cap_proc_timeout_event_process
                0x08003828       0x2e ./Middlewares/ST/BlueNRG-2/hci/bluenrg1_events.o
                0x08003828                aci_l2cap_proc_timeout_event_process
 .text.aci_l2cap_connection_update_req_event_process
                0x08003856       0x5c ./Middlewares/ST/BlueNRG-2/hci/bluenrg1_events.o
                0x08003856                aci_l2cap_connection_update_req_event_process
 .text.aci_l2cap_command_reject_event_process
                0x080038b2       0x3c ./Middlewares/ST/BlueNRG-2/hci/bluenrg1_events.o
                0x080038b2                aci_l2cap_command_reject_event_process
 .text.aci_gatt_attribute_modified_event_process
                0x080038ee       0x3e ./Middlewares/ST/BlueNRG-2/hci/bluenrg1_events.o
                0x080038ee                aci_gatt_attribute_modified_event_process
 .text.aci_gatt_proc_timeout_event_process
                0x0800392c       0x26 ./Middlewares/ST/BlueNRG-2/hci/bluenrg1_events.o
                0x0800392c                aci_gatt_proc_timeout_event_process
 .text.aci_att_exchange_mtu_resp_event_process
                0x08003952       0x2e ./Middlewares/ST/BlueNRG-2/hci/bluenrg1_events.o
                0x08003952                aci_att_exchange_mtu_resp_event_process
 .text.aci_att_find_info_resp_event_process
                0x08003980       0x30 ./Middlewares/ST/BlueNRG-2/hci/bluenrg1_events.o
                0x08003980                aci_att_find_info_resp_event_process
 .text.aci_att_find_by_type_value_resp_event_process
                0x080039b0       0xb4 ./Middlewares/ST/BlueNRG-2/hci/bluenrg1_events.o
                0x080039b0                aci_att_find_by_type_value_resp_event_process
 .text.aci_att_read_by_type_resp_event_process
                0x08003a64       0x30 ./Middlewares/ST/BlueNRG-2/hci/bluenrg1_events.o
                0x08003a64                aci_att_read_by_type_resp_event_process
 .text.aci_att_read_resp_event_process
                0x08003a94       0x2e ./Middlewares/ST/BlueNRG-2/hci/bluenrg1_events.o
                0x08003a94                aci_att_read_resp_event_process
 .text.aci_att_read_blob_resp_event_process
                0x08003ac2       0x2e ./Middlewares/ST/BlueNRG-2/hci/bluenrg1_events.o
                0x08003ac2                aci_att_read_blob_resp_event_process
 .text.aci_att_read_multiple_resp_event_process
                0x08003af0       0x2e ./Middlewares/ST/BlueNRG-2/hci/bluenrg1_events.o
                0x08003af0                aci_att_read_multiple_resp_event_process
 .text.aci_att_read_by_group_type_resp_event_process
                0x08003b1e       0x30 ./Middlewares/ST/BlueNRG-2/hci/bluenrg1_events.o
                0x08003b1e                aci_att_read_by_group_type_resp_event_process
 .text.aci_att_prepare_write_resp_event_process
                0x08003b4e       0x3c ./Middlewares/ST/BlueNRG-2/hci/bluenrg1_events.o
                0x08003b4e                aci_att_prepare_write_resp_event_process
 .text.aci_att_exec_write_resp_event_process
                0x08003b8a       0x26 ./Middlewares/ST/BlueNRG-2/hci/bluenrg1_events.o
                0x08003b8a                aci_att_exec_write_resp_event_process
 .text.aci_gatt_indication_event_process
                0x08003bb0       0x32 ./Middlewares/ST/BlueNRG-2/hci/bluenrg1_events.o
                0x08003bb0                aci_gatt_indication_event_process
 .text.aci_gatt_notification_event_process
                0x08003be2       0x32 ./Middlewares/ST/BlueNRG-2/hci/bluenrg1_events.o
                0x08003be2                aci_gatt_notification_event_process
 .text.aci_gatt_proc_complete_event_process
                0x08003c14       0x2c ./Middlewares/ST/BlueNRG-2/hci/bluenrg1_events.o
                0x08003c14                aci_gatt_proc_complete_event_process
 .text.aci_gatt_error_resp_event_process
                0x08003c40       0x34 ./Middlewares/ST/BlueNRG-2/hci/bluenrg1_events.o
                0x08003c40                aci_gatt_error_resp_event_process
 .text.aci_gatt_disc_read_char_by_uuid_resp_event_process
                0x08003c74       0x32 ./Middlewares/ST/BlueNRG-2/hci/bluenrg1_events.o
                0x08003c74                aci_gatt_disc_read_char_by_uuid_resp_event_process
 .text.aci_gatt_write_permit_req_event_process
                0x08003ca6       0x32 ./Middlewares/ST/BlueNRG-2/hci/bluenrg1_events.o
                0x08003ca6                aci_gatt_write_permit_req_event_process
 .text.aci_gatt_read_permit_req_event_process
                0x08003cd8       0x32 ./Middlewares/ST/BlueNRG-2/hci/bluenrg1_events.o
                0x08003cd8                aci_gatt_read_permit_req_event_process
 .text.aci_gatt_read_multi_permit_req_event_process
                0x08003d0a       0x8a ./Middlewares/ST/BlueNRG-2/hci/bluenrg1_events.o
                0x08003d0a                aci_gatt_read_multi_permit_req_event_process
 .text.aci_gatt_tx_pool_available_event_process
                0x08003d94       0x2e ./Middlewares/ST/BlueNRG-2/hci/bluenrg1_events.o
                0x08003d94                aci_gatt_tx_pool_available_event_process
 .text.aci_gatt_server_confirmation_event_process
                0x08003dc2       0x26 ./Middlewares/ST/BlueNRG-2/hci/bluenrg1_events.o
                0x08003dc2                aci_gatt_server_confirmation_event_process
 .text.aci_gatt_prepare_write_permit_req_event_process
                0x08003de8       0x3c ./Middlewares/ST/BlueNRG-2/hci/bluenrg1_events.o
                0x08003de8                aci_gatt_prepare_write_permit_req_event_process
 .text.hci_le_connection_complete_event_process
                0x08003e24       0x68 ./Middlewares/ST/BlueNRG-2/hci/bluenrg1_events.o
                0x08003e24                hci_le_connection_complete_event_process
 .text.hci_le_advertising_report_event_process
                0x08003e8c      0x1ba ./Middlewares/ST/BlueNRG-2/hci/bluenrg1_events.o
                0x08003e8c                hci_le_advertising_report_event_process
 .text.hci_le_connection_update_complete_event_process
                0x08004046       0x46 ./Middlewares/ST/BlueNRG-2/hci/bluenrg1_events.o
                0x08004046                hci_le_connection_update_complete_event_process
 .text.hci_le_read_remote_used_features_complete_event_process
                0x0800408c       0x30 ./Middlewares/ST/BlueNRG-2/hci/bluenrg1_events.o
                0x0800408c                hci_le_read_remote_used_features_complete_event_process
 .text.hci_le_long_term_key_request_event_process
                0x080040bc       0x30 ./Middlewares/ST/BlueNRG-2/hci/bluenrg1_events.o
                0x080040bc                hci_le_long_term_key_request_event_process
 .text.hci_le_data_length_change_event_process
                0x080040ec       0x40 ./Middlewares/ST/BlueNRG-2/hci/bluenrg1_events.o
                0x080040ec                hci_le_data_length_change_event_process
 .text.hci_le_read_local_p256_public_key_complete_event_process
                0x0800412c       0x2a ./Middlewares/ST/BlueNRG-2/hci/bluenrg1_events.o
                0x0800412c                hci_le_read_local_p256_public_key_complete_event_process
 .text.hci_le_generate_dhkey_complete_event_process
                0x08004156       0x2a ./Middlewares/ST/BlueNRG-2/hci/bluenrg1_events.o
                0x08004156                hci_le_generate_dhkey_complete_event_process
 .text.hci_le_enhanced_connection_complete_event_process
                0x08004180       0x7c ./Middlewares/ST/BlueNRG-2/hci/bluenrg1_events.o
                0x08004180                hci_le_enhanced_connection_complete_event_process
 .text.hci_le_direct_advertising_report_event_process
                0x080041fc      0x15e ./Middlewares/ST/BlueNRG-2/hci/bluenrg1_events.o
                0x080041fc                hci_le_direct_advertising_report_event_process
 .text.hci_disconnection_complete_event
                0x0800435a       0x1e ./Middlewares/ST/BlueNRG-2/hci/bluenrg1_events_cb.o
                0x0800435a                hci_disconnection_complete_event
 .text.hci_encryption_change_event
                0x08004378       0x1e ./Middlewares/ST/BlueNRG-2/hci/bluenrg1_events_cb.o
                0x08004378                hci_encryption_change_event
 .text.hci_read_remote_version_information_complete_event
                0x08004396       0x28 ./Middlewares/ST/BlueNRG-2/hci/bluenrg1_events_cb.o
                0x08004396                hci_read_remote_version_information_complete_event
 .text.hci_hardware_error_event
                0x080043be       0x16 ./Middlewares/ST/BlueNRG-2/hci/bluenrg1_events_cb.o
                0x080043be                hci_hardware_error_event
 .text.hci_number_of_completed_packets_event
                0x080043d4       0x18 ./Middlewares/ST/BlueNRG-2/hci/bluenrg1_events_cb.o
                0x080043d4                hci_number_of_completed_packets_event
 .text.hci_data_buffer_overflow_event
                0x080043ec       0x16 ./Middlewares/ST/BlueNRG-2/hci/bluenrg1_events_cb.o
                0x080043ec                hci_data_buffer_overflow_event
 .text.hci_encryption_key_refresh_complete_event
                0x08004402       0x1c ./Middlewares/ST/BlueNRG-2/hci/bluenrg1_events_cb.o
                0x08004402                hci_encryption_key_refresh_complete_event
 .text.hci_le_advertising_report_event
                0x0800441e       0x18 ./Middlewares/ST/BlueNRG-2/hci/bluenrg1_events_cb.o
                0x0800441e                hci_le_advertising_report_event
 .text.hci_le_connection_update_complete_event
                0x08004436       0x28 ./Middlewares/ST/BlueNRG-2/hci/bluenrg1_events_cb.o
                0x08004436                hci_le_connection_update_complete_event
 .text.hci_le_read_remote_used_features_complete_event
                0x0800445e       0x1c ./Middlewares/ST/BlueNRG-2/hci/bluenrg1_events_cb.o
                0x0800445e                hci_le_read_remote_used_features_complete_event
 .text.hci_le_long_term_key_request_event
                0x0800447a       0x1c ./Middlewares/ST/BlueNRG-2/hci/bluenrg1_events_cb.o
                0x0800447a                hci_le_long_term_key_request_event
 .text.hci_le_data_length_change_event
                0x08004496       0x28 ./Middlewares/ST/BlueNRG-2/hci/bluenrg1_events_cb.o
                0x08004496                hci_le_data_length_change_event
 .text.hci_le_read_local_p256_public_key_complete_event
                0x080044be       0x18 ./Middlewares/ST/BlueNRG-2/hci/bluenrg1_events_cb.o
                0x080044be                hci_le_read_local_p256_public_key_complete_event
 .text.hci_le_generate_dhkey_complete_event
                0x080044d6       0x18 ./Middlewares/ST/BlueNRG-2/hci/bluenrg1_events_cb.o
                0x080044d6                hci_le_generate_dhkey_complete_event
 .text.hci_le_enhanced_connection_complete_event
                0x080044ee       0x28 ./Middlewares/ST/BlueNRG-2/hci/bluenrg1_events_cb.o
                0x080044ee                hci_le_enhanced_connection_complete_event
 .text.hci_le_direct_advertising_report_event
                0x08004516       0x18 ./Middlewares/ST/BlueNRG-2/hci/bluenrg1_events_cb.o
                0x08004516                hci_le_direct_advertising_report_event
 .text.aci_gap_limited_discoverable_event
                0x0800452e        0xe ./Middlewares/ST/BlueNRG-2/hci/bluenrg1_events_cb.o
                0x0800452e                aci_gap_limited_discoverable_event
 .text.aci_gap_pairing_complete_event
                0x0800453c       0x1e ./Middlewares/ST/BlueNRG-2/hci/bluenrg1_events_cb.o
                0x0800453c                aci_gap_pairing_complete_event
 .text.aci_gap_pass_key_req_event
                0x0800455a       0x16 ./Middlewares/ST/BlueNRG-2/hci/bluenrg1_events_cb.o
                0x0800455a                aci_gap_pass_key_req_event
 .text.aci_gap_authorization_req_event
                0x08004570       0x16 ./Middlewares/ST/BlueNRG-2/hci/bluenrg1_events_cb.o
                0x08004570                aci_gap_authorization_req_event
 .text.aci_gap_slave_security_initiated_event
                0x08004586        0xe ./Middlewares/ST/BlueNRG-2/hci/bluenrg1_events_cb.o
                0x08004586                aci_gap_slave_security_initiated_event
 .text.aci_gap_bond_lost_event
                0x08004594        0xe ./Middlewares/ST/BlueNRG-2/hci/bluenrg1_events_cb.o
                0x08004594                aci_gap_bond_lost_event
 .text.aci_gap_proc_complete_event
                0x080045a2       0x20 ./Middlewares/ST/BlueNRG-2/hci/bluenrg1_events_cb.o
                0x080045a2                aci_gap_proc_complete_event
 .text.aci_gap_addr_not_resolved_event
                0x080045c2       0x16 ./Middlewares/ST/BlueNRG-2/hci/bluenrg1_events_cb.o
                0x080045c2                aci_gap_addr_not_resolved_event
 .text.aci_gap_numeric_comparison_value_event
                0x080045d8       0x18 ./Middlewares/ST/BlueNRG-2/hci/bluenrg1_events_cb.o
                0x080045d8                aci_gap_numeric_comparison_value_event
 .text.aci_gap_keypress_notification_event
                0x080045f0       0x1c ./Middlewares/ST/BlueNRG-2/hci/bluenrg1_events_cb.o
                0x080045f0                aci_gap_keypress_notification_event
 .text.aci_gatt_attribute_modified_event
                0x0800460c       0x28 ./Middlewares/ST/BlueNRG-2/hci/bluenrg1_events_cb.o
                0x0800460c                aci_gatt_attribute_modified_event
 .text.aci_gatt_proc_timeout_event
                0x08004634       0x16 ./Middlewares/ST/BlueNRG-2/hci/bluenrg1_events_cb.o
                0x08004634                aci_gatt_proc_timeout_event
 .text.aci_att_exchange_mtu_resp_event
                0x0800464a       0x1c ./Middlewares/ST/BlueNRG-2/hci/bluenrg1_events_cb.o
                0x0800464a                aci_att_exchange_mtu_resp_event
 .text.aci_att_find_info_resp_event
                0x08004666       0x20 ./Middlewares/ST/BlueNRG-2/hci/bluenrg1_events_cb.o
                0x08004666                aci_att_find_info_resp_event
 .text.aci_att_find_by_type_value_resp_event
                0x08004686       0x1c ./Middlewares/ST/BlueNRG-2/hci/bluenrg1_events_cb.o
                0x08004686                aci_att_find_by_type_value_resp_event
 .text.aci_att_read_by_type_resp_event
                0x080046a2       0x20 ./Middlewares/ST/BlueNRG-2/hci/bluenrg1_events_cb.o
                0x080046a2                aci_att_read_by_type_resp_event
 .text.aci_att_read_resp_event
                0x080046c2       0x1c ./Middlewares/ST/BlueNRG-2/hci/bluenrg1_events_cb.o
                0x080046c2                aci_att_read_resp_event
 .text.aci_att_read_blob_resp_event
                0x080046de       0x1c ./Middlewares/ST/BlueNRG-2/hci/bluenrg1_events_cb.o
                0x080046de                aci_att_read_blob_resp_event
 .text.aci_att_read_multiple_resp_event
                0x080046fa       0x1c ./Middlewares/ST/BlueNRG-2/hci/bluenrg1_events_cb.o
                0x080046fa                aci_att_read_multiple_resp_event
 .text.aci_att_read_by_group_type_resp_event
                0x08004716       0x20 ./Middlewares/ST/BlueNRG-2/hci/bluenrg1_events_cb.o
                0x08004716                aci_att_read_by_group_type_resp_event
 .text.aci_att_prepare_write_resp_event
                0x08004736       0x28 ./Middlewares/ST/BlueNRG-2/hci/bluenrg1_events_cb.o
                0x08004736                aci_att_prepare_write_resp_event
 .text.aci_att_exec_write_resp_event
                0x0800475e       0x16 ./Middlewares/ST/BlueNRG-2/hci/bluenrg1_events_cb.o
                0x0800475e                aci_att_exec_write_resp_event
 .text.aci_gatt_indication_event
                0x08004774       0x20 ./Middlewares/ST/BlueNRG-2/hci/bluenrg1_events_cb.o
                0x08004774                aci_gatt_indication_event
 .text.aci_gatt_notification_event
                0x08004794       0x20 ./Middlewares/ST/BlueNRG-2/hci/bluenrg1_events_cb.o
                0x08004794                aci_gatt_notification_event
 .text.aci_gatt_proc_complete_event
                0x080047b4       0x1c ./Middlewares/ST/BlueNRG-2/hci/bluenrg1_events_cb.o
                0x080047b4                aci_gatt_proc_complete_event
 .text.aci_gatt_error_resp_event
                0x080047d0       0x28 ./Middlewares/ST/BlueNRG-2/hci/bluenrg1_events_cb.o
                0x080047d0                aci_gatt_error_resp_event
 .text.aci_gatt_disc_read_char_by_uuid_resp_event
                0x080047f8       0x20 ./Middlewares/ST/BlueNRG-2/hci/bluenrg1_events_cb.o
                0x080047f8                aci_gatt_disc_read_char_by_uuid_resp_event
 .text.aci_gatt_write_permit_req_event
                0x08004818       0x20 ./Middlewares/ST/BlueNRG-2/hci/bluenrg1_events_cb.o
                0x08004818                aci_gatt_write_permit_req_event
 .text.aci_gatt_read_multi_permit_req_event
                0x08004838       0x1c ./Middlewares/ST/BlueNRG-2/hci/bluenrg1_events_cb.o
                0x08004838                aci_gatt_read_multi_permit_req_event
 .text.aci_gatt_tx_pool_available_event
                0x08004854       0x1c ./Middlewares/ST/BlueNRG-2/hci/bluenrg1_events_cb.o
                0x08004854                aci_gatt_tx_pool_available_event
 .text.aci_gatt_server_confirmation_event
                0x08004870       0x16 ./Middlewares/ST/BlueNRG-2/hci/bluenrg1_events_cb.o
                0x08004870                aci_gatt_server_confirmation_event
 .text.aci_gatt_prepare_write_permit_req_event
                0x08004886       0x28 ./Middlewares/ST/BlueNRG-2/hci/bluenrg1_events_cb.o
                0x08004886                aci_gatt_prepare_write_permit_req_event
 .text.aci_l2cap_connection_update_resp_event
                0x080048ae       0x1c ./Middlewares/ST/BlueNRG-2/hci/bluenrg1_events_cb.o
                0x080048ae                aci_l2cap_connection_update_resp_event
 .text.aci_l2cap_proc_timeout_event
                0x080048ca       0x1c ./Middlewares/ST/BlueNRG-2/hci/bluenrg1_events_cb.o
                0x080048ca                aci_l2cap_proc_timeout_event
 .text.aci_l2cap_connection_update_req_event
                0x080048e6       0x28 ./Middlewares/ST/BlueNRG-2/hci/bluenrg1_events_cb.o
                0x080048e6                aci_l2cap_connection_update_req_event
 .text.aci_l2cap_command_reject_event
                0x0800490e       0x28 ./Middlewares/ST/BlueNRG-2/hci/bluenrg1_events_cb.o
                0x0800490e                aci_l2cap_command_reject_event
 .text.aci_blue_initialized_event
                0x08004936       0x16 ./Middlewares/ST/BlueNRG-2/hci/bluenrg1_events_cb.o
                0x08004936                aci_blue_initialized_event
 .text.aci_blue_events_lost_event
                0x0800494c       0x14 ./Middlewares/ST/BlueNRG-2/hci/bluenrg1_events_cb.o
                0x0800494c                aci_blue_events_lost_event
 .text.aci_blue_crash_info_event
                0x08004960       0x1c ./Middlewares/ST/BlueNRG-2/hci/bluenrg1_events_cb.o
                0x08004960                aci_blue_crash_info_event
 .text.aci_hal_end_of_radio_activity_event
                0x0800497c       0x1c ./Middlewares/ST/BlueNRG-2/hci/bluenrg1_events_cb.o
                0x0800497c                aci_hal_end_of_radio_activity_event
 .text.aci_hal_scan_req_report_event
                0x08004998       0x1c ./Middlewares/ST/BlueNRG-2/hci/bluenrg1_events_cb.o
                0x08004998                aci_hal_scan_req_report_event
 .text.aci_hal_fw_error_event
                0x080049b4       0x1c ./Middlewares/ST/BlueNRG-2/hci/bluenrg1_events_cb.o
                0x080049b4                aci_hal_fw_error_event
 .text.hci_reset
                0x080049d0       0x52 ./Middlewares/ST/BlueNRG-2/hci/bluenrg1_hci_le.o
                0x080049d0                hci_reset
 .text.aci_gap_set_discoverable
                0x08004a22      0x206 ./Middlewares/ST/BlueNRG-2/hci/controller/bluenrg1_gap_aci.o
                0x08004a22                aci_gap_set_discoverable
 .text.aci_gap_init
                0x08004c28      0x15a ./Middlewares/ST/BlueNRG-2/hci/controller/bluenrg1_gap_aci.o
                0x08004c28                aci_gap_init
 .text.aci_gatt_init
                0x08004d82       0x54 ./Middlewares/ST/BlueNRG-2/hci/controller/bluenrg1_gatt_aci.o
                0x08004d82                aci_gatt_init
 .text.aci_gatt_add_service
                0x08004dd6      0x1ac ./Middlewares/ST/BlueNRG-2/hci/controller/bluenrg1_gatt_aci.o
                0x08004dd6                aci_gatt_add_service
 .text.aci_gatt_add_char
                0x08004f82      0x210 ./Middlewares/ST/BlueNRG-2/hci/controller/bluenrg1_gatt_aci.o
                0x08004f82                aci_gatt_add_char
 .text.aci_gatt_update_char_value
                0x08005192      0x164 ./Middlewares/ST/BlueNRG-2/hci/controller/bluenrg1_gatt_aci.o
                0x08005192                aci_gatt_update_char_value
 .text.aci_gatt_allow_read
                0x080052f6       0xbc ./Middlewares/ST/BlueNRG-2/hci/controller/bluenrg1_gatt_aci.o
                0x080052f6                aci_gatt_allow_read
 .text.aci_hal_write_config_data
                0x080053b2      0x11c ./Middlewares/ST/BlueNRG-2/hci/controller/bluenrg1_hal_aci.o
                0x080053b2                aci_hal_write_config_data
 .text.verify_packet
                0x080054ce       0x40 ./Middlewares/ST/BlueNRG-2/hci/hci_tl_patterns/Basic/hci_tl.o
 *fill*         0x0800550e        0x2 
 .text.send_cmd
                0x08005510       0x80 ./Middlewares/ST/BlueNRG-2/hci/hci_tl_patterns/Basic/hci_tl.o
 .text.move_list
                0x08005590       0x38 ./Middlewares/ST/BlueNRG-2/hci/hci_tl_patterns/Basic/hci_tl.o
 .text.free_event_list
                0x080055c8       0x3c ./Middlewares/ST/BlueNRG-2/hci/hci_tl_patterns/Basic/hci_tl.o
 .text.hci_init
                0x08005604       0x84 ./Middlewares/ST/BlueNRG-2/hci/hci_tl_patterns/Basic/hci_tl.o
                0x08005604                hci_init
 .text.hci_register_io_bus
                0x08005688       0x40 ./Middlewares/ST/BlueNRG-2/hci/hci_tl_patterns/Basic/hci_tl.o
                0x08005688                hci_register_io_bus
 .text.hci_send_req
                0x080056c8      0x230 ./Middlewares/ST/BlueNRG-2/hci/hci_tl_patterns/Basic/hci_tl.o
                0x080056c8                hci_send_req
 .text.hci_user_evt_proc
                0x080058f8       0x58 ./Middlewares/ST/BlueNRG-2/hci/hci_tl_patterns/Basic/hci_tl.o
                0x080058f8                hci_user_evt_proc
 .text.hci_notify_asynch_evt
                0x08005950       0x9c ./Middlewares/ST/BlueNRG-2/hci/hci_tl_patterns/Basic/hci_tl.o
                0x08005950                hci_notify_asynch_evt
 .text.list_init_head
                0x080059ec       0x20 ./Middlewares/ST/BlueNRG-2/utils/ble_list.o
                0x080059ec                list_init_head
 .text.list_is_empty
                0x08005a0c       0x44 ./Middlewares/ST/BlueNRG-2/utils/ble_list.o
                0x08005a0c                list_is_empty
 .text.list_insert_head
                0x08005a50       0x4c ./Middlewares/ST/BlueNRG-2/utils/ble_list.o
                0x08005a50                list_insert_head
 .text.list_insert_tail
                0x08005a9c       0x4c ./Middlewares/ST/BlueNRG-2/utils/ble_list.o
                0x08005a9c                list_insert_tail
 .text.list_remove_node
                0x08005ae8       0x42 ./Middlewares/ST/BlueNRG-2/utils/ble_list.o
                0x08005ae8                list_remove_node
 .text.list_remove_head
                0x08005b2a       0x4e ./Middlewares/ST/BlueNRG-2/utils/ble_list.o
                0x08005b2a                list_remove_head
 .text.list_remove_tail
                0x08005b78       0x4e ./Middlewares/ST/BlueNRG-2/utils/ble_list.o
                0x08005b78                list_remove_tail
 .text.list_get_size
                0x08005bc6       0x50 ./Middlewares/ST/BlueNRG-2/utils/ble_list.o
                0x08005bc6                list_get_size
 *fill*         0x08005c16        0x2 
 .text.rand     0x08005c18       0x7c D:/STM32CubeIDE_1.15.1/STM32CubeIDE/plugins/com.st.stm32cube.ide.mcu.externaltools.gnu-tools-for-stm32.12.3.rel1.win32_1.0.100.202403111256/tools/bin/../lib/gcc/arm-none-eabi/12.3.1/../../../../arm-none-eabi/lib/thumb/v7e-m+fp/hard\libc_nano.a(libc_a-rand.o)
                0x08005c18                rand
 .text.std      0x08005c94       0x6c D:/STM32CubeIDE_1.15.1/STM32CubeIDE/plugins/com.st.stm32cube.ide.mcu.externaltools.gnu-tools-for-stm32.12.3.rel1.win32_1.0.100.202403111256/tools/bin/../lib/gcc/arm-none-eabi/12.3.1/../../../../arm-none-eabi/lib/thumb/v7e-m+fp/hard\libc_nano.a(libc_a-findfp.o)
 .text.stdio_exit_handler
                0x08005d00       0x18 D:/STM32CubeIDE_1.15.1/STM32CubeIDE/plugins/com.st.stm32cube.ide.mcu.externaltools.gnu-tools-for-stm32.12.3.rel1.win32_1.0.100.202403111256/tools/bin/../lib/gcc/arm-none-eabi/12.3.1/../../../../arm-none-eabi/lib/thumb/v7e-m+fp/hard\libc_nano.a(libc_a-findfp.o)
 .text.cleanup_stdio
                0x08005d18       0x40 D:/STM32CubeIDE_1.15.1/STM32CubeIDE/plugins/com.st.stm32cube.ide.mcu.externaltools.gnu-tools-for-stm32.12.3.rel1.win32_1.0.100.202403111256/tools/bin/../lib/gcc/arm-none-eabi/12.3.1/../../../../arm-none-eabi/lib/thumb/v7e-m+fp/hard\libc_nano.a(libc_a-findfp.o)
 .text.global_stdio_init.part.0
                0x08005d58       0x3c D:/STM32CubeIDE_1.15.1/STM32CubeIDE/plugins/com.st.stm32cube.ide.mcu.externaltools.gnu-tools-for-stm32.12.3.rel1.win32_1.0.100.202403111256/tools/bin/../lib/gcc/arm-none-eabi/12.3.1/../../../../arm-none-eabi/lib/thumb/v7e-m+fp/hard\libc_nano.a(libc_a-findfp.o)
 .text.__sfp_lock_acquire
                0x08005d94        0xc D:/STM32CubeIDE_1.15.1/STM32CubeIDE/plugins/com.st.stm32cube.ide.mcu.externaltools.gnu-tools-for-stm32.12.3.rel1.win32_1.0.100.202403111256/tools/bin/../lib/gcc/arm-none-eabi/12.3.1/../../../../arm-none-eabi/lib/thumb/v7e-m+fp/hard\libc_nano.a(libc_a-findfp.o)
                0x08005d94                __sfp_lock_acquire
 .text.__sfp_lock_release
                0x08005da0        0xc D:/STM32CubeIDE_1.15.1/STM32CubeIDE/plugins/com.st.stm32cube.ide.mcu.externaltools.gnu-tools-for-stm32.12.3.rel1.win32_1.0.100.202403111256/tools/bin/../lib/gcc/arm-none-eabi/12.3.1/../../../../arm-none-eabi/lib/thumb/v7e-m+fp/hard\libc_nano.a(libc_a-findfp.o)
                0x08005da0                __sfp_lock_release
 .text.__sinit  0x08005dac       0x30 D:/STM32CubeIDE_1.15.1/STM32CubeIDE/plugins/com.st.stm32cube.ide.mcu.externaltools.gnu-tools-for-stm32.12.3.rel1.win32_1.0.100.202403111256/tools/bin/../lib/gcc/arm-none-eabi/12.3.1/../../../../arm-none-eabi/lib/thumb/v7e-m+fp/hard\libc_nano.a(libc_a-findfp.o)
                0x08005dac                __sinit
 .text._fwalk_sglue
                0x08005ddc       0x3c D:/STM32CubeIDE_1.15.1/STM32CubeIDE/plugins/com.st.stm32cube.ide.mcu.externaltools.gnu-tools-for-stm32.12.3.rel1.win32_1.0.100.202403111256/tools/bin/../lib/gcc/arm-none-eabi/12.3.1/../../../../arm-none-eabi/lib/thumb/v7e-m+fp/hard\libc_nano.a(libc_a-fwalk.o)
                0x08005ddc                _fwalk_sglue
 .text.printf   0x08005e18       0x24 D:/STM32CubeIDE_1.15.1/STM32CubeIDE/plugins/com.st.stm32cube.ide.mcu.externaltools.gnu-tools-for-stm32.12.3.rel1.win32_1.0.100.202403111256/tools/bin/../lib/gcc/arm-none-eabi/12.3.1/../../../../arm-none-eabi/lib/thumb/v7e-m+fp/hard\libc_nano.a(libc_a-printf.o)
                0x08005e18                iprintf
                0x08005e18                printf
 .text._puts_r  0x08005e3c       0xaa D:/STM32CubeIDE_1.15.1/STM32CubeIDE/plugins/com.st.stm32cube.ide.mcu.externaltools.gnu-tools-for-stm32.12.3.rel1.win32_1.0.100.202403111256/tools/bin/../lib/gcc/arm-none-eabi/12.3.1/../../../../arm-none-eabi/lib/thumb/v7e-m+fp/hard\libc_nano.a(libc_a-puts.o)
                0x08005e3c                _puts_r
 *fill*         0x08005ee6        0x2 
 .text.puts     0x08005ee8       0x10 D:/STM32CubeIDE_1.15.1/STM32CubeIDE/plugins/com.st.stm32cube.ide.mcu.externaltools.gnu-tools-for-stm32.12.3.rel1.win32_1.0.100.202403111256/tools/bin/../lib/gcc/arm-none-eabi/12.3.1/../../../../arm-none-eabi/lib/thumb/v7e-m+fp/hard\libc_nano.a(libc_a-puts.o)
                0x08005ee8                puts
 .text.__sread  0x08005ef8       0x22 D:/STM32CubeIDE_1.15.1/STM32CubeIDE/plugins/com.st.stm32cube.ide.mcu.externaltools.gnu-tools-for-stm32.12.3.rel1.win32_1.0.100.202403111256/tools/bin/../lib/gcc/arm-none-eabi/12.3.1/../../../../arm-none-eabi/lib/thumb/v7e-m+fp/hard\libc_nano.a(libc_a-stdio.o)
                0x08005ef8                __sread
 .text.__swrite
                0x08005f1a       0x38 D:/STM32CubeIDE_1.15.1/STM32CubeIDE/plugins/com.st.stm32cube.ide.mcu.externaltools.gnu-tools-for-stm32.12.3.rel1.win32_1.0.100.202403111256/tools/bin/../lib/gcc/arm-none-eabi/12.3.1/../../../../arm-none-eabi/lib/thumb/v7e-m+fp/hard\libc_nano.a(libc_a-stdio.o)
                0x08005f1a                __swrite
 .text.__sseek  0x08005f52       0x24 D:/STM32CubeIDE_1.15.1/STM32CubeIDE/plugins/com.st.stm32cube.ide.mcu.externaltools.gnu-tools-for-stm32.12.3.rel1.win32_1.0.100.202403111256/tools/bin/../lib/gcc/arm-none-eabi/12.3.1/../../../../arm-none-eabi/lib/thumb/v7e-m+fp/hard\libc_nano.a(libc_a-stdio.o)
                0x08005f52                __sseek
 .text.__sclose
                0x08005f76        0x8 D:/STM32CubeIDE_1.15.1/STM32CubeIDE/plugins/com.st.stm32cube.ide.mcu.externaltools.gnu-tools-for-stm32.12.3.rel1.win32_1.0.100.202403111256/tools/bin/../lib/gcc/arm-none-eabi/12.3.1/../../../../arm-none-eabi/lib/thumb/v7e-m+fp/hard\libc_nano.a(libc_a-stdio.o)
                0x08005f76                __sclose
 .text.__swbuf_r
                0x08005f7e       0x7c D:/STM32CubeIDE_1.15.1/STM32CubeIDE/plugins/com.st.stm32cube.ide.mcu.externaltools.gnu-tools-for-stm32.12.3.rel1.win32_1.0.100.202403111256/tools/bin/../lib/gcc/arm-none-eabi/12.3.1/../../../../arm-none-eabi/lib/thumb/v7e-m+fp/hard\libc_nano.a(libc_a-wbuf.o)
                0x08005f7e                __swbuf_r
 *fill*         0x08005ffa        0x2 
 .text.__swsetup_r
                0x08005ffc       0xac D:/STM32CubeIDE_1.15.1/STM32CubeIDE/plugins/com.st.stm32cube.ide.mcu.externaltools.gnu-tools-for-stm32.12.3.rel1.win32_1.0.100.202403111256/tools/bin/../lib/gcc/arm-none-eabi/12.3.1/../../../../arm-none-eabi/lib/thumb/v7e-m+fp/hard\libc_nano.a(libc_a-wsetup.o)
                0x08005ffc                __swsetup_r
 .text.memset   0x080060a8       0x10 D:/STM32CubeIDE_1.15.1/STM32CubeIDE/plugins/com.st.stm32cube.ide.mcu.externaltools.gnu-tools-for-stm32.12.3.rel1.win32_1.0.100.202403111256/tools/bin/../lib/gcc/arm-none-eabi/12.3.1/../../../../arm-none-eabi/lib/thumb/v7e-m+fp/hard\libc_nano.a(libc_a-memset.o)
                0x080060a8                memset
 .text._close_r
                0x080060b8       0x20 D:/STM32CubeIDE_1.15.1/STM32CubeIDE/plugins/com.st.stm32cube.ide.mcu.externaltools.gnu-tools-for-stm32.12.3.rel1.win32_1.0.100.202403111256/tools/bin/../lib/gcc/arm-none-eabi/12.3.1/../../../../arm-none-eabi/lib/thumb/v7e-m+fp/hard\libc_nano.a(libc_a-closer.o)
                0x080060b8                _close_r
 .text._lseek_r
                0x080060d8       0x24 D:/STM32CubeIDE_1.15.1/STM32CubeIDE/plugins/com.st.stm32cube.ide.mcu.externaltools.gnu-tools-for-stm32.12.3.rel1.win32_1.0.100.202403111256/tools/bin/../lib/gcc/arm-none-eabi/12.3.1/../../../../arm-none-eabi/lib/thumb/v7e-m+fp/hard\libc_nano.a(libc_a-lseekr.o)
                0x080060d8                _lseek_r
 .text._read_r  0x080060fc       0x24 D:/STM32CubeIDE_1.15.1/STM32CubeIDE/plugins/com.st.stm32cube.ide.mcu.externaltools.gnu-tools-for-stm32.12.3.rel1.win32_1.0.100.202403111256/tools/bin/../lib/gcc/arm-none-eabi/12.3.1/../../../../arm-none-eabi/lib/thumb/v7e-m+fp/hard\libc_nano.a(libc_a-readr.o)
                0x080060fc                _read_r
 .text._write_r
                0x08006120       0x24 D:/STM32CubeIDE_1.15.1/STM32CubeIDE/plugins/com.st.stm32cube.ide.mcu.externaltools.gnu-tools-for-stm32.12.3.rel1.win32_1.0.100.202403111256/tools/bin/../lib/gcc/arm-none-eabi/12.3.1/../../../../arm-none-eabi/lib/thumb/v7e-m+fp/hard\libc_nano.a(libc_a-writer.o)
                0x08006120                _write_r
 .text.__errno  0x08006144        0xc D:/STM32CubeIDE_1.15.1/STM32CubeIDE/plugins/com.st.stm32cube.ide.mcu.externaltools.gnu-tools-for-stm32.12.3.rel1.win32_1.0.100.202403111256/tools/bin/../lib/gcc/arm-none-eabi/12.3.1/../../../../arm-none-eabi/lib/thumb/v7e-m+fp/hard\libc_nano.a(libc_a-errno.o)
                0x08006144                __errno
 .text.__libc_init_array
                0x08006150       0x48 D:/STM32CubeIDE_1.15.1/STM32CubeIDE/plugins/com.st.stm32cube.ide.mcu.externaltools.gnu-tools-for-stm32.12.3.rel1.win32_1.0.100.202403111256/tools/bin/../lib/gcc/arm-none-eabi/12.3.1/../../../../arm-none-eabi/lib/thumb/v7e-m+fp/hard\libc_nano.a(libc_a-init.o)
                0x08006150                __libc_init_array
 .text.__retarget_lock_init_recursive
                0x08006198        0x2 D:/STM32CubeIDE_1.15.1/STM32CubeIDE/plugins/com.st.stm32cube.ide.mcu.externaltools.gnu-tools-for-stm32.12.3.rel1.win32_1.0.100.202403111256/tools/bin/../lib/gcc/arm-none-eabi/12.3.1/../../../../arm-none-eabi/lib/thumb/v7e-m+fp/hard\libc_nano.a(libc_a-lock.o)
                0x08006198                __retarget_lock_init_recursive
 .text.__retarget_lock_acquire_recursive
                0x0800619a        0x2 D:/STM32CubeIDE_1.15.1/STM32CubeIDE/plugins/com.st.stm32cube.ide.mcu.externaltools.gnu-tools-for-stm32.12.3.rel1.win32_1.0.100.202403111256/tools/bin/../lib/gcc/arm-none-eabi/12.3.1/../../../../arm-none-eabi/lib/thumb/v7e-m+fp/hard\libc_nano.a(libc_a-lock.o)
                0x0800619a                __retarget_lock_acquire_recursive
 .text.__retarget_lock_release_recursive
                0x0800619c        0x2 D:/STM32CubeIDE_1.15.1/STM32CubeIDE/plugins/com.st.stm32cube.ide.mcu.externaltools.gnu-tools-for-stm32.12.3.rel1.win32_1.0.100.202403111256/tools/bin/../lib/gcc/arm-none-eabi/12.3.1/../../../../arm-none-eabi/lib/thumb/v7e-m+fp/hard\libc_nano.a(libc_a-lock.o)
                0x0800619c                __retarget_lock_release_recursive
 .text.memcpy   0x0800619e       0x1c D:/STM32CubeIDE_1.15.1/STM32CubeIDE/plugins/com.st.stm32cube.ide.mcu.externaltools.gnu-tools-for-stm32.12.3.rel1.win32_1.0.100.202403111256/tools/bin/../lib/gcc/arm-none-eabi/12.3.1/../../../../arm-none-eabi/lib/thumb/v7e-m+fp/hard\libc_nano.a(libc_a-memcpy-stub.o)
                0x0800619e                memcpy
 *fill*         0x080061ba        0x2 
 .text.__assert_func
                0x080061bc       0x3c D:/STM32CubeIDE_1.15.1/STM32CubeIDE/plugins/com.st.stm32cube.ide.mcu.externaltools.gnu-tools-for-stm32.12.3.rel1.win32_1.0.100.202403111256/tools/bin/../lib/gcc/arm-none-eabi/12.3.1/../../../../arm-none-eabi/lib/thumb/v7e-m+fp/hard\libc_nano.a(libc_a-assert.o)
                0x080061bc                __assert_func
 .text._free_r  0x080061f8       0x94 D:/STM32CubeIDE_1.15.1/STM32CubeIDE/plugins/com.st.stm32cube.ide.mcu.externaltools.gnu-tools-for-stm32.12.3.rel1.win32_1.0.100.202403111256/tools/bin/../lib/gcc/arm-none-eabi/12.3.1/../../../../arm-none-eabi/lib/thumb/v7e-m+fp/hard\libc_nano.a(libc_a-freer.o)
                0x080061f8                _free_r
 .text.malloc   0x0800628c       0x10 D:/STM32CubeIDE_1.15.1/STM32CubeIDE/plugins/com.st.stm32cube.ide.mcu.externaltools.gnu-tools-for-stm32.12.3.rel1.win32_1.0.100.202403111256/tools/bin/../lib/gcc/arm-none-eabi/12.3.1/../../../../arm-none-eabi/lib/thumb/v7e-m+fp/hard\libc_nano.a(libc_a-malloc.o)
                0x0800628c                malloc
 .text.sbrk_aligned
                0x0800629c       0x44 D:/STM32CubeIDE_1.15.1/STM32CubeIDE/plugins/com.st.stm32cube.ide.mcu.externaltools.gnu-tools-for-stm32.12.3.rel1.win32_1.0.100.202403111256/tools/bin/../lib/gcc/arm-none-eabi/12.3.1/../../../../arm-none-eabi/lib/thumb/v7e-m+fp/hard\libc_nano.a(libc_a-mallocr.o)
 .text._malloc_r
                0x080062e0      0x100 D:/STM32CubeIDE_1.15.1/STM32CubeIDE/plugins/com.st.stm32cube.ide.mcu.externaltools.gnu-tools-for-stm32.12.3.rel1.win32_1.0.100.202403111256/tools/bin/../lib/gcc/arm-none-eabi/12.3.1/../../../../arm-none-eabi/lib/thumb/v7e-m+fp/hard\libc_nano.a(libc_a-mallocr.o)
                0x080062e0                _malloc_r
 .text.__malloc_lock
                0x080063e0        0xc D:/STM32CubeIDE_1.15.1/STM32CubeIDE/plugins/com.st.stm32cube.ide.mcu.externaltools.gnu-tools-for-stm32.12.3.rel1.win32_1.0.100.202403111256/tools/bin/../lib/gcc/arm-none-eabi/12.3.1/../../../../arm-none-eabi/lib/thumb/v7e-m+fp/hard\libc_nano.a(libc_a-mlock.o)
                0x080063e0                __malloc_lock
 .text.__malloc_unlock
                0x080063ec        0xc D:/STM32CubeIDE_1.15.1/STM32CubeIDE/plugins/com.st.stm32cube.ide.mcu.externaltools.gnu-tools-for-stm32.12.3.rel1.win32_1.0.100.202403111256/tools/bin/../lib/gcc/arm-none-eabi/12.3.1/../../../../arm-none-eabi/lib/thumb/v7e-m+fp/hard\libc_nano.a(libc_a-mlock.o)
                0x080063ec                __malloc_unlock
 .text.__sfputc_r
                0x080063f8       0x2e D:/STM32CubeIDE_1.15.1/STM32CubeIDE/plugins/com.st.stm32cube.ide.mcu.externaltools.gnu-tools-for-stm32.12.3.rel1.win32_1.0.100.202403111256/tools/bin/../lib/gcc/arm-none-eabi/12.3.1/../../../../arm-none-eabi/lib/thumb/v7e-m+fp/hard\libc_nano.a(libc_a-nano-vfprintf.o)
 .text.__sfputs_r
                0x08006426       0x24 D:/STM32CubeIDE_1.15.1/STM32CubeIDE/plugins/com.st.stm32cube.ide.mcu.externaltools.gnu-tools-for-stm32.12.3.rel1.win32_1.0.100.202403111256/tools/bin/../lib/gcc/arm-none-eabi/12.3.1/../../../../arm-none-eabi/lib/thumb/v7e-m+fp/hard\libc_nano.a(libc_a-nano-vfprintf.o)
                0x08006426                __sfputs_r
 *fill*         0x0800644a        0x2 
 .text._vfprintf_r
                0x0800644c      0x230 D:/STM32CubeIDE_1.15.1/STM32CubeIDE/plugins/com.st.stm32cube.ide.mcu.externaltools.gnu-tools-for-stm32.12.3.rel1.win32_1.0.100.202403111256/tools/bin/../lib/gcc/arm-none-eabi/12.3.1/../../../../arm-none-eabi/lib/thumb/v7e-m+fp/hard\libc_nano.a(libc_a-nano-vfprintf.o)
                0x0800644c                _vfprintf_r
                0x0800644c                _vfiprintf_r
 .text._printf_common
                0x0800667c       0xda D:/STM32CubeIDE_1.15.1/STM32CubeIDE/plugins/com.st.stm32cube.ide.mcu.externaltools.gnu-tools-for-stm32.12.3.rel1.win32_1.0.100.202403111256/tools/bin/../lib/gcc/arm-none-eabi/12.3.1/../../../../arm-none-eabi/lib/thumb/v7e-m+fp/hard\libc_nano.a(libc_a-nano-vfprintf_i.o)
                0x0800667c                _printf_common
 *fill*         0x08006756        0x2 
 .text._printf_i
                0x08006758      0x240 D:/STM32CubeIDE_1.15.1/STM32CubeIDE/plugins/com.st.stm32cube.ide.mcu.externaltools.gnu-tools-for-stm32.12.3.rel1.win32_1.0.100.202403111256/tools/bin/../lib/gcc/arm-none-eabi/12.3.1/../../../../arm-none-eabi/lib/thumb/v7e-m+fp/hard\libc_nano.a(libc_a-nano-vfprintf_i.o)
                0x08006758                _printf_i
 .text.__sflush_r
                0x08006998      0x108 D:/STM32CubeIDE_1.15.1/STM32CubeIDE/plugins/com.st.stm32cube.ide.mcu.externaltools.gnu-tools-for-stm32.12.3.rel1.win32_1.0.100.202403111256/tools/bin/../lib/gcc/arm-none-eabi/12.3.1/../../../../arm-none-eabi/lib/thumb/v7e-m+fp/hard\libc_nano.a(libc_a-fflush.o)
                0x08006998                __sflush_r
 .text._fflush_r
                0x08006aa0       0x50 D:/STM32CubeIDE_1.15.1/STM32CubeIDE/plugins/com.st.stm32cube.ide.mcu.externaltools.gnu-tools-for-stm32.12.3.rel1.win32_1.0.100.202403111256/tools/bin/../lib/gcc/arm-none-eabi/12.3.1/../../../../arm-none-eabi/lib/thumb/v7e-m+fp/hard\libc_nano.a(libc_a-fflush.o)
                0x08006aa0                _fflush_r
 .text.fprintf  0x08006af0       0x24 D:/STM32CubeIDE_1.15.1/STM32CubeIDE/plugins/com.st.stm32cube.ide.mcu.externaltools.gnu-tools-for-stm32.12.3.rel1.win32_1.0.100.202403111256/tools/bin/../lib/gcc/arm-none-eabi/12.3.1/../../../../arm-none-eabi/lib/thumb/v7e-m+fp/hard\libc_nano.a(libc_a-fprintf.o)
                0x08006af0                fiprintf
                0x08006af0                fprintf
 .text.__swhatbuf_r
                0x08006b14       0x4c D:/STM32CubeIDE_1.15.1/STM32CubeIDE/plugins/com.st.stm32cube.ide.mcu.externaltools.gnu-tools-for-stm32.12.3.rel1.win32_1.0.100.202403111256/tools/bin/../lib/gcc/arm-none-eabi/12.3.1/../../../../arm-none-eabi/lib/thumb/v7e-m+fp/hard\libc_nano.a(libc_a-makebuf.o)
                0x08006b14                __swhatbuf_r
 .text.__smakebuf_r
                0x08006b60       0x78 D:/STM32CubeIDE_1.15.1/STM32CubeIDE/plugins/com.st.stm32cube.ide.mcu.externaltools.gnu-tools-for-stm32.12.3.rel1.win32_1.0.100.202403111256/tools/bin/../lib/gcc/arm-none-eabi/12.3.1/../../../../arm-none-eabi/lib/thumb/v7e-m+fp/hard\libc_nano.a(libc_a-makebuf.o)
                0x08006b60                __smakebuf_r
 .text._fstat_r
                0x08006bd8       0x24 D:/STM32CubeIDE_1.15.1/STM32CubeIDE/plugins/com.st.stm32cube.ide.mcu.externaltools.gnu-tools-for-stm32.12.3.rel1.win32_1.0.100.202403111256/tools/bin/../lib/gcc/arm-none-eabi/12.3.1/../../../../arm-none-eabi/lib/thumb/v7e-m+fp/hard\libc_nano.a(libc_a-fstatr.o)
                0x08006bd8                _fstat_r
 .text._isatty_r
                0x08006bfc       0x20 D:/STM32CubeIDE_1.15.1/STM32CubeIDE/plugins/com.st.stm32cube.ide.mcu.externaltools.gnu-tools-for-stm32.12.3.rel1.win32_1.0.100.202403111256/tools/bin/../lib/gcc/arm-none-eabi/12.3.1/../../../../arm-none-eabi/lib/thumb/v7e-m+fp/hard\libc_nano.a(libc_a-isattyr.o)
                0x08006bfc                _isatty_r
 .text._sbrk_r  0x08006c1c       0x20 D:/STM32CubeIDE_1.15.1/STM32CubeIDE/plugins/com.st.stm32cube.ide.mcu.externaltools.gnu-tools-for-stm32.12.3.rel1.win32_1.0.100.202403111256/tools/bin/../lib/gcc/arm-none-eabi/12.3.1/../../../../arm-none-eabi/lib/thumb/v7e-m+fp/hard\libc_nano.a(libc_a-sbrkr.o)
                0x08006c1c                _sbrk_r
 .text.abort    0x08006c3c        0xe D:/STM32CubeIDE_1.15.1/STM32CubeIDE/plugins/com.st.stm32cube.ide.mcu.externaltools.gnu-tools-for-stm32.12.3.rel1.win32_1.0.100.202403111256/tools/bin/../lib/gcc/arm-none-eabi/12.3.1/../../../../arm-none-eabi/lib/thumb/v7e-m+fp/hard\libc_nano.a(libc_a-abort.o)
                0x08006c3c                abort
 .text._raise_r
                0x08006c4a       0x50 D:/STM32CubeIDE_1.15.1/STM32CubeIDE/plugins/com.st.stm32cube.ide.mcu.externaltools.gnu-tools-for-stm32.12.3.rel1.win32_1.0.100.202403111256/tools/bin/../lib/gcc/arm-none-eabi/12.3.1/../../../../arm-none-eabi/lib/thumb/v7e-m+fp/hard\libc_nano.a(libc_a-signal.o)
                0x08006c4a                _raise_r
 *fill*         0x08006c9a        0x2 
 .text.raise    0x08006c9c       0x10 D:/STM32CubeIDE_1.15.1/STM32CubeIDE/plugins/com.st.stm32cube.ide.mcu.externaltools.gnu-tools-for-stm32.12.3.rel1.win32_1.0.100.202403111256/tools/bin/../lib/gcc/arm-none-eabi/12.3.1/../../../../arm-none-eabi/lib/thumb/v7e-m+fp/hard\libc_nano.a(libc_a-signal.o)
                0x08006c9c                raise
 .text._kill_r  0x08006cac       0x24 D:/STM32CubeIDE_1.15.1/STM32CubeIDE/plugins/com.st.stm32cube.ide.mcu.externaltools.gnu-tools-for-stm32.12.3.rel1.win32_1.0.100.202403111256/tools/bin/../lib/gcc/arm-none-eabi/12.3.1/../../../../arm-none-eabi/lib/thumb/v7e-m+fp/hard\libc_nano.a(libc_a-signalr.o)
                0x08006cac                _kill_r
 .text._getpid_r
                0x08006cd0        0x4 D:/STM32CubeIDE_1.15.1/STM32CubeIDE/plugins/com.st.stm32cube.ide.mcu.externaltools.gnu-tools-for-stm32.12.3.rel1.win32_1.0.100.202403111256/tools/bin/../lib/gcc/arm-none-eabi/12.3.1/../../../../arm-none-eabi/lib/thumb/v7e-m+fp/hard\libc_nano.a(libc_a-signalr.o)
                0x08006cd0                _getpid_r
 *(.glue_7)
 .glue_7        0x08006cd4        0x0 linker stubs
 *(.glue_7t)
 .glue_7t       0x08006cd4        0x0 linker stubs
 *(.eh_frame)
 .eh_frame      0x08006cd4        0x0 D:/STM32CubeIDE_1.15.1/STM32CubeIDE/plugins/com.st.stm32cube.ide.mcu.externaltools.gnu-tools-for-stm32.12.3.rel1.win32_1.0.100.202403111256/tools/bin/../lib/gcc/arm-none-eabi/12.3.1/thumb/v7e-m+fp/hard/crtbegin.o
 *(.init)
 .init          0x08006cd4        0x4 D:/STM32CubeIDE_1.15.1/STM32CubeIDE/plugins/com.st.stm32cube.ide.mcu.externaltools.gnu-tools-for-stm32.12.3.rel1.win32_1.0.100.202403111256/tools/bin/../lib/gcc/arm-none-eabi/12.3.1/thumb/v7e-m+fp/hard/crti.o
                0x08006cd4                _init
 .init          0x08006cd8        0x8 D:/STM32CubeIDE_1.15.1/STM32CubeIDE/plugins/com.st.stm32cube.ide.mcu.externaltools.gnu-tools-for-stm32.12.3.rel1.win32_1.0.100.202403111256/tools/bin/../lib/gcc/arm-none-eabi/12.3.1/thumb/v7e-m+fp/hard/crtn.o
 *(.fini)
 .fini          0x08006ce0        0x4 D:/STM32CubeIDE_1.15.1/STM32CubeIDE/plugins/com.st.stm32cube.ide.mcu.externaltools.gnu-tools-for-stm32.12.3.rel1.win32_1.0.100.202403111256/tools/bin/../lib/gcc/arm-none-eabi/12.3.1/thumb/v7e-m+fp/hard/crti.o
                0x08006ce0                _fini
 .fini          0x08006ce4        0x8 D:/STM32CubeIDE_1.15.1/STM32CubeIDE/plugins/com.st.stm32cube.ide.mcu.externaltools.gnu-tools-for-stm32.12.3.rel1.win32_1.0.100.202403111256/tools/bin/../lib/gcc/arm-none-eabi/12.3.1/thumb/v7e-m+fp/hard/crtn.o
                0x08006cec                        . = ALIGN (0x4)
                0x08006cec                        _etext = .

.vfp11_veneer   0x08006cec        0x0
 .vfp11_veneer  0x08006cec        0x0 linker stubs

.v4_bx          0x08006cec        0x0
 .v4_bx         0x08006cec        0x0 linker stubs

.iplt           0x08006cec        0x0
 .iplt          0x08006cec        0x0 D:/STM32CubeIDE_1.15.1/STM32CubeIDE/plugins/com.st.stm32cube.ide.mcu.externaltools.gnu-tools-for-stm32.12.3.rel1.win32_1.0.100.202403111256/tools/bin/../lib/gcc/arm-none-eabi/12.3.1/thumb/v7e-m+fp/hard/crtbegin.o

.rodata         0x08006cec      0x44c
                0x08006cec                        . = ALIGN (0x4)
 *(.rodata)
 .rodata        0x08006cec        0xd ./BlueNRG-2/Target/hci_tl_interface.o
 *fill*         0x08006cf9        0x3 
 .rodata        0x08006cfc       0xc9 ./Core/Src/app_bluenrg.o
 *fill*         0x08006dc5        0x3 
 .rodata        0x08006dc8       0x12 ./Core/Src/main.o
 *fill*         0x08006dda        0x2 
 .rodata        0x08006ddc       0x63 ./Core/Src/services.o
 *(.rodata*)
 *fill*         0x08006e3f        0x1 
 .rodata.SERVICE_UUID
                0x08006e40       0x10 ./Core/Src/services.o
                0x08006e40                SERVICE_UUID
 .rodata.CHAR_UUID
                0x08006e50       0x10 ./Core/Src/services.o
                0x08006e50                CHAR_UUID
 .rodata.AHBPrescTable
                0x08006e60       0x10 ./Core/Src/system_stm32f4xx.o
                0x08006e60                AHBPrescTable
 .rodata.APBPrescTable
                0x08006e70        0x8 ./Core/Src/system_stm32f4xx.o
                0x08006e70                APBPrescTable
 .rodata.hci_events_table
                0x08006e78       0x38 ./Middlewares/ST/BlueNRG-2/hci/bluenrg1_events.o
                0x08006e78                hci_events_table
 .rodata.hci_le_meta_events_table
                0x08006eb0       0x50 ./Middlewares/ST/BlueNRG-2/hci/bluenrg1_events.o
                0x08006eb0                hci_le_meta_events_table
 .rodata.hci_vendor_specific_events_table
                0x08006f00      0x158 ./Middlewares/ST/BlueNRG-2/hci/bluenrg1_events.o
                0x08006f00                hci_vendor_specific_events_table
 .rodata.srand.str1.1
                0x08007058       0x6f D:/STM32CubeIDE_1.15.1/STM32CubeIDE/plugins/com.st.stm32cube.ide.mcu.externaltools.gnu-tools-for-stm32.12.3.rel1.win32_1.0.100.202403111256/tools/bin/../lib/gcc/arm-none-eabi/12.3.1/../../../../arm-none-eabi/lib/thumb/v7e-m+fp/hard\libc_nano.a(libc_a-rand.o)
 .rodata.__assert_func.str1.1
                0x080070c7       0x3c D:/STM32CubeIDE_1.15.1/STM32CubeIDE/plugins/com.st.stm32cube.ide.mcu.externaltools.gnu-tools-for-stm32.12.3.rel1.win32_1.0.100.202403111256/tools/bin/../lib/gcc/arm-none-eabi/12.3.1/../../../../arm-none-eabi/lib/thumb/v7e-m+fp/hard\libc_nano.a(libc_a-assert.o)
                                 0x3d (size before relaxing)
 .rodata._vfprintf_r.str1.1
                0x08007103       0x11 D:/STM32CubeIDE_1.15.1/STM32CubeIDE/plugins/com.st.stm32cube.ide.mcu.externaltools.gnu-tools-for-stm32.12.3.rel1.win32_1.0.100.202403111256/tools/bin/../lib/gcc/arm-none-eabi/12.3.1/../../../../arm-none-eabi/lib/thumb/v7e-m+fp/hard\libc_nano.a(libc_a-nano-vfprintf.o)
 .rodata._printf_i.str1.1
                0x08007114       0x22 D:/STM32CubeIDE_1.15.1/STM32CubeIDE/plugins/com.st.stm32cube.ide.mcu.externaltools.gnu-tools-for-stm32.12.3.rel1.win32_1.0.100.202403111256/tools/bin/../lib/gcc/arm-none-eabi/12.3.1/../../../../arm-none-eabi/lib/thumb/v7e-m+fp/hard\libc_nano.a(libc_a-nano-vfprintf_i.o)
                0x08007138                        . = ALIGN (0x4)
 *fill*         0x08007136        0x2 

.ARM.extab      0x08007138        0x0
                0x08007138                        . = ALIGN (0x4)
 *(.ARM.extab* .gnu.linkonce.armextab.*)
                0x08007138                        . = ALIGN (0x4)

.ARM            0x08007138        0x8
                0x08007138                        . = ALIGN (0x4)
                0x08007138                        __exidx_start = .
 *(.ARM.exidx*)
 .ARM.exidx     0x08007138        0x8 D:/STM32CubeIDE_1.15.1/STM32CubeIDE/plugins/com.st.stm32cube.ide.mcu.externaltools.gnu-tools-for-stm32.12.3.rel1.win32_1.0.100.202403111256/tools/bin/../lib/gcc/arm-none-eabi/12.3.1/../../../../arm-none-eabi/lib/thumb/v7e-m+fp/hard\libc_nano.a(libc_a-strlen.o)
 .ARM.exidx     0x08007140        0x0 D:/STM32CubeIDE_1.15.1/STM32CubeIDE/plugins/com.st.stm32cube.ide.mcu.externaltools.gnu-tools-for-stm32.12.3.rel1.win32_1.0.100.202403111256/tools/bin/../lib/gcc/arm-none-eabi/12.3.1/../../../../arm-none-eabi/lib/thumb/v7e-m+fp/hard\libc_nano.a(libc_a-memchr.o)
                                  0x8 (size before relaxing)
 .ARM.exidx     0x08007140        0x0 D:/STM32CubeIDE_1.15.1/STM32CubeIDE/plugins/com.st.stm32cube.ide.mcu.externaltools.gnu-tools-for-stm32.12.3.rel1.win32_1.0.100.202403111256/tools/bin/../lib/gcc/arm-none-eabi/12.3.1/thumb/v7e-m+fp/hard\libgcc.a(_udivmoddi4.o)
                                  0x8 (size before relaxing)
                0x08007140                        __exidx_end = .
                0x08007140                        . = ALIGN (0x4)

.rel.dyn        0x08007140        0x0
 .rel.iplt      0x08007140        0x0 D:/STM32CubeIDE_1.15.1/STM32CubeIDE/plugins/com.st.stm32cube.ide.mcu.externaltools.gnu-tools-for-stm32.12.3.rel1.win32_1.0.100.202403111256/tools/bin/../lib/gcc/arm-none-eabi/12.3.1/thumb/v7e-m+fp/hard/crtbegin.o

.preinit_array  0x08007140        0x0
                0x08007140                        . = ALIGN (0x4)
                0x08007140                        PROVIDE (__preinit_array_start = .)
 *(.preinit_array*)
                0x08007140                        PROVIDE (__preinit_array_end = .)
                0x08007140                        . = ALIGN (0x4)

.init_array     0x08007140        0x4
                0x08007140                        . = ALIGN (0x4)
                0x08007140                        PROVIDE (__init_array_start = .)
 *(SORT_BY_NAME(.init_array.*))
 *(.init_array*)
 .init_array    0x08007140        0x4 D:/STM32CubeIDE_1.15.1/STM32CubeIDE/plugins/com.st.stm32cube.ide.mcu.externaltools.gnu-tools-for-stm32.12.3.rel1.win32_1.0.100.202403111256/tools/bin/../lib/gcc/arm-none-eabi/12.3.1/thumb/v7e-m+fp/hard/crtbegin.o
                0x08007144                        PROVIDE (__init_array_end = .)
                0x08007144                        . = ALIGN (0x4)

.fini_array     0x08007144        0x4
                0x08007144                        . = ALIGN (0x4)
                [!provide]                        PROVIDE (__fini_array_start = .)
 *(SORT_BY_NAME(.fini_array.*))
 *(.fini_array*)
 .fini_array    0x08007144        0x4 D:/STM32CubeIDE_1.15.1/STM32CubeIDE/plugins/com.st.stm32cube.ide.mcu.externaltools.gnu-tools-for-stm32.12.3.rel1.win32_1.0.100.202403111256/tools/bin/../lib/gcc/arm-none-eabi/12.3.1/thumb/v7e-m+fp/hard/crtbegin.o
                [!provide]                        PROVIDE (__fini_array_end = .)
                0x08007148                        . = ALIGN (0x4)
                0x08007148                        _sidata = LOADADDR (.data)

.data           0x20000000       0x70 load address 0x08007148
                0x20000000                        . = ALIGN (0x4)
                0x20000000                        _sdata = .
 *(.data)
 *(.data*)
 .data.SERVER_BDARR
                0x20000000        0x6 ./Core/Src/app_bluenrg.o
                0x20000000                SERVER_BDARR
 *fill*         0x20000006        0x2 
 .data.SystemCoreClock
                0x20000008        0x4 ./Core/Src/system_stm32f4xx.o
                0x20000008                SystemCoreClock
 .data.uwTickPrio
                0x2000000c        0x4 ./Drivers/STM32F4xx_HAL_Driver/Src/stm32f4xx_hal.o
                0x2000000c                uwTickPrio
 .data.uwTickFreq
                0x20000010        0x1 ./Drivers/STM32F4xx_HAL_Driver/Src/stm32f4xx_hal.o
                0x20000010                uwTickFreq
 *fill*         0x20000011        0x3 
 .data.__sglue  0x20000014        0xc D:/STM32CubeIDE_1.15.1/STM32CubeIDE/plugins/com.st.stm32cube.ide.mcu.externaltools.gnu-tools-for-stm32.12.3.rel1.win32_1.0.100.202403111256/tools/bin/../lib/gcc/arm-none-eabi/12.3.1/../../../../arm-none-eabi/lib/thumb/v7e-m+fp/hard\libc_nano.a(libc_a-findfp.o)
                0x20000014                __sglue
 .data._impure_ptr
                0x20000020        0x4 D:/STM32CubeIDE_1.15.1/STM32CubeIDE/plugins/com.st.stm32cube.ide.mcu.externaltools.gnu-tools-for-stm32.12.3.rel1.win32_1.0.100.202403111256/tools/bin/../lib/gcc/arm-none-eabi/12.3.1/../../../../arm-none-eabi/lib/thumb/v7e-m+fp/hard\libc_nano.a(libc_a-impure.o)
                0x20000020                _impure_ptr
 .data._impure_data
                0x20000024       0x4c D:/STM32CubeIDE_1.15.1/STM32CubeIDE/plugins/com.st.stm32cube.ide.mcu.externaltools.gnu-tools-for-stm32.12.3.rel1.win32_1.0.100.202403111256/tools/bin/../lib/gcc/arm-none-eabi/12.3.1/../../../../arm-none-eabi/lib/thumb/v7e-m+fp/hard\libc_nano.a(libc_a-impure.o)
                0x20000024                _impure_data
 *(.RamFunc)
 *(.RamFunc*)
                0x20000070                        . = ALIGN (0x4)
                0x20000070                        _edata = .

.igot.plt       0x20000070        0x0 load address 0x080071b8
 .igot.plt      0x20000070        0x0 D:/STM32CubeIDE_1.15.1/STM32CubeIDE/plugins/com.st.stm32cube.ide.mcu.externaltools.gnu-tools-for-stm32.12.3.rel1.win32_1.0.100.202403111256/tools/bin/../lib/gcc/arm-none-eabi/12.3.1/thumb/v7e-m+fp/hard/crtbegin.o
                0x20000070                        . = ALIGN (0x4)

.bss            0x20000070      0x8c8 load address 0x080071b8
                0x20000070                        _sbss = .
                0x20000070                        __bss_start__ = _sbss
 *(.bss)
 .bss           0x20000070       0x1c D:/STM32CubeIDE_1.15.1/STM32CubeIDE/plugins/com.st.stm32cube.ide.mcu.externaltools.gnu-tools-for-stm32.12.3.rel1.win32_1.0.100.202403111256/tools/bin/../lib/gcc/arm-none-eabi/12.3.1/thumb/v7e-m+fp/hard/crtbegin.o
 *(.bss*)
 .bss.hexti0    0x2000008c        0x8 ./BlueNRG-2/Target/hci_tl_interface.o
                0x2000008c                hexti0
 .bss.read_char_buf.0
                0x20000094       0xff ./BlueNRG-2/Target/hci_tl_interface.o
 *fill*         0x20000193        0x1 
 .bss.huart2    0x20000194       0x44 ./Core/Src/main.o
                0x20000194                huart2
 .bss.my_service_handle
                0x200001d8        0x2 ./Core/Src/services.o
                0x200001d8                my_service_handle
 .bss.my_char_handle
                0x200001da        0x2 ./Core/Src/services.o
                0x200001da                my_char_handle
 .bss.connected
                0x200001dc        0x1 ./Core/Src/services.o
                0x200001dc                connected
 *fill*         0x200001dd        0x1 
 .bss.connection_handle
                0x200001de        0x2 ./Core/Src/services.o
                0x200001de                connection_handle
 .bss.hspi1     0x200001e0       0x58 ./Core/Src/stm32f4xx_nucleo_bus.o
                0x200001e0                hspi1
 .bss.SPI1InitCounter
                0x20000238        0x4 ./Core/Src/stm32f4xx_nucleo_bus.o
 .bss.__sbrk_heap_end
                0x2000023c        0x4 ./Core/Src/sysmem.o
 .bss.uwTick    0x20000240        0x4 ./Drivers/STM32F4xx_HAL_Driver/Src/stm32f4xx_hal.o
                0x20000240                uwTick
 .bss.hciReadPktPool
                0x20000244        0x8 ./Middlewares/ST/BlueNRG-2/hci/hci_tl_patterns/Basic/hci_tl.o
                0x20000244                hciReadPktPool
 .bss.hciReadPktRxQueue
                0x2000024c        0x8 ./Middlewares/ST/BlueNRG-2/hci/hci_tl_patterns/Basic/hci_tl.o
                0x2000024c                hciReadPktRxQueue
 .bss.hciReadPacketBuffer
                0x20000254      0x578 ./Middlewares/ST/BlueNRG-2/hci/hci_tl_patterns/Basic/hci_tl.o
 .bss.hciContext
                0x200007cc       0x20 ./Middlewares/ST/BlueNRG-2/hci/hci_tl_patterns/Basic/hci_tl.o
 .bss.__sf      0x200007ec      0x138 D:/STM32CubeIDE_1.15.1/STM32CubeIDE/plugins/com.st.stm32cube.ide.mcu.externaltools.gnu-tools-for-stm32.12.3.rel1.win32_1.0.100.202403111256/tools/bin/../lib/gcc/arm-none-eabi/12.3.1/../../../../arm-none-eabi/lib/thumb/v7e-m+fp/hard\libc_nano.a(libc_a-findfp.o)
                0x200007ec                __sf
 .bss.__stdio_exit_handler
                0x20000924        0x4 D:/STM32CubeIDE_1.15.1/STM32CubeIDE/plugins/com.st.stm32cube.ide.mcu.externaltools.gnu-tools-for-stm32.12.3.rel1.win32_1.0.100.202403111256/tools/bin/../lib/gcc/arm-none-eabi/12.3.1/../../../../arm-none-eabi/lib/thumb/v7e-m+fp/hard\libc_nano.a(libc_a-findfp.o)
                0x20000924                __stdio_exit_handler
 .bss.errno     0x20000928        0x4 D:/STM32CubeIDE_1.15.1/STM32CubeIDE/plugins/com.st.stm32cube.ide.mcu.externaltools.gnu-tools-for-stm32.12.3.rel1.win32_1.0.100.202403111256/tools/bin/../lib/gcc/arm-none-eabi/12.3.1/../../../../arm-none-eabi/lib/thumb/v7e-m+fp/hard\libc_nano.a(libc_a-reent.o)
                0x20000928                errno
 .bss.__lock___malloc_recursive_mutex
                0x2000092c        0x1 D:/STM32CubeIDE_1.15.1/STM32CubeIDE/plugins/com.st.stm32cube.ide.mcu.externaltools.gnu-tools-for-stm32.12.3.rel1.win32_1.0.100.202403111256/tools/bin/../lib/gcc/arm-none-eabi/12.3.1/../../../../arm-none-eabi/lib/thumb/v7e-m+fp/hard\libc_nano.a(libc_a-lock.o)
                0x2000092c                __lock___malloc_recursive_mutex
 .bss.__lock___sfp_recursive_mutex
                0x2000092d        0x1 D:/STM32CubeIDE_1.15.1/STM32CubeIDE/plugins/com.st.stm32cube.ide.mcu.externaltools.gnu-tools-for-stm32.12.3.rel1.win32_1.0.100.202403111256/tools/bin/../lib/gcc/arm-none-eabi/12.3.1/../../../../arm-none-eabi/lib/thumb/v7e-m+fp/hard\libc_nano.a(libc_a-lock.o)
                0x2000092d                __lock___sfp_recursive_mutex
 *fill*         0x2000092e        0x2 
 .bss.__malloc_sbrk_start
                0x20000930        0x4 D:/STM32CubeIDE_1.15.1/STM32CubeIDE/plugins/com.st.stm32cube.ide.mcu.externaltools.gnu-tools-for-stm32.12.3.rel1.win32_1.0.100.202403111256/tools/bin/../lib/gcc/arm-none-eabi/12.3.1/../../../../arm-none-eabi/lib/thumb/v7e-m+fp/hard\libc_nano.a(libc_a-mallocr.o)
                0x20000930                __malloc_sbrk_start
 .bss.__malloc_free_list
                0x20000934        0x4 D:/STM32CubeIDE_1.15.1/STM32CubeIDE/plugins/com.st.stm32cube.ide.mcu.externaltools.gnu-tools-for-stm32.12.3.rel1.win32_1.0.100.202403111256/tools/bin/../lib/gcc/arm-none-eabi/12.3.1/../../../../arm-none-eabi/lib/thumb/v7e-m+fp/hard\libc_nano.a(libc_a-mallocr.o)
                0x20000934                __malloc_free_list
 *(COMMON)
                0x20000938                        . = ALIGN (0x4)
                0x20000938                        _ebss = .
                0x20000938                        __bss_end__ = _ebss

._user_heap_stack
                0x20000938      0x600 load address 0x080071b8
                0x20000938                        . = ALIGN (0x8)
                [!provide]                        PROVIDE (end = .)
                0x20000938                        PROVIDE (_end = .)
                0x20000b38                        . = (. + _Min_Heap_Size)
 *fill*         0x20000938      0x200 
                0x20000f38                        . = (. + _Min_Stack_Size)
 *fill*         0x20000b38      0x400 
                0x20000f38                        . = ALIGN (0x8)

/DISCARD/
 libc.a(*)
 libm.a(*)
 libgcc.a(*)

.ARM.attributes
                0x00000000       0x30
 *(.ARM.attributes)
 .ARM.attributes
                0x00000000       0x22 D:/STM32CubeIDE_1.15.1/STM32CubeIDE/plugins/com.st.stm32cube.ide.mcu.externaltools.gnu-tools-for-stm32.12.3.rel1.win32_1.0.100.202403111256/tools/bin/../lib/gcc/arm-none-eabi/12.3.1/thumb/v7e-m+fp/hard/crti.o
 .ARM.attributes
                0x00000022       0x34 D:/STM32CubeIDE_1.15.1/STM32CubeIDE/plugins/com.st.stm32cube.ide.mcu.externaltools.gnu-tools-for-stm32.12.3.rel1.win32_1.0.100.202403111256/tools/bin/../lib/gcc/arm-none-eabi/12.3.1/thumb/v7e-m+fp/hard/crtbegin.o
 .ARM.attributes
                0x00000056       0x34 ./BlueNRG-2/Target/hci_tl_interface.o
 .ARM.attributes
                0x0000008a       0x34 ./Core/Src/app_bluenrg.o
 .ARM.attributes
                0x000000be       0x34 ./Core/Src/main.o
 .ARM.attributes
                0x000000f2       0x34 ./Core/Src/services.o
 .ARM.attributes
                0x00000126       0x34 ./Core/Src/stm32f4xx_hal_msp.o
 .ARM.attributes
                0x0000015a       0x34 ./Core/Src/stm32f4xx_it.o
 .ARM.attributes
                0x0000018e       0x34 ./Core/Src/stm32f4xx_nucleo_bus.o
 .ARM.attributes
                0x000001c2       0x34 ./Core/Src/syscalls.o
 .ARM.attributes
                0x000001f6       0x34 ./Core/Src/sysmem.o
 .ARM.attributes
                0x0000022a       0x34 ./Core/Src/system_stm32f4xx.o
 .ARM.attributes
                0x0000025e       0x21 ./Core/Startup/startup_stm32f411retx.o
 .ARM.attributes
                0x0000027f       0x34 ./Drivers/STM32F4xx_HAL_Driver/Src/stm32f4xx_hal.o
 .ARM.attributes
                0x000002b3       0x34 ./Drivers/STM32F4xx_HAL_Driver/Src/stm32f4xx_hal_cortex.o
 .ARM.attributes
                0x000002e7       0x34 ./Drivers/STM32F4xx_HAL_Driver/Src/stm32f4xx_hal_exti.o
 .ARM.attributes