Archive member included to satisfy reference by file (symbol)

D:/STM32CubeIDE_1.15.1/STM32CubeIDE/plugins/com.st.stm32cube.ide.mcu.externaltools.gnu-tools-for-stm32.12.3.rel1.win32_1.0.100.202403111256/tools/bin/../lib/gcc/arm-none-eabi/12.3.1/../../../../arm-none-eabi/lib/thumb/v7e-m+fp/hard\libc_nano.a(libc_a-exit.o)
                              D:/STM32CubeIDE_1.15.1/STM32CubeIDE/plugins/com.st.stm32cube.ide.mcu.externaltools.gnu-tools-for-stm32.12.3.rel1.win32_1.0.100.202403111256/tools/bin/../lib/gcc/arm-none-eabi/12.3.1/../../../../arm-none-eabi/lib/thumb/v7e-m+fp/hard/crt0.o (exit)
D:/STM32CubeIDE_1.15.1/STM32CubeIDE/plugins/com.st.stm32cube.ide.mcu.externaltools.gnu-tools-for-stm32.12.3.rel1.win32_1.0.100.202403111256/tools/bin/../lib/gcc/arm-none-eabi/12.3.1/../../../../arm-none-eabi/lib/thumb/v7e-m+fp/hard\libc_nano.a(libc_a-findfp.o)
                              D:/STM32CubeIDE_1.15.1/STM32CubeIDE/plugins/com.st.stm32cube.ide.mcu.externaltools.gnu-tools-for-stm32.12.3.rel1.win32_1.0.100.202403111256/tools/bin/../lib/gcc/arm-none-eabi/12.3.1/../../../../arm-none-eabi/lib/thumb/v7e-m+fp/hard\libc_nano.a(libc_a-exit.o) (__stdio_exit_handler)
D:/STM32CubeIDE_1.15.1/STM32CubeIDE/plugins/com.st.stm32cube.ide.mcu.externaltools.gnu-tools-for-stm32.12.3.rel1.win32_1.0.100.202403111256/tools/bin/../lib/gcc/arm-none-eabi/12.3.1/../../../../arm-none-eabi/lib/thumb/v7e-m+fp/hard\libc_nano.a(libc_a-fwalk.o)
                              D:/STM32CubeIDE_1.15.1/STM32CubeIDE/plugins/com.st.stm32cube.ide.mcu.externaltools.gnu-tools-for-stm32.12.3.rel1.win32_1.0.100.202403111256/tools/bin/../lib/gcc/arm-none-eabi/12.3.1/../../../../arm-none-eabi/lib/thumb/v7e-m+fp/hard\libc_nano.a(libc_a-findfp.o) (_fwalk_sglue)
D:/STM32CubeIDE_1.15.1/STM32CubeIDE/plugins/com.st.stm32cube.ide.mcu.externaltools.gnu-tools-for-stm32.12.3.rel1.win32_1.0.100.202403111256/tools/bin/../lib/gcc/arm-none-eabi/12.3.1/../../../../arm-none-eabi/lib/thumb/v7e-m+fp/hard\libc_nano.a(libc_a-puts.o)
                              ./Core/Src/app_bluenrg.o (puts)
D:/STM32CubeIDE_1.15.1/STM32CubeIDE/plugins/com.st.stm32cube.ide.mcu.externaltools.gnu-tools-for-stm32.12.3.rel1.win32_1.0.100.202403111256/tools/bin/../lib/gcc/arm-none-eabi/12.3.1/../../../../arm-none-eabi/lib/thumb/v7e-m+fp/hard\libc_nano.a(libc_a-stdio.o)
                              D:/STM32CubeIDE_1.15.1/STM32CubeIDE/plugins/com.st.stm32cube.ide.mcu.externaltools.gnu-tools-for-stm32.12.3.rel1.win32_1.0.100.202403111256/tools/bin/../lib/gcc/arm-none-eabi/12.3.1/../../../../arm-none-eabi/lib/thumb/v7e-m+fp/hard\libc_nano.a(libc_a-findfp.o) (__sread)
D:/STM32CubeIDE_1.15.1/STM32CubeIDE/plugins/com.st.stm32cube.ide.mcu.externaltools.gnu-tools-for-stm32.12.3.rel1.win32_1.0.100.202403111256/tools/bin/../lib/gcc/arm-none-eabi/12.3.1/../../../../arm-none-eabi/lib/thumb/v7e-m+fp/hard\libc_nano.a(libc_a-wbuf.o)
                              D:/STM32CubeIDE_1.15.1/STM32CubeIDE/plugins/com.st.stm32cube.ide.mcu.externaltools.gnu-tools-for-stm32.12.3.rel1.win32_1.0.100.202403111256/tools/bin/../lib/gcc/arm-none-eabi/12.3.1/../../../../arm-none-eabi/lib/thumb/v7e-m+fp/hard\libc_nano.a(libc_a-puts.o) (__swbuf_r)
D:/STM32CubeIDE_1.15.1/STM32CubeIDE/plugins/com.st.stm32cube.ide.mcu.externaltools.gnu-tools-for-stm32.12.3.rel1.win32_1.0.100.202403111256/tools/bin/../lib/gcc/arm-none-eabi/12.3.1/../../../../arm-none-eabi/lib/thumb/v7e-m+fp/hard\libc_nano.a(libc_a-wsetup.o)
                              D:/STM32CubeIDE_1.15.1/STM32CubeIDE/plugins/com.st.stm32cube.ide.mcu.externaltools.gnu-tools-for-stm32.12.3.rel1.win32_1.0.100.202403111256/tools/bin/../lib/gcc/arm-none-eabi/12.3.1/../../../../arm-none-eabi/lib/thumb/v7e-m+fp/hard\libc_nano.a(libc_a-puts.o) (__swsetup_r)
D:/STM32CubeIDE_1.15.1/STM32CubeIDE/plugins/com.st.stm32cube.ide.mcu.externaltools.gnu-tools-for-stm32.12.3.rel1.win32_1.0.100.202403111256/tools/bin/../lib/gcc/arm-none-eabi/12.3.1/../../../../arm-none-eabi/lib/thumb/v7e-m+fp/hard\libc_nano.a(libc_a-memset.o)
                              D:/STM32CubeIDE_1.15.1/STM32CubeIDE/plugins/com.st.stm32cube.ide.mcu.externaltools.gnu-tools-for-stm32.12.3.rel1.win32_1.0.100.202403111256/tools/bin/../lib/gcc/arm-none-eabi/12.3.1/../../../../arm-none-eabi/lib/thumb/v7e-m+fp/hard/crt0.o (memset)
D:/STM32CubeIDE_1.15.1/STM32CubeIDE/plugins/com.st.stm32cube.ide.mcu.externaltools.gnu-tools-for-stm32.12.3.rel1.win32_1.0.100.202403111256/tools/bin/../lib/gcc/arm-none-eabi/12.3.1/../../../../arm-none-eabi/lib/thumb/v7e-m+fp/hard\libc_nano.a(libc_a-closer.o)
                              D:/STM32CubeIDE_1.15.1/STM32CubeIDE/plugins/com.st.stm32cube.ide.mcu.externaltools.gnu-tools-for-stm32.12.3.rel1.win32_1.0.100.202403111256/tools/bin/../lib/gcc/arm-none-eabi/12.3.1/../../../../arm-none-eabi/lib/thumb/v7e-m+fp/hard\libc_nano.a(libc_a-stdio.o) (_close_r)
[...]
Memory Configuration

Name             Origin             Length             Attributes
RAM              0x20000000         0x00020000         xrw
FLASH            0x08000000         0x00080000         xr
*default*        0x00000000         0xffffffff

Linker script and memory map

LOAD D:/STM32CubeIDE_1.15.1/STM32CubeIDE/plugins/com.st.stm32cube.ide.mcu.externaltools.gnu-tools-for-stm32.12.3.rel1.win32_1.0.100.202403111256/tools/bin/../lib/gcc/arm-none-eabi/12.3.1/thumb/v7e-m+fp/hard/crti.o
LOAD D:/STM32CubeIDE_1.15.1/STM32CubeIDE/plugins/com.st.stm32cube.ide.mcu.externaltools.gnu-tools-for-stm32.12.3.rel1.win32_1.0.100.202403111256/tools/bin/../lib/gcc/arm-none-eabi/12.3.1/thumb/v7e-m+fp/hard/crtbegin.o
LOAD D:/STM32CubeIDE_1.15.1/STM32CubeIDE/plugins/com.st.stm32cube.ide.mcu.externaltools.gnu-tools-for-stm32.12.3.rel1.win32_1.0.100.202403111256/tools/bin/../lib/gcc/arm-none-eabi/12.3.1/../../../../arm-none-eabi/lib/thumb/v7e-m+fp/hard/crt0.o
LOAD ./BlueNRG-2/Target/hci_tl_interface.o
LOAD ./Core/Src/app_bluenrg.o
LOAD ./Core/Src/main.o
LOAD ./Core/Src/services.o
LOAD ./Core/Src/stm32f4xx_hal_msp.o
LOAD ./Core/Src/stm32f4xx_it.o
LOAD ./Core/Src/stm32f4xx_nucleo_bus.o
LOAD ./Core/Src/syscalls.o
LOAD ./Core/Src/sysmem.o
LOAD ./Core/Src/system_stm32f4xx.o
LOAD ./Core/Startup/startup_stm32f411retx.o
LOAD ./Drivers/STM32F4xx_HAL_Driver/Src/stm32f4xx_hal.o
LOAD ./Drivers/STM32F4xx_HAL_Driver/Src/stm32f4xx_hal_cortex.o
LOAD ./Drivers/STM32F4xx_HAL_Driver/Src/stm32f4xx_hal_dma.o
LOAD ./Drivers/STM32F4xx_HAL_Driver/Src/stm32f4xx_hal_dma_ex.o
LOAD ./Drivers/STM32F4xx_HAL_Driver/Src/stm32f4xx_hal_exti.o
LOAD ./Drivers/STM32F4xx_HAL_Driver/Src/stm32f4xx_hal_flash.o
LOAD ./Drivers/STM32F4xx_HAL_Driver/Src/stm32f4xx_hal_flash_ex.o
LOAD ./Drivers/STM32F4xx_HAL_Driver/Src/stm32f4xx_hal_flash_ramfunc.o
LOAD ./Drivers/STM32F4xx_HAL_Driver/Src/stm32f4xx_hal_gpio.o
LOAD ./Drivers/STM32F4xx_HAL_Driver/Src/stm32f4xx_hal_pwr.o
LOAD ./Drivers/STM32F4xx_HAL_Driver/Src/stm32f4xx_hal_pwr_ex.o
LOAD ./Drivers/STM32F4xx_HAL_Driver/Src/stm32f4xx_hal_rcc.o
LOAD ./Drivers/STM32F4xx_HAL_Driver/Src/stm32f4xx_hal_rcc_ex.o
LOAD ./Drivers/STM32F4xx_HAL_Driver/Src/stm32f4xx_hal_spi.o
LOAD ./Drivers/STM32F4xx_HAL_Driver/Src/stm32f4xx_hal_tim.o
LOAD ./Drivers/STM32F4xx_HAL_Driver/Src/stm32f4xx_hal_tim_ex.o
LOAD ./Drivers/STM32F4xx_HAL_Driver/Src/stm32f4xx_hal_uart.o
LOAD ./Middlewares/ST/BlueNRG-2/hci/bluenrg1_devConfig.o
LOAD ./Middlewares/ST/BlueNRG-2/hci/bluenrg1_events.o
LOAD ./Middlewares/ST/BlueNRG-2/hci/bluenrg1_events_cb.o
LOAD ./Middlewares/ST/BlueNRG-2/hci/bluenrg1_hci_le.o
LOAD ./Middlewares/ST/BlueNRG-2/hci/controller/bluenrg1_gap_aci.o
LOAD ./Middlewares/ST/BlueNRG-2/hci/controller/bluenrg1_gatt_aci.o
LOAD ./Middlewares/ST/BlueNRG-2/hci/controller/bluenrg1_hal_aci.o
LOAD ./Middlewares/ST/BlueNRG-2/hci/controller/bluenrg1_l2cap_aci.o
LOAD ./Middlewares/ST/BlueNRG-2/hci/hci_tl_patterns/Basic/hci_tl.o
LOAD ./Middlewares/ST/BlueNRG-2/utils/ble_list.o
START GROUP
LOAD D:/STM32CubeIDE_1.15.1/STM32CubeIDE/plugins/com.st.stm32cube.ide.mcu.externaltools.gnu-tools-for-stm32.12.3.rel1.win32_1.0.100.202403111256/tools/bin/../lib/gcc/arm-none-eabi/12.3.1/../../../../arm-none-eabi/lib/thumb/v7e-m+fp/hard\libc_nano.a
LOAD D:/STM32CubeIDE_1.15.1/STM32CubeIDE/plugins/com.st.stm32cube.ide.mcu.externaltools.gnu-tools-for-stm32.12.3.rel1.win32_1.0.100.202403111256/tools/bin/../lib/gcc/arm-none-eabi/12.3.1/../../../../arm-none-eabi/lib/thumb/v7e-m+fp/hard\libm.a
END GROUP
START GROUP
LOAD D:/STM32CubeIDE_1.15.1/STM32CubeIDE/plugins/com.st.stm32cube.ide.mcu.externaltools.gnu-tools-for-stm32.12.3.rel1.win32_1.0.100.202403111256/tools/bin/../lib/gcc/arm-none-eabi/12.3.1/thumb/v7e-m+fp/hard\libgcc.a
LOAD D:/STM32CubeIDE_1.15.1/STM32CubeIDE/plugins/com.st.stm32cube.ide.mcu.externaltools.gnu-tools-for-stm32.12.3.rel1.win32_1.0.100.202403111256/tools/bin/../lib/gcc/arm-none-eabi/12.3.1/../../../../arm-none-eabi/lib/thumb/v7e-m+fp/hard\libc_nano.a
END GROUP
START GROUP
LOAD D:/STM32CubeIDE_1.15.1/STM32CubeIDE/plugins/com.st.stm32cube.ide.mcu.externaltools.gnu-tools-for-stm32.12.3.rel1.win32_1.0.100.202403111256/tools/bin/../lib/gcc/arm-none-eabi/12.3.1/thumb/v7e-m+fp/hard\libgcc.a
LOAD D:/STM32CubeIDE_1.15.1/STM32CubeIDE/plugins/com.st.stm32cube.ide.mcu.externaltools.gnu-tools-for-stm32.12.3.rel1.win32_1.0.100.202403111256/tools/bin/../lib/gcc/arm-none-eabi/12.3.1/../../../../arm-none-eabi/lib/thumb/v7e-m+fp/hard\libc_nano.a
LOAD D:/STM32CubeIDE_1.15.1/STM32CubeIDE/plugins/com.st.stm32cube.ide.mcu.externaltools.gnu-tools-for-stm32.12.3.rel1.win32_1.0.100.202403111256/tools/bin/../lib/gcc/arm-none-eabi/12.3.1/../../../../arm-none-eabi/lib/thumb/v7e-m+fp/hard\libnosys.a
END GROUP
START GROUP
LOAD D:/STM32CubeIDE_1.15.1/STM32CubeIDE/plugins/com.st.stm32cube.ide.mcu.externaltools.gnu-tools-for-stm32.12.3.rel1.win32_1.0.100.202403111256/tools/bin/../lib/gcc/arm-none-eabi/12.3.1/thumb/v7e-m+fp/hard\libgcc.a
LOAD D:/STM32CubeIDE_1.15.1/STM32CubeIDE/plugins/com.st.stm32cube.ide.mcu.externaltools.gnu-tools-for-stm32.12.3.rel1.win32_1.0.100.202403111256/tools/bin/../lib/gcc/arm-none-eabi/12.3.1/../../../../arm-none-eabi/lib/thumb/v7e-m+fp/hard\libc_nano.a
LOAD D:/STM32CubeIDE_1.15.1/STM32CubeIDE/plugins/com.st.stm32cube.ide.mcu.externaltools.gnu-tools-for-stm32.12.3.rel1.win32_1.0.100.202403111256/tools/bin/../lib/gcc/arm-none-eabi/12.3.1/../../../../arm-none-eabi/lib/thumb/v7e-m+fp/hard\libnosys.a
END GROUP
LOAD D:/STM32CubeIDE_1.15.1/STM32CubeIDE/plugins/com.st.stm32cube.ide.mcu.externaltools.gnu-tools-for-stm32.12.3.rel1.win32_1.0.100.202403111256/tools/bin/../lib/gcc/arm-none-eabi/12.3.1/thumb/v7e-m+fp/hard/crtend.o
LOAD D:/STM32CubeIDE_1.15.1/STM32CubeIDE/plugins/com.st.stm32cube.ide.mcu.externaltools.gnu-tools-for-stm32.12.3.rel1.win32_1.0.100.202403111256/tools/bin/../lib/gcc/arm-none-eabi/12.3.1/thumb/v7e-m+fp/hard/crtn.o
                0x20020000                        _estack = (ORIGIN (RAM) + LENGTH (RAM))
                0x00000200                        _Min_Heap_Size = 0x200
                0x00000400                        _Min_Stack_Size = 0x400

.isr_vector     0x08000000      0x198
                0x08000000                        . = ALIGN (0x4)
 *(.isr_vector)
 .isr_vector    0x08000000      0x198 ./Core/Startup/startup_stm32f411retx.o
                0x08000000                g_pfnVectors
                0x08000198                        . = ALIGN (0x4)

.text           0x08000198     0x6334
                0x08000198                        . = ALIGN (0x4)
 *(.text)
 .text          0x08000198       0x40 D:/STM32CubeIDE_1.15.1/STM32CubeIDE/plugins/com.st.stm32cube.ide.mcu.externaltools.gnu-tools-for-stm32.12.3.rel1.win32_1.0.100.202403111256/tools/bin/../lib/gcc/arm-none-eabi/12.3.1/thumb/v7e-m+fp/hard/crtbegin.o
 .text          0x080001d8       0x10 D:/STM32CubeIDE_1.15.1/STM32CubeIDE/plugins/com.st.stm32cube.ide.mcu.externaltools.gnu-tools-for-stm32.12.3.rel1.win32_1.0.100.202403111256/tools/bin/../lib/gcc/arm-none-eabi/12.3.1/../../../../arm-none-eabi/lib/thumb/v7e-m+fp/hard\libc_nano.a(libc_a-strlen.o)
                0x080001d8                strlen
 .text          0x080001e8       0x30 D:/STM32CubeIDE_1.15.1/STM32CubeIDE/plugins/com.st.stm32cube.ide.mcu.externaltools.gnu-tools-for-stm32.12.3.rel1.win32_1.0.100.202403111256/tools/bin/../lib/gcc/arm-none-eabi/12.3.1/thumb/v7e-m+fp/hard\libgcc.a(_aeabi_uldivmod.o)
                0x080001e8                __aeabi_uldivmod
 .text          0x08000218      0x2bc D:/STM32CubeIDE_1.15.1/STM32CubeIDE/plugins/com.st.stm32cube.ide.mcu.externaltools.gnu-tools-for-stm32.12.3.rel1.win32_1.0.100.202403111256/tools/bin/../lib/gcc/arm-none-eabi/12.3.1/thumb/v7e-m+fp/hard\libgcc.a(_udivmoddi4.o)
                0x08000218                __udivmoddi4
 .text          0x080004d4        0x4 D:/STM32CubeIDE_1.15.1/STM32CubeIDE/plugins/com.st.stm32cube.ide.mcu.externaltools.gnu-tools-for-stm32.12.3.rel1.win32_1.0.100.202403111256/tools/bin/../lib/gcc/arm-none-eabi/12.3.1/thumb/v7e-m+fp/hard\libgcc.a(_dvmd_tls.o)
                0x080004d4                __aeabi_idiv0
                0x080004d4                __aeabi_ldiv0
 *(.text*)
 .text.HCI_TL_SPI_Enable_IRQ
                0x080004d8        0xe ./BlueNRG-2/Target/hci_tl_interface.o
 .text.HCI_TL_SPI_Disable_IRQ
                0x080004e6        0xe ./BlueNRG-2/Target/hci_tl_interface.o
 .text.HCI_TL_SPI_Init
                0x080004f4       0x9c ./BlueNRG-2/Target/hci_tl_interface.o
                0x080004f4                HCI_TL_SPI_Init
 .text.HCI_TL_SPI_DeInit
                0x08000590       0x28 ./BlueNRG-2/Target/hci_tl_interface.o
                0x08000590                HCI_TL_SPI_DeInit
 .text.HCI_TL_SPI_Reset
                0x080005b8       0x3c ./BlueNRG-2/Target/hci_tl_interface.o
                0x080005b8                HCI_TL_SPI_Reset
 .text.HCI_TL_SPI_Receive
                0x080005f4       0xb8 ./BlueNRG-2/Target/hci_tl_interface.o
                0x080005f4                HCI_TL_SPI_Receive
 .text.HCI_TL_SPI_Send
                0x080006ac       0xec ./BlueNRG-2/Target/hci_tl_interface.o
                0x080006ac                HCI_TL_SPI_Send
 .text.IsDataAvailable
                0x08000798       0x20 ./BlueNRG-2/Target/hci_tl_interface.o
 .text.hci_tl_lowlevel_init
                0x080007b8       0x74 ./BlueNRG-2/Target/hci_tl_interface.o
                0x080007b8                hci_tl_lowlevel_init
 .text.hci_tl_lowlevel_isr
                0x0800082c       0x22 ./BlueNRG-2/Target/hci_tl_interface.o
                0x0800082c                hci_tl_lowlevel_isr
 *fill*         0x0800084e        0x2 
 .text.bluenrg_init
                0x08000850      0x160 ./Core/Src/app_bluenrg.o
                0x08000850                bluenrg_init
 .text.bluenrg_process
                0x080009b0       0x44 ./Core/Src/app_bluenrg.o
                0x080009b0                bluenrg_process
 .text.__io_putchar
                0x080009f4       0x30 ./Core/Src/main.o
                0x080009f4                __io_putchar
 .text.main     0x08000a24       0x28 ./Core/Src/main.o
                0x08000a24                main
 .text.SystemClock_Config
                0x08000a4c       0xd0 ./Core/Src/main.o
                0x08000a4c                SystemClock_Config
 .text.MX_USART2_UART_Init
                0x08000b1c       0x54 ./Core/Src/main.o
 .text.MX_GPIO_Init
                0x08000b70      0x11c ./Core/Src/main.o
 .text.Error_Handler
                0x08000c8c        0xc ./Core/Src/main.o
                0x08000c8c                Error_Handler
 .text.add_services
                0x08000c98       0xac ./Core/Src/services.o
                0x08000c98                add_services
 .text.receive_data
                0x08000d44       0x20 ./Core/Src/services.o
                0x08000d44                receive_data
 .text.send_data
                0x08000d64       0x48 ./Core/Src/services.o
                0x08000d64                send_data
 .text.Attribute_Modified_CB
                0x08000dac       0x58 ./Core/Src/services.o
                0x08000dac                Attribute_Modified_CB
 .text.aci_gatt_attribute_modified_event
                0x08000e04       0x34 ./Core/Src/services.o
                0x08000e04                aci_gatt_attribute_modified_event
 .text.hci_le_connection_complete_event
                0x08000e38       0x44 ./Core/Src/services.o
                0x08000e38                hci_le_connection_complete_event
 .text.APP_UserEvtRx
                0x08000e7c       0xf0 ./Core/Src/services.o
                0x08000e7c                APP_UserEvtRx
 .text.HAL_MspInit
                0x08000f6c       0x50 ./Core/Src/stm32f4xx_hal_msp.o
                0x08000f6c                HAL_MspInit
 .text.HAL_UART_MspInit
                0x08000fbc       0x90 ./Core/Src/stm32f4xx_hal_msp.o
                0x08000fbc                HAL_UART_MspInit
 .text.NMI_Handler
                0x0800104c        0x8 ./Core/Src/stm32f4xx_it.o
                0x0800104c                NMI_Handler
 .text.HardFault_Handler
                0x08001054        0x8 ./Core/Src/stm32f4xx_it.o
                0x08001054                HardFault_Handler
 .text.MemManage_Handler
                0x0800105c        0x8 ./Core/Src/stm32f4xx_it.o
                0x0800105c                MemManage_Handler
 .text.BusFault_Handler
                0x08001064        0x8 ./Core/Src/stm32f4xx_it.o
                0x08001064                BusFault_Handler
 .text.UsageFault_Handler
                0x0800106c        0x8 ./Core/Src/stm32f4xx_it.o
                0x0800106c                UsageFault_Handler
 .text.SVC_Handler
                0x08001074        0xe ./Core/Src/stm32f4xx_it.o
                0x08001074                SVC_Handler
 .text.DebugMon_Handler
                0x08001082        0xe ./Core/Src/stm32f4xx_it.o
                0x08001082                DebugMon_Handler
 .text.PendSV_Handler
                0x08001090        0xe ./Core/Src/stm32f4xx_it.o
                0x08001090                PendSV_Handler
 .text.SysTick_Handler
                0x0800109e        0xc ./Core/Src/stm32f4xx_it.o
                0x0800109e                SysTick_Handler
 *fill*         0x080010aa        0x2 
 .text.EXTI0_IRQHandler
                0x080010ac       0x14 ./Core/Src/stm32f4xx_it.o
                0x080010ac                EXTI0_IRQHandler
 .text.EXTI15_10_IRQHandler
                0x080010c0       0x10 ./Core/Src/stm32f4xx_it.o
                0x080010c0                EXTI15_10_IRQHandler
 .text.BSP_SPI1_Init
                0x080010d0       0x60 ./Core/Src/stm32f4xx_nucleo_bus.o
                0x080010d0                BSP_SPI1_Init
 .text.BSP_SPI1_SendRecv
                0x08001130       0x40 ./Core/Src/stm32f4xx_nucleo_bus.o
                0x08001130                BSP_SPI1_SendRecv
 .text.BSP_GetTick
                0x08001170        0xe ./Core/Src/stm32f4xx_nucleo_bus.o
                0x08001170                BSP_GetTick
 *fill*         0x0800117e        0x2 
 .text.MX_SPI1_Init
                0x08001180       0x78 ./Core/Src/stm32f4xx_nucleo_bus.o
                0x08001180                MX_SPI1_Init
 .text.SPI1_MspInit
                0x080011f8       0xd0 ./Core/Src/stm32f4xx_nucleo_bus.o
 .text._read    0x080012c8       0x3a ./Core/Src/syscalls.o
                0x080012c8                _read
 .text._write   0x08001302       0x38 ./Core/Src/syscalls.o
                0x08001302                _write
 .text._close   0x0800133a       0x18 ./Core/Src/syscalls.o
                0x0800133a                _close
 .text._fstat   0x08001352       0x20 ./Core/Src/syscalls.o
                0x08001352                _fstat
 .text._isatty  0x08001372       0x16 ./Core/Src/syscalls.o
                0x08001372                _isatty
 .text._lseek   0x08001388       0x1a ./Core/Src/syscalls.o
                0x08001388                _lseek
 *fill*         0x080013a2        0x2 
 .text._sbrk    0x080013a4       0x6c ./Core/Src/sysmem.o
                0x080013a4                _sbrk
 .text.SystemInit
                0x08001410       0x24 ./Core/Src/system_stm32f4xx.o
                0x08001410                SystemInit
 .text.Reset_Handler
                0x08001434       0x50 ./Core/Startup/startup_stm32f411retx.o
                0x08001434                Reset_Handler
 .text.Default_Handler
                0x08001484        0x2 ./Core/Startup/startup_stm32f411retx.o
                0x08001484                RTC_Alarm_IRQHandler
                0x08001484                EXTI2_IRQHandler
                0x08001484                SPI4_IRQHandler
                0x08001484                TIM1_CC_IRQHandler
                0x08001484                DMA2_Stream5_IRQHandler
                0x08001484                DMA1_Stream5_IRQHandler
                0x08001484                PVD_IRQHandler
                0x08001484                SDIO_IRQHandler
                0x08001484                TAMP_STAMP_IRQHandler
                0x08001484                EXTI3_IRQHandler
                0x08001484                TIM1_UP_TIM10_IRQHandler
                0x08001484                I2C3_ER_IRQHandler
                0x08001484                I2C2_EV_IRQHandler
                0x08001484                DMA1_Stream2_IRQHandler
                0x08001484                FPU_IRQHandler
                0x08001484                DMA2_Stream2_IRQHandler
                0x08001484                SPI1_IRQHandler
                0x08001484                TIM1_BRK_TIM9_IRQHandler
                0x08001484                DMA2_Stream3_IRQHandler
                0x08001484                USART6_IRQHandler
                0x08001484                DMA2_Stream0_IRQHandler
                0x08001484                TIM4_IRQHandler
                0x08001484                I2C1_EV_IRQHandler
                0x08001484                DMA1_Stream6_IRQHandler
                0x08001484                DMA1_Stream1_IRQHandler
                0x08001484                TIM3_IRQHandler
                0x08001484                RCC_IRQHandler
                0x08001484                Default_Handler
                0x08001484                ADC_IRQHandler
                0x08001484                DMA1_Stream7_IRQHandler
                0x08001484                SPI5_IRQHandler
                0x08001484                TIM5_IRQHandler
                0x08001484                DMA2_Stream7_IRQHandler
                0x08001484                I2C3_EV_IRQHandler
                0x08001484                EXTI9_5_IRQHandler
                0x08001484                RTC_WKUP_IRQHandler
                0x08001484                SPI2_IRQHandler
                0x08001484                DMA1_Stream0_IRQHandler
                0x08001484                EXTI4_IRQHandler
                0x08001484                WWDG_IRQHandler
                0x08001484                TIM2_IRQHandler
                0x08001484                OTG_FS_WKUP_IRQHandler
                0x08001484                TIM1_TRG_COM_TIM11_IRQHandler
                0x08001484                EXTI1_IRQHandler
                0x08001484                USART2_IRQHandler
                0x08001484                I2C2_ER_IRQHandler
                0x08001484                DMA2_Stream1_IRQHandler
                0x08001484                FLASH_IRQHandler
                0x08001484                DMA2_Stream4_IRQHandler
                0x08001484                USART1_IRQHandler
                0x08001484                OTG_FS_IRQHandler
                0x08001484                SPI3_IRQHandler
                0x08001484                DMA1_Stream4_IRQHandler
                0x08001484                I2C1_ER_IRQHandler
                0x08001484                DMA2_Stream6_IRQHandler
                0x08001484                DMA1_Stream3_IRQHandler
 *fill*         0x08001486        0x2 
 .text.HAL_Init
                0x08001488       0x44 ./Drivers/STM32F4xx_HAL_Driver/Src/stm32f4xx_hal.o
                0x08001488                HAL_Init
 .text.HAL_InitTick
                0x080014cc       0x60 ./Drivers/STM32F4xx_HAL_Driver/Src/stm32f4xx_hal.o
                0x080014cc                HAL_InitTick
 .text.HAL_IncTick
                0x0800152c       0x28 ./Drivers/STM32F4xx_HAL_Driver/Src/stm32f4xx_hal.o
                0x0800152c                HAL_IncTick
 .text.HAL_GetTick
                0x08001554       0x18 ./Drivers/STM32F4xx_HAL_Driver/Src/stm32f4xx_hal.o
                0x08001554                HAL_GetTick
 .text.HAL_Delay
                0x0800156c       0x48 ./Drivers/STM32F4xx_HAL_Driver/Src/stm32f4xx_hal.o
                0x0800156c                HAL_Delay
 .text.__NVIC_SetPriorityGrouping
                0x080015b4       0x48 ./Drivers/STM32F4xx_HAL_Driver/Src/stm32f4xx_hal_cortex.o
 .text.__NVIC_GetPriorityGrouping
                0x080015fc       0x1c ./Drivers/STM32F4xx_HAL_Driver/Src/stm32f4xx_hal_cortex.o
 .text.__NVIC_EnableIRQ
                0x08001618       0x3c ./Drivers/STM32F4xx_HAL_Driver/Src/stm32f4xx_hal_cortex.o
 .text.__NVIC_DisableIRQ
                0x08001654       0x48 ./Drivers/STM32F4xx_HAL_Driver/Src/stm32f4xx_hal_cortex.o
 .text.__NVIC_SetPriority
                0x0800169c       0x54 ./Drivers/STM32F4xx_HAL_Driver/Src/stm32f4xx_hal_cortex.o
 .text.NVIC_EncodePriority
                0x080016f0       0x66 ./Drivers/STM32F4xx_HAL_Driver/Src/stm32f4xx_hal_cortex.o
 *fill*         0x08001756        0x2 
 .text.SysTick_Config
                0x08001758       0x44 ./Drivers/STM32F4xx_HAL_Driver/Src/stm32f4xx_hal_cortex.o
 .text.HAL_NVIC_SetPriorityGrouping
                0x0800179c       0x16 ./Drivers/STM32F4xx_HAL_Driver/Src/stm32f4xx_hal_cortex.o
                0x0800179c                HAL_NVIC_SetPriorityGrouping
 .text.HAL_NVIC_SetPriority
                0x080017b2       0x38 ./Drivers/STM32F4xx_HAL_Driver/Src/stm32f4xx_hal_cortex.o
                0x080017b2                HAL_NVIC_SetPriority
 .text.HAL_NVIC_EnableIRQ
                0x080017ea       0x1c ./Drivers/STM32F4xx_HAL_Driver/Src/stm32f4xx_hal_cortex.o
                0x080017ea                HAL_NVIC_EnableIRQ
 .text.HAL_NVIC_DisableIRQ
                0x08001806       0x1c ./Drivers/STM32F4xx_HAL_Driver/Src/stm32f4xx_hal_cortex.o
                0x08001806                HAL_NVIC_DisableIRQ
 .text.HAL_SYSTICK_Config
                0x08001822       0x18 ./Drivers/STM32F4xx_HAL_Driver/Src/stm32f4xx_hal_cortex.o
                0x08001822                HAL_SYSTICK_Config
 .text.HAL_EXTI_RegisterCallback
                0x0800183a       0x34 ./Drivers/STM32F4xx_HAL_Driver/Src/stm32f4xx_hal_exti.o
                0x0800183a                HAL_EXTI_RegisterCallback
 .text.HAL_EXTI_GetHandle
                0x0800186e       0x28 ./Drivers/STM32F4xx_HAL_Driver/Src/stm32f4xx_hal_exti.o
                0x0800186e                HAL_EXTI_GetHandle
 *fill*         0x08001896        0x2 
 .text.HAL_EXTI_IRQHandler
                0x08001898       0x48 ./Drivers/STM32F4xx_HAL_Driver/Src/stm32f4xx_hal_exti.o
                0x08001898                HAL_EXTI_IRQHandler
 .text.HAL_GPIO_Init
                0x080018e0      0x308 ./Drivers/STM32F4xx_HAL_Driver/Src/stm32f4xx_hal_gpio.o
                0x080018e0                HAL_GPIO_Init
 .text.HAL_GPIO_DeInit
                0x08001be8      0x1c8 ./Drivers/STM32F4xx_HAL_Driver/Src/stm32f4xx_hal_gpio.o
                0x08001be8                HAL_GPIO_DeInit
 .text.HAL_GPIO_ReadPin
                0x08001db0       0x30 ./Drivers/STM32F4xx_HAL_Driver/Src/stm32f4xx_hal_gpio.o
                0x08001db0                HAL_GPIO_ReadPin
 .text.HAL_GPIO_WritePin
                0x08001de0       0x32 ./Drivers/STM32F4xx_HAL_Driver/Src/stm32f4xx_hal_gpio.o
                0x08001de0                HAL_GPIO_WritePin
 .text.HAL_GPIO_TogglePin
                0x08001e12       0x34 ./Drivers/STM32F4xx_HAL_Driver/Src/stm32f4xx_hal_gpio.o
                0x08001e12                HAL_GPIO_TogglePin
 *fill*         0x08001e46        0x2 
 .text.HAL_GPIO_EXTI_IRQHandler
                0x08001e48       0x30 ./Drivers/STM32F4xx_HAL_Driver/Src/stm32f4xx_hal_gpio.o
                0x08001e48                HAL_GPIO_EXTI_IRQHandler
 .text.HAL_GPIO_EXTI_Callback
                0x08001e78       0x16 ./Drivers/STM32F4xx_HAL_Driver/Src/stm32f4xx_hal_gpio.o
                0x08001e78                HAL_GPIO_EXTI_Callback
 *fill*         0x08001e8e        0x2 
 .text.HAL_RCC_OscConfig
                0x08001e90      0x4f0 ./Drivers/STM32F4xx_HAL_Driver/Src/stm32f4xx_hal_rcc.o
                0x08001e90                HAL_RCC_OscConfig
 .text.HAL_RCC_ClockConfig
                0x08002380      0x1cc ./Drivers/STM32F4xx_HAL_Driver/Src/stm32f4xx_hal_rcc.o
                0x08002380                HAL_RCC_ClockConfig
 .text.HAL_RCC_GetSysClockFreq
                0x0800254c      0x20c ./Drivers/STM32F4xx_HAL_Driver/Src/stm32f4xx_hal_rcc.o
                0x0800254c                HAL_RCC_GetSysClockFreq
 .text.HAL_RCC_GetHCLKFreq
                0x08002758       0x18 ./Drivers/STM32F4xx_HAL_Driver/Src/stm32f4xx_hal_rcc.o
                0x08002758                HAL_RCC_GetHCLKFreq
 .text.HAL_RCC_GetPCLK1Freq
                0x08002770       0x28 ./Drivers/STM32F4xx_HAL_Driver/Src/stm32f4xx_hal_rcc.o
                0x08002770                HAL_RCC_GetPCLK1Freq
 .text.HAL_RCC_GetPCLK2Freq
                0x08002798       0x28 ./Drivers/STM32F4xx_HAL_Driver/Src/stm32f4xx_hal_rcc.o
                0x08002798                HAL_RCC_GetPCLK2Freq
 .text.HAL_SPI_Init
                0x080027c0      0x112 ./Drivers/STM32F4xx_HAL_Driver/Src/stm32f4xx_hal_spi.o
                0x080027c0                HAL_SPI_Init
 .text.HAL_SPI_MspInit
                0x080028d2       0x14 ./Drivers/STM32F4xx_HAL_Driver/Src/stm32f4xx_hal_spi.o
                0x080028d2                HAL_SPI_MspInit
 .text.HAL_SPI_TransmitReceive
                0x080028e6      0x344 ./Drivers/STM32F4xx_HAL_Driver/Src/stm32f4xx_hal_spi.o
                0x080028e6                HAL_SPI_TransmitReceive
 .text.HAL_SPI_GetState
                0x08002c2a       0x1c ./Drivers/STM32F4xx_HAL_Driver/Src/stm32f4xx_hal_spi.o
                0x08002c2a                HAL_SPI_GetState
 *fill*         0x08002c46        0x2 
 .text.SPI_WaitFlagStateUntilTimeout
                0x08002c48      0x110 ./Drivers/STM32F4xx_HAL_Driver/Src/stm32f4xx_hal_spi.o
 .text.SPI_EndRxTxTransaction
                0x08002d58       0x84 ./Drivers/STM32F4xx_HAL_Driver/Src/stm32f4xx_hal_spi.o
 .text.HAL_UART_Init
                0x08002ddc       0x9a ./Drivers/STM32F4xx_HAL_Driver/Src/stm32f4xx_hal_uart.o
                0x08002ddc                HAL_UART_Init
 *fill*         0x08002e76        0x2 
 .text.UART_SetConfig
                0x08002e78      0x4e8 ./Drivers/STM32F4xx_HAL_Driver/Src/stm32f4xx_hal_uart.o
 .text.hci_disconnection_complete_event_process
                0x08003360       0x30 ./Middlewares/ST/BlueNRG-2/hci/bluenrg1_events.o
                0x08003360                hci_disconnection_complete_event_process
 .text.hci_encryption_change_event_process
                0x08003390       0x30 ./Middlewares/ST/BlueNRG-2/hci/bluenrg1_events.o
                0x08003390                hci_encryption_change_event_process
 .text.hci_read_remote_version_information_complete_event_process
                0x080033c0       0x3e ./Middlewares/ST/BlueNRG-2/hci/bluenrg1_events.o
                0x080033c0                hci_read_remote_version_information_complete_event_process
 .text.hci_hardware_error_event_process
                0x080033fe       0x24 ./Middlewares/ST/BlueNRG-2/hci/bluenrg1_events.o
                0x080033fe                hci_hardware_error_event_process
 .text.hci_number_of_completed_packets_event_process
                0x08003422       0xae ./Middlewares/ST/BlueNRG-2/hci/bluenrg1_events.o
                0x08003422                hci_number_of_completed_packets_event_process
 .text.hci_data_buffer_overflow_event_process
                0x080034d0       0x24 ./Middlewares/ST/BlueNRG-2/hci/bluenrg1_events.o
                0x080034d0                hci_data_buffer_overflow_event_process
 .text.hci_encryption_key_refresh_complete_event_process
                0x080034f4       0x2e ./Middlewares/ST/BlueNRG-2/hci/bluenrg1_events.o
                0x080034f4                hci_encryption_key_refresh_complete_event_process
 .text.aci_blue_initialized_event_process
                0x08003522       0x24 ./Middlewares/ST/BlueNRG-2/hci/bluenrg1_events.o
                0x08003522                aci_blue_initialized_event_process
 .text.aci_blue_events_lost_event_process
                0x08003546       0x22 ./Middlewares/ST/BlueNRG-2/hci/bluenrg1_events.o
                0x08003546                aci_blue_events_lost_event_process
 .text.aci_blue_crash_info_event_process
                0x08003568       0x84 ./Middlewares/ST/BlueNRG-2/hci/bluenrg1_events.o
                0x08003568                aci_blue_crash_info_event_process
 .text.aci_hal_end_of_radio_activity_event_process
                0x080035ec       0x2e ./Middlewares/ST/BlueNRG-2/hci/bluenrg1_events.o
                0x080035ec                aci_hal_end_of_radio_activity_event_process
 .text.aci_hal_scan_req_report_event_process
                0x0800361a       0x2e ./Middlewares/ST/BlueNRG-2/hci/bluenrg1_events.o
                0x0800361a                aci_hal_scan_req_report_event_process
 .text.aci_hal_fw_error_event_process
                0x08003648       0x2c ./Middlewares/ST/BlueNRG-2/hci/bluenrg1_events.o
                0x08003648                aci_hal_fw_error_event_process
 .text.aci_gap_limited_discoverable_event_process
                0x08003674       0x1a ./Middlewares/ST/BlueNRG-2/hci/bluenrg1_events.o
                0x08003674                aci_gap_limited_discoverable_event_process
 .text.aci_gap_pairing_complete_event_process
                0x0800368e       0x2e ./Middlewares/ST/BlueNRG-2/hci/bluenrg1_events.o
                0x0800368e                aci_gap_pairing_complete_event_process
 .text.aci_gap_pass_key_req_event_process
                0x080036bc       0x26 ./Middlewares/ST/BlueNRG-2/hci/bluenrg1_events.o
                0x080036bc                aci_gap_pass_key_req_event_process
 .text.aci_gap_authorization_req_event_process
                0x080036e2       0x26 ./Middlewares/ST/BlueNRG-2/hci/bluenrg1_events.o
                0x080036e2                aci_gap_authorization_req_event_process
 .text.aci_gap_slave_security_initiated_event_process
                0x08003708       0x1a ./Middlewares/ST/BlueNRG-2/hci/bluenrg1_events.o
                0x08003708                aci_gap_slave_security_initiated_event_process
 .text.aci_gap_bond_lost_event_process
                0x08003722       0x1a ./Middlewares/ST/BlueNRG-2/hci/bluenrg1_events.o
                0x08003722                aci_gap_bond_lost_event_process
 .text.aci_gap_proc_complete_event_process
                0x0800373c       0x2e ./Middlewares/ST/BlueNRG-2/hci/bluenrg1_events.o
                0x0800373c                aci_gap_proc_complete_event_process
 .text.aci_gap_addr_not_resolved_event_process
                0x0800376a       0x26 ./Middlewares/ST/BlueNRG-2/hci/bluenrg1_events.o
                0x0800376a                aci_gap_addr_not_resolved_event_process
 .text.aci_gap_numeric_comparison_value_event_process
                0x08003790       0x2e ./Middlewares/ST/BlueNRG-2/hci/bluenrg1_events.o
                0x08003790                aci_gap_numeric_comparison_value_event_process
 .text.aci_gap_keypress_notification_event_process
                0x080037be       0x2c ./Middlewares/ST/BlueNRG-2/hci/bluenrg1_events.o
                0x080037be                aci_gap_keypress_notification_event_process
 .text.aci_l2cap_connection_update_resp_event_process
                0x080037ea       0x2e ./Middlewares/ST/BlueNRG-2/hci/bluenrg1_events.o
                0x080037ea                aci_l2cap_connection_update_resp_event_process
 .text.aci_l2cap_proc_timeout_event_process
                0x08003818       0x2e ./Middlewares/ST/BlueNRG-2/hci/bluenrg1_events.o
                0x08003818                aci_l2cap_proc_timeout_event_process
 .text.aci_l2cap_connection_update_req_event_process
                0x08003846       0x5c ./Middlewares/ST/BlueNRG-2/hci/bluenrg1_events.o
                0x08003846                aci_l2cap_connection_update_req_event_process
 .text.aci_l2cap_command_reject_event_process
                0x080038a2       0x3c ./Middlewares/ST/BlueNRG-2/hci/bluenrg1_events.o
                0x080038a2                aci_l2cap_command_reject_event_process
 .text.aci_gatt_attribute_modified_event_process
                0x080038de       0x3e ./Middlewares/ST/BlueNRG-2/hci/bluenrg1_events.o
                0x080038de                aci_gatt_attribute_modified_event_process
 .text.aci_gatt_proc_timeout_event_process
                0x0800391c       0x26 ./Middlewares/ST/BlueNRG-2/hci/bluenrg1_events.o
                0x0800391c                aci_gatt_proc_timeout_event_process
 .text.aci_att_exchange_mtu_resp_event_process
                0x08003942       0x2e ./Middlewares/ST/BlueNRG-2/hci/bluenrg1_events.o
                0x08003942                aci_att_exchange_mtu_resp_event_process
 .text.aci_att_find_info_resp_event_process
                0x08003970       0x30 ./Middlewares/ST/BlueNRG-2/hci/bluenrg1_events.o
                0x08003970                aci_att_find_info_resp_event_process
 .text.aci_att_find_by_type_value_resp_event_process
                0x080039a0       0xb4 ./Middlewares/ST/BlueNRG-2/hci/bluenrg1_events.o
                0x080039a0                aci_att_find_by_type_value_resp_event_process
 .text.aci_att_read_by_type_resp_event_process
                0x08003a54       0x30 ./Middlewares/ST/BlueNRG-2/hci/bluenrg1_events.o
                0x08003a54                aci_att_read_by_type_resp_event_process
 .text.aci_att_read_resp_event_process
                0x08003a84       0x2e ./Middlewares/ST/BlueNRG-2/hci/bluenrg1_events.o
                0x08003a84                aci_att_read_resp_event_process
 .text.aci_att_read_blob_resp_event_process
                0x08003ab2       0x2e ./Middlewares/ST/BlueNRG-2/hci/bluenrg1_events.o
                0x08003ab2                aci_att_read_blob_resp_event_process
 .text.aci_att_read_multiple_resp_event_process
                0x08003ae0       0x2e ./Middlewares/ST/BlueNRG-2/hci/bluenrg1_events.o
                0x08003ae0                aci_att_read_multiple_resp_event_process
 .text.aci_att_read_by_group_type_resp_event_process
                0x08003b0e       0x30 ./Middlewares/ST/BlueNRG-2/hci/bluenrg1_events.o
                0x08003b0e                aci_att_read_by_group_type_resp_event_process
 .text.aci_att_prepare_write_resp_event_process
                0x08003b3e       0x3c ./Middlewares/ST/BlueNRG-2/hci/bluenrg1_events.o
                0x08003b3e                aci_att_prepare_write_resp_event_process
 .text.aci_att_exec_write_resp_event_process
                0x08003b7a       0x26 ./Middlewares/ST/BlueNRG-2/hci/bluenrg1_events.o
                0x08003b7a                aci_att_exec_write_resp_event_process
 .text.aci_gatt_indication_event_process
                0x08003ba0       0x32 ./Middlewares/ST/BlueNRG-2/hci/bluenrg1_events.o
                0x08003ba0                aci_gatt_indication_event_process
 .text.aci_gatt_notification_event_process
                0x08003bd2       0x32 ./Middlewares/ST/BlueNRG-2/hci/bluenrg1_events.o
                0x08003bd2                aci_gatt_notification_event_process
 .text.aci_gatt_proc_complete_event_process
                0x08003c04       0x2c ./Middlewares/ST/BlueNRG-2/hci/bluenrg1_events.o
                0x08003c04                aci_gatt_proc_complete_event_process
 .text.aci_gatt_error_resp_event_process
                0x08003c30       0x34 ./Middlewares/ST/BlueNRG-2/hci/bluenrg1_events.o
                0x08003c30                aci_gatt_error_resp_event_process
 .text.aci_gatt_disc_read_char_by_uuid_resp_event_process
                0x08003c64       0x32 ./Middlewares/ST/BlueNRG-2/hci/bluenrg1_events.o
                0x08003c64                aci_gatt_disc_read_char_by_uuid_resp_event_process
 .text.aci_gatt_write_permit_req_event_process
                0x08003c96       0x32 ./Middlewares/ST/BlueNRG-2/hci/bluenrg1_events.o
                0x08003c96                aci_gatt_write_permit_req_event_process
 .text.aci_gatt_read_permit_req_event_process
                0x08003cc8       0x32 ./Middlewares/ST/BlueNRG-2/hci/bluenrg1_events.o
                0x08003cc8                aci_gatt_read_permit_req_event_process
 .text.aci_gatt_read_multi_permit_req_event_process
                0x08003cfa       0x8a ./Middlewares/ST/BlueNRG-2/hci/bluenrg1_events.o
                0x08003cfa                aci_gatt_read_multi_permit_req_event_process
 .text.aci_gatt_tx_pool_available_event_process
                0x08003d84       0x2e ./Middlewares/ST/BlueNRG-2/hci/bluenrg1_events.o
                0x08003d84                aci_gatt_tx_pool_available_event_process
 .text.aci_gatt_server_confirmation_event_process
                0x08003db2       0x26 ./Middlewares/ST/BlueNRG-2/hci/bluenrg1_events.o
                0x08003db2                aci_gatt_server_confirmation_event_process
 .text.aci_gatt_prepare_write_permit_req_event_process
                0x08003dd8       0x3c ./Middlewares/ST/BlueNRG-2/hci/bluenrg1_events.o
                0x08003dd8                aci_gatt_prepare_write_permit_req_event_process
 .text.hci_le_connection_complete_event_process
                0x08003e14       0x68 ./Middlewares/ST/BlueNRG-2/hci/bluenrg1_events.o
                0x08003e14                hci_le_connection_complete_event_process
 .text.hci_le_advertising_report_event_process
                0x08003e7c      0x1ba ./Middlewares/ST/BlueNRG-2/hci/bluenrg1_events.o
                0x08003e7c                hci_le_advertising_report_event_process
 .text.hci_le_connection_update_complete_event_process
                0x08004036       0x46 ./Middlewares/ST/BlueNRG-2/hci/bluenrg1_events.o
                0x08004036                hci_le_connection_update_complete_event_process
 .text.hci_le_read_remote_used_features_complete_event_process
                0x0800407c       0x30 ./Middlewares/ST/BlueNRG-2/hci/bluenrg1_events.o
                0x0800407c                hci_le_read_remote_used_features_complete_event_process
 .text.hci_le_long_term_key_request_event_process
                0x080040ac       0x30 ./Middlewares/ST/BlueNRG-2/hci/bluenrg1_events.o
                0x080040ac                hci_le_long_term_key_request_event_process
 .text.hci_le_data_length_change_event_process
                0x080040dc       0x40 ./Middlewares/ST/BlueNRG-2/hci/bluenrg1_events.o
                0x080040dc                hci_le_data_length_change_event_process
 .text.hci_le_read_local_p256_public_key_complete_event_process
                0x0800411c       0x2a ./Middlewares/ST/BlueNRG-2/hci/bluenrg1_events.o
                0x0800411c                hci_le_read_local_p256_public_key_complete_event_process
 .text.hci_le_generate_dhkey_complete_event_process
                0x08004146       0x2a ./Middlewares/ST/BlueNRG-2/hci/bluenrg1_events.o
                0x08004146                hci_le_generate_dhkey_complete_event_process
 .text.hci_le_enhanced_connection_complete_event_process
                0x08004170       0x7c ./Middlewares/ST/BlueNRG-2/hci/bluenrg1_events.o
                0x08004170                hci_le_enhanced_connection_complete_event_process
 .text.hci_le_direct_advertising_report_event_process
                0x080041ec      0x15e ./Middlewares/ST/BlueNRG-2/hci/bluenrg1_events.o
                0x080041ec                hci_le_direct_advertising_report_event_process
 .text.hci_disconnection_complete_event
                0x0800434a       0x1e ./Middlewares/ST/BlueNRG-2/hci/bluenrg1_events_cb.o
                0x0800434a                hci_disconnection_complete_event
 .text.hci_encryption_change_event
                0x08004368       0x1e ./Middlewares/ST/BlueNRG-2/hci/bluenrg1_events_cb.o
                0x08004368                hci_encryption_change_event
 .text.hci_read_remote_version_information_complete_event
                0x08004386       0x28 ./Middlewares/ST/BlueNRG-2/hci/bluenrg1_events_cb.o
                0x08004386                hci_read_remote_version_information_complete_event
 .text.hci_hardware_error_event
                0x080043ae       0x16 ./Middlewares/ST/BlueNRG-2/hci/bluenrg1_events_cb.o
                0x080043ae                hci_hardware_error_event
 .text.hci_number_of_completed_packets_event
                0x080043c4       0x18 ./Middlewares/ST/BlueNRG-2/hci/bluenrg1_events_cb.o
                0x080043c4                hci_number_of_completed_packets_event
 .text.hci_data_buffer_overflow_event
                0x080043dc       0x16 ./Middlewares/ST/BlueNRG-2/hci/bluenrg1_events_cb.o
                0x080043dc                hci_data_buffer_overflow_event
 .text.hci_encryption_key_refresh_complete_event
                0x080043f2       0x1c ./Middlewares/ST/BlueNRG-2/hci/bluenrg1_events_cb.o
                0x080043f2                hci_encryption_key_refresh_complete_event
 .text.hci_le_advertising_report_event
                0x0800440e       0x18 ./Middlewares/ST/BlueNRG-2/hci/bluenrg1_events_cb.o
                0x0800440e                hci_le_advertising_report_event
 .text.hci_le_connection_update_complete_event
                0x08004426       0x28 ./Middlewares/ST/BlueNRG-2/hci/bluenrg1_events_cb.o
                0x08004426                hci_le_connection_update_complete_event
 .text.hci_le_read_remote_used_features_complete_event
                0x0800444e       0x1c ./Middlewares/ST/BlueNRG-2/hci/bluenrg1_events_cb.o
                0x0800444e                hci_le_read_remote_used_features_complete_event
 .text.hci_le_long_term_key_request_event
                0x0800446a       0x1c ./Middlewares/ST/BlueNRG-2/hci/bluenrg1_events_cb.o
                0x0800446a                hci_le_long_term_key_request_event
 .text.hci_le_data_length_change_event
                0x08004486       0x28 ./Middlewares/ST/BlueNRG-2/hci/bluenrg1_events_cb.o
                0x08004486                hci_le_data_length_change_event
 .text.hci_le_read_local_p256_public_key_complete_event
                0x080044ae       0x18 ./Middlewares/ST/BlueNRG-2/hci/bluenrg1_events_cb.o
                0x080044ae                hci_le_read_local_p256_public_key_complete_event
 .text.hci_le_generate_dhkey_complete_event
                0x080044c6       0x18 ./Middlewares/ST/BlueNRG-2/hci/bluenrg1_events_cb.o
                0x080044c6                hci_le_generate_dhkey_complete_event
 .text.hci_le_enhanced_connection_complete_event
                0x080044de       0x28 ./Middlewares/ST/BlueNRG-2/hci/bluenrg1_events_cb.o
                0x080044de                hci_le_enhanced_connection_complete_event
 .text.hci_le_direct_advertising_report_event
                0x08004506       0x18 ./Middlewares/ST/BlueNRG-2/hci/bluenrg1_events_cb.o
                0x08004506                hci_le_direct_advertising_report_event
 .text.aci_gap_limited_discoverable_event
                0x0800451e        0xe ./Middlewares/ST/BlueNRG-2/hci/bluenrg1_events_cb.o
                0x0800451e                aci_gap_limited_discoverable_event
 .text.aci_gap_pairing_complete_event
                0x0800452c       0x1e ./Middlewares/ST/BlueNRG-2/hci/bluenrg1_events_cb.o
                0x0800452c                aci_gap_pairing_complete_event
 .text.aci_gap_pass_key_req_event
                0x0800454a       0x16 ./Middlewares/ST/BlueNRG-2/hci/bluenrg1_events_cb.o
                0x0800454a                aci_gap_pass_key_req_event
 .text.aci_gap_authorization_req_event
                0x08004560       0x16 ./Middlewares/ST/BlueNRG-2/hci/bluenrg1_events_cb.o
                0x08004560                aci_gap_authorization_req_event
 .text.aci_gap_slave_security_initiated_event
                0x08004576        0xe ./Middlewares/ST/BlueNRG-2/hci/bluenrg1_events_cb.o
                0x08004576                aci_gap_slave_security_initiated_event
 .text.aci_gap_bond_lost_event
                0x08004584        0xe ./Middlewares/ST/BlueNRG-2/hci/bluenrg1_events_cb.o
                0x08004584                aci_gap_bond_lost_event
 .text.aci_gap_proc_complete_event
                0x08004592       0x20 ./Middlewares/ST/BlueNRG-2/hci/bluenrg1_events_cb.o
                0x08004592                aci_gap_proc_complete_event
 .text.aci_gap_addr_not_resolved_event
                0x080045b2       0x16 ./Middlewares/ST/BlueNRG-2/hci/bluenrg1_events_cb.o
                0x080045b2                aci_gap_addr_not_resolved_event
 .text.aci_gap_numeric_comparison_value_event
                0x080045c8       0x18 ./Middlewares/ST/BlueNRG-2/hci/bluenrg1_events_cb.o
                0x080045c8                aci_gap_numeric_comparison_value_event
 .text.aci_gap_keypress_notification_event
                0x080045e0       0x1c ./Middlewares/ST/BlueNRG-2/hci/bluenrg1_events_cb.o
                0x080045e0                aci_gap_keypress_notification_event
 .text.aci_gatt_proc_timeout_event
                0x080045fc       0x16 ./Middlewares/ST/BlueNRG-2/hci/bluenrg1_events_cb.o
                0x080045fc                aci_gatt_proc_timeout_event
 .text.aci_att_exchange_mtu_resp_event
                0x08004612       0x1c ./Middlewares/ST/BlueNRG-2/hci/bluenrg1_events_cb.o
                0x08004612                aci_att_exchange_mtu_resp_event
 .text.aci_att_find_info_resp_event
                0x0800462e       0x20 ./Middlewares/ST/BlueNRG-2/hci/bluenrg1_events_cb.o
                0x0800462e                aci_att_find_info_resp_event
 .text.aci_att_find_by_type_value_resp_event
                0x0800464e       0x1c ./Middlewares/ST/BlueNRG-2/hci/bluenrg1_events_cb.o
                0x0800464e                aci_att_find_by_type_value_resp_event
 .text.aci_att_read_by_type_resp_event
                0x0800466a       0x20 ./Middlewares/ST/BlueNRG-2/hci/bluenrg1_events_cb.o
                0x0800466a                aci_att_read_by_type_resp_event
 .text.aci_att_read_resp_event
                0x0800468a       0x1c ./Middlewares/ST/BlueNRG-2/hci/bluenrg1_events_cb.o
                0x0800468a                aci_att_read_resp_event
 .text.aci_att_read_blob_resp_event
                0x080046a6       0x1c ./Middlewares/ST/BlueNRG-2/hci/bluenrg1_events_cb.o
                0x080046a6                aci_att_read_blob_resp_event
 .text.aci_att_read_multiple_resp_event
                0x080046c2       0x1c ./Middlewares/ST/BlueNRG-2/hci/bluenrg1_events_cb.o
                0x080046c2                aci_att_read_multiple_resp_event
 .text.aci_att_read_by_group_type_resp_event
                0x080046de       0x20 ./Middlewares/ST/BlueNRG-2/hci/bluenrg1_events_cb.o
                0x080046de                aci_att_read_by_group_type_resp_event
 .text.aci_att_prepare_write_resp_event
                0x080046fe       0x28 ./Middlewares/ST/BlueNRG-2/hci/bluenrg1_events_cb.o
                0x080046fe                aci_att_prepare_write_resp_event
 .text.aci_att_exec_write_resp_event
                0x08004726       0x16 ./Middlewares/ST/BlueNRG-2/hci/bluenrg1_events_cb.o
                0x08004726                aci_att_exec_write_resp_event
 .text.aci_gatt_indication_event
                0x0800473c       0x20 ./Middlewares/ST/BlueNRG-2/hci/bluenrg1_events_cb.o
                0x0800473c                aci_gatt_indication_event
 .text.aci_gatt_notification_event
                0x0800475c       0x20 ./Middlewares/ST/BlueNRG-2/hci/bluenrg1_events_cb.o
                0x0800475c                aci_gatt_notification_event
 .text.aci_gatt_proc_complete_event
                0x0800477c       0x1c ./Middlewares/ST/BlueNRG-2/hci/bluenrg1_events_cb.o
                0x0800477c                aci_gatt_proc_complete_event
 .text.aci_gatt_error_resp_event
                0x08004798       0x28 ./Middlewares/ST/BlueNRG-2/hci/bluenrg1_events_cb.o
                0x08004798                aci_gatt_error_resp_event
 .text.aci_gatt_disc_read_char_by_uuid_resp_event
                0x080047c0       0x20 ./Middlewares/ST/BlueNRG-2/hci/bluenrg1_events_cb.o
                0x080047c0                aci_gatt_disc_read_char_by_uuid_resp_event
 .text.aci_gatt_write_permit_req_event
                0x080047e0       0x20 ./Middlewares/ST/BlueNRG-2/hci/bluenrg1_events_cb.o
                0x080047e0                aci_gatt_write_permit_req_event
 .text.aci_gatt_read_permit_req_event
                0x08004800       0x1e ./Middlewares/ST/BlueNRG-2/hci/bluenrg1_events_cb.o
                0x08004800                aci_gatt_read_permit_req_event
 .text.aci_gatt_read_multi_permit_req_event
                0x0800481e       0x1c ./Middlewares/ST/BlueNRG-2/hci/bluenrg1_events_cb.o
                0x0800481e                aci_gatt_read_multi_permit_req_event
 .text.aci_gatt_tx_pool_available_event
                0x0800483a       0x1c ./Middlewares/ST/BlueNRG-2/hci/bluenrg1_events_cb.o
                0x0800483a                aci_gatt_tx_pool_available_event
 .text.aci_gatt_server_confirmation_event
                0x08004856       0x16 ./Middlewares/ST/BlueNRG-2/hci/bluenrg1_events_cb.o
                0x08004856                aci_gatt_server_confirmation_event
 .text.aci_gatt_prepare_write_permit_req_event
                0x0800486c       0x28 ./Middlewares/ST/BlueNRG-2/hci/bluenrg1_events_cb.o
                0x0800486c                aci_gatt_prepare_write_permit_req_event
 .text.aci_l2cap_connection_update_resp_event
                0x08004894       0x1c ./Middlewares/ST/BlueNRG-2/hci/bluenrg1_events_cb.o
                0x08004894                aci_l2cap_connection_update_resp_event
 .text.aci_l2cap_proc_timeout_event
                0x080048b0       0x1c ./Middlewares/ST/BlueNRG-2/hci/bluenrg1_events_cb.o
                0x080048b0                aci_l2cap_proc_timeout_event
 .text.aci_l2cap_connection_update_req_event
                0x080048cc       0x28 ./Middlewares/ST/BlueNRG-2/hci/bluenrg1_events_cb.o
                0x080048cc                aci_l2cap_connection_update_req_event
 .text.aci_l2cap_command_reject_event
                0x080048f4       0x28 ./Middlewares/ST/BlueNRG-2/hci/bluenrg1_events_cb.o
                0x080048f4                aci_l2cap_command_reject_event
 .text.aci_blue_initialized_event
                0x0800491c       0x16 ./Middlewares/ST/BlueNRG-2/hci/bluenrg1_events_cb.o
                0x0800491c                aci_blue_initialized_event
 .text.aci_blue_events_lost_event
                0x08004932       0x14 ./Middlewares/ST/BlueNRG-2/hci/bluenrg1_events_cb.o
                0x08004932                aci_blue_events_lost_event
 .text.aci_blue_crash_info_event
                0x08004946       0x1c ./Middlewares/ST/BlueNRG-2/hci/bluenrg1_events_cb.o
                0x08004946                aci_blue_crash_info_event
 .text.aci_hal_end_of_radio_activity_event
                0x08004962       0x1c ./Middlewares/ST/BlueNRG-2/hci/bluenrg1_events_cb.o
                0x08004962                aci_hal_end_of_radio_activity_event
 .text.aci_hal_scan_req_report_event
                0x0800497e       0x1c ./Middlewares/ST/BlueNRG-2/hci/bluenrg1_events_cb.o
                0x0800497e                aci_hal_scan_req_report_event
 .text.aci_hal_fw_error_event
                0x0800499a       0x1c ./Middlewares/ST/BlueNRG-2/hci/bluenrg1_events_cb.o
                0x0800499a                aci_hal_fw_error_event
 .text.hci_reset
                0x080049b6       0x52 ./Middlewares/ST/BlueNRG-2/hci/bluenrg1_hci_le.o
                0x080049b6                hci_reset
 .text.aci_gap_set_discoverable
                0x08004a08      0x206 ./Middlewares/ST/BlueNRG-2/hci/controller/bluenrg1_gap_aci.o
                0x08004a08                aci_gap_set_discoverable
 .text.aci_gap_init
                0x08004c0e      0x15a ./Middlewares/ST/BlueNRG-2/hci/controller/bluenrg1_gap_aci.o
                0x08004c0e                aci_gap_init
 .text.aci_gatt_init
                0x08004d68       0x54 ./Middlewares/ST/BlueNRG-2/hci/controller/bluenrg1_gatt_aci.o
                0x08004d68                aci_gatt_init
 .text.aci_gatt_add_service
                0x08004dbc      0x1ac ./Middlewares/ST/BlueNRG-2/hci/controller/bluenrg1_gatt_aci.o
                0x08004dbc                aci_gatt_add_service
 .text.aci_gatt_add_char
                0x08004f68      0x210 ./Middlewares/ST/BlueNRG-2/hci/controller/bluenrg1_gatt_aci.o
                0x08004f68                aci_gatt_add_char
 .text.aci_gatt_update_char_value
                0x08005178      0x164 ./Middlewares/ST/BlueNRG-2/hci/controller/bluenrg1_gatt_aci.o
                0x08005178                aci_gatt_update_char_value
 .text.aci_hal_write_config_data
                0x080052dc      0x11c ./Middlewares/ST/BlueNRG-2/hci/controller/bluenrg1_hal_aci.o
                0x080052dc                aci_hal_write_config_data
 .text.verify_packet
                0x080053f8       0x40 ./Middlewares/ST/BlueNRG-2/hci/hci_tl_patterns/Basic/hci_tl.o
 .text.send_cmd
                0x08005438       0x80 ./Middlewares/ST/BlueNRG-2/hci/hci_tl_patterns/Basic/hci_tl.o
 .text.move_list
                0x080054b8       0x38 ./Middlewares/ST/BlueNRG-2/hci/hci_tl_patterns/Basic/hci_tl.o
 .text.free_event_list
                0x080054f0       0x3c ./Middlewares/ST/BlueNRG-2/hci/hci_tl_patterns/Basic/hci_tl.o
 .text.hci_init
                0x0800552c       0x84 ./Middlewares/ST/BlueNRG-2/hci/hci_tl_patterns/Basic/hci_tl.o
                0x0800552c                hci_init
 .text.hci_register_io_bus
                0x080055b0       0x40 ./Middlewares/ST/BlueNRG-2/hci/hci_tl_patterns/Basic/hci_tl.o
                0x080055b0                hci_register_io_bus
 .text.hci_send_req
                0x080055f0      0x230 ./Middlewares/ST/BlueNRG-2/hci/hci_tl_patterns/Basic/hci_tl.o
                0x080055f0                hci_send_req
 .text.hci_user_evt_proc
                0x08005820       0x58 ./Middlewares/ST/BlueNRG-2/hci/hci_tl_patterns/Basic/hci_tl.o
                0x08005820                hci_user_evt_proc
 .text.hci_notify_asynch_evt
                0x08005878       0x9c ./Middlewares/ST/BlueNRG-2/hci/hci_tl_patterns/Basic/hci_tl.o
                0x08005878                hci_notify_asynch_evt
 .text.list_init_head
                0x08005914       0x20 ./Middlewares/ST/BlueNRG-2/utils/ble_list.o
                0x08005914                list_init_head
 .text.list_is_empty
                0x08005934       0x44 ./Middlewares/ST/BlueNRG-2/utils/ble_list.o
                0x08005934                list_is_empty
 .text.list_insert_head
                0x08005978       0x4c ./Middlewares/ST/BlueNRG-2/utils/ble_list.o
                0x08005978                list_insert_head
 .text.list_insert_tail
                0x080059c4       0x4c ./Middlewares/ST/BlueNRG-2/utils/ble_list.o
                0x080059c4                list_insert_tail
 .text.list_remove_node
                0x08005a10       0x42 ./Middlewares/ST/BlueNRG-2/utils/ble_list.o
                0x08005a10                list_remove_node
 .text.list_remove_head
                0x08005a52       0x4e ./Middlewares/ST/BlueNRG-2/utils/ble_list.o
                0x08005a52                list_remove_head
 .text.list_remove_tail
                0x08005aa0       0x4e ./Middlewares/ST/BlueNRG-2/utils/ble_list.o
                0x08005aa0                list_remove_tail
 .text.list_get_size
                0x08005aee       0x50 ./Middlewares/ST/BlueNRG-2/utils/ble_list.o
                0x08005aee                list_get_size
 *fill*         0x08005b3e        0x2 
 .text.std      0x08005b40       0x6c D:/STM32CubeIDE_1.15.1/STM32CubeIDE/plugins/com.st.stm32cube.ide.mcu.externaltools.gnu-tools-for-stm32.12.3.rel1.win32_1.0.100.202403111256/tools/bin/../lib/gcc/arm-none-eabi/12.3.1/../../../../arm-none-eabi/lib/thumb/v7e-m+fp/hard\libc_nano.a(libc_a-findfp.o)
 .text.stdio_exit_handler
                0x08005bac       0x18 D:/STM32CubeIDE_1.15.1/STM32CubeIDE/plugins/com.st.stm32cube.ide.mcu.externaltools.gnu-tools-for-stm32.12.3.rel1.win32_1.0.100.202403111256/tools/bin/../lib/gcc/arm-none-eabi/12.3.1/../../../../arm-none-eabi/lib/thumb/v7e-m+fp/hard\libc_nano.a(libc_a-findfp.o)
 .text.cleanup_stdio
                0x08005bc4       0x40 D:/STM32CubeIDE_1.15.1/STM32CubeIDE/plugins/com.st.stm32cube.ide.mcu.externaltools.gnu-tools-for-stm32.12.3.rel1.win32_1.0.100.202403111256/tools/bin/../lib/gcc/arm-none-eabi/12.3.1/../../../../arm-none-eabi/lib/thumb/v7e-m+fp/hard\libc_nano.a(libc_a-findfp.o)
 .text.global_stdio_init.part.0
                0x08005c04       0x3c D:/STM32CubeIDE_1.15.1/STM32CubeIDE/plugins/com.st.stm32cube.ide.mcu.externaltools.gnu-tools-for-stm32.12.3.rel1.win32_1.0.100.202403111256/tools/bin/../lib/gcc/arm-none-eabi/12.3.1/../../../../arm-none-eabi/lib/thumb/v7e-m+fp/hard\libc_nano.a(libc_a-findfp.o)
 .text.__sfp_lock_acquire
                0x08005c40        0xc D:/STM32CubeIDE_1.15.1/STM32CubeIDE/plugins/com.st.stm32cube.ide.mcu.externaltools.gnu-tools-for-stm32.12.3.rel1.win32_1.0.100.202403111256/tools/bin/../lib/gcc/arm-none-eabi/12.3.1/../../../../arm-none-eabi/lib/thumb/v7e-m+fp/hard\libc_nano.a(libc_a-findfp.o)
                0x08005c40                __sfp_lock_acquire
 .text.__sfp_lock_release
                0x08005c4c        0xc D:/STM32CubeIDE_1.15.1/STM32CubeIDE/plugins/com.st.stm32cube.ide.mcu.externaltools.gnu-tools-for-stm32.12.3.rel1.win32_1.0.100.202403111256/tools/bin/../lib/gcc/arm-none-eabi/12.3.1/../../../../arm-none-eabi/lib/thumb/v7e-m+fp/hard\libc_nano.a(libc_a-findfp.o)
                0x08005c4c                __sfp_lock_release
 .text.__sinit  0x08005c58       0x30 D:/STM32CubeIDE_1.15.1/STM32CubeIDE/plugins/com.st.stm32cube.ide.mcu.externaltools.gnu-tools-for-stm32.12.3.rel1.win32_1.0.100.202403111256/tools/bin/../lib/gcc/arm-none-eabi/12.3.1/../../../../arm-none-eabi/lib/thumb/v7e-m+fp/hard\libc_nano.a(libc_a-findfp.o)
                0x08005c58                __sinit
 .text._fwalk_sglue
                0x08005c88       0x3c D:/STM32CubeIDE_1.15.1/STM32CubeIDE/plugins/com.st.stm32cube.ide.mcu.externaltools.gnu-tools-for-stm32.12.3.rel1.win32_1.0.100.202403111256/tools/bin/../lib/gcc/arm-none-eabi/12.3.1/../../../../arm-none-eabi/lib/thumb/v7e-m+fp/hard\libc_nano.a(libc_a-fwalk.o)
                0x08005c88                _fwalk_sglue
 .text._puts_r  0x08005cc4       0xaa D:/STM32CubeIDE_1.15.1/STM32CubeIDE/plugins/com.st.stm32cube.ide.mcu.externaltools.gnu-tools-for-stm32.12.3.rel1.win32_1.0.100.202403111256/tools/bin/../lib/gcc/arm-none-eabi/12.3.1/../../../../arm-none-eabi/lib/thumb/v7e-m+fp/hard\libc_nano.a(libc_a-puts.o)
                0x08005cc4                _puts_r
 *fill*         0x08005d6e        0x2 
 .text.puts     0x08005d70       0x10 D:/STM32CubeIDE_1.15.1/STM32CubeIDE/plugins/com.st.stm32cube.ide.mcu.externaltools.gnu-tools-for-stm32.12.3.rel1.win32_1.0.100.202403111256/tools/bin/../lib/gcc/arm-none-eabi/12.3.1/../../../../arm-none-eabi/lib/thumb/v7e-m+fp/hard\libc_nano.a(libc_a-puts.o)
                0x08005d70                puts
 .text.__sread  0x08005d80       0x22 D:/STM32CubeIDE_1.15.1/STM32CubeIDE/plugins/com.st.stm32cube.ide.mcu.externaltools.gnu-tools-for-stm32.12.3.rel1.win32_1.0.100.202403111256/tools/bin/../lib/gcc/arm-none-eabi/12.3.1/../../../../arm-none-eabi/lib/thumb/v7e-m+fp/hard\libc_nano.a(libc_a-stdio.o)
                0x08005d80                __sread
 .text.__swrite
                0x08005da2       0x38 D:/STM32CubeIDE_1.15.1/STM32CubeIDE/plugins/com.st.stm32cube.ide.mcu.externaltools.gnu-tools-for-stm32.12.3.rel1.win32_1.0.100.202403111256/tools/bin/../lib/gcc/arm-none-eabi/12.3.1/../../../../arm-none-eabi/lib/thumb/v7e-m+fp/hard\libc_nano.a(libc_a-stdio.o)
                0x08005da2                __swrite
 .text.__sseek  0x08005dda       0x24 D:/STM32CubeIDE_1.15.1/STM32CubeIDE/plugins/com.st.stm32cube.ide.mcu.externaltools.gnu-tools-for-stm32.12.3.rel1.win32_1.0.100.202403111256/tools/bin/../lib/gcc/arm-none-eabi/12.3.1/../../../../arm-none-eabi/lib/thumb/v7e-m+fp/hard\libc_nano.a(libc_a-stdio.o)
                0x08005dda                __sseek
 .text.__sclose
                0x08005dfe        0x8 D:/STM32CubeIDE_1.15.1/STM32CubeIDE/plugins/com.st.stm32cube.ide.mcu.externaltools.gnu-tools-for-stm32.12.3.rel1.win32_1.0.100.202403111256/tools/bin/../lib/gcc/arm-none-eabi/12.3.1/../../../../arm-none-eabi/lib/thumb/v7e-m+fp/hard\libc_nano.a(libc_a-stdio.o)
                0x08005dfe                __sclose
 .text.__swbuf_r
                0x08005e06       0x7c D:/STM32CubeIDE_1.15.1/STM32CubeIDE/plugins/com.st.stm32cube.ide.mcu.externaltools.gnu-tools-for-stm32.12.3.rel1.win32_1.0.100.202403111256/tools/bin/../lib/gcc/arm-none-eabi/12.3.1/../../../../arm-none-eabi/lib/thumb/v7e-m+fp/hard\libc_nano.a(libc_a-wbuf.o)
                0x08005e06                __swbuf_r
 *fill*         0x08005e82        0x2 
 .text.__swsetup_r
                0x08005e84       0xac D:/STM32CubeIDE_1.15.1/STM32CubeIDE/plugins/com.st.stm32cube.ide.mcu.externaltools.gnu-tools-for-stm32.12.3.rel1.win32_1.0.100.202403111256/tools/bin/../lib/gcc/arm-none-eabi/12.3.1/../../../../arm-none-eabi/lib/thumb/v7e-m+fp/hard\libc_nano.a(libc_a-wsetup.o)
                0x08005e84                __swsetup_r
 .text.memset   0x08005f30       0x10 D:/STM32CubeIDE_1.15.1/STM32CubeIDE/plugins/com.st.stm32cube.ide.mcu.externaltools.gnu-tools-for-stm32.12.3.rel1.win32_1.0.100.202403111256/tools/bin/../lib/gcc/arm-none-eabi/12.3.1/../../../../arm-none-eabi/lib/thumb/v7e-m+fp/hard\libc_nano.a(libc_a-memset.o)
                0x08005f30                memset
 .text._close_r
                0x08005f40       0x20 D:/STM32CubeIDE_1.15.1/STM32CubeIDE/plugins/com.st.stm32cube.ide.mcu.externaltools.gnu-tools-for-stm32.12.3.rel1.win32_1.0.100.202403111256/tools/bin/../lib/gcc/arm-none-eabi/12.3.1/../../../../arm-none-eabi/lib/thumb/v7e-m+fp/hard\libc_nano.a(libc_a-closer.o)
                0x08005f40                _close_r
 .text._lseek_r
                0x08005f60       0x24 D:/STM32CubeIDE_1.15.1/STM32CubeIDE/plugins/com.st.stm32cube.ide.mcu.externaltools.gnu-tools-for-stm32.12.3.rel1.win32_1.0.100.202403111256/tools/bin/../lib/gcc/arm-none-eabi/12.3.1/../../../../arm-none-eabi/lib/thumb/v7e-m+fp/hard\libc_nano.a(libc_a-lseekr.o)
                0x08005f60                _lseek_r
 .text._read_r  0x08005f84       0x24 D:/STM32CubeIDE_1.15.1/STM32CubeIDE/plugins/com.st.stm32cube.ide.mcu.externaltools.gnu-tools-for-stm32.12.3.rel1.win32_1.0.100.202403111256/tools/bin/../lib/gcc/arm-none-eabi/12.3.1/../../../../arm-none-eabi/lib/thumb/v7e-m+fp/hard\libc_nano.a(libc_a-readr.o)
                0x08005f84                _read_r
 .text._write_r
                0x08005fa8       0x24 D:/STM32CubeIDE_1.15.1/STM32CubeIDE/plugins/com.st.stm32cube.ide.mcu.externaltools.gnu-tools-for-stm32.12.3.rel1.win32_1.0.100.202403111256/tools/bin/../lib/gcc/arm-none-eabi/12.3.1/../../../../arm-none-eabi/lib/thumb/v7e-m+fp/hard\libc_nano.a(libc_a-writer.o)
                0x08005fa8                _write_r
 .text.__errno  0x08005fcc        0xc D:/STM32CubeIDE_1.15.1/STM32CubeIDE/plugins/com.st.stm32cube.ide.mcu.externaltools.gnu-tools-for-stm32.12.3.rel1.win32_1.0.100.202403111256/tools/bin/../lib/gcc/arm-none-eabi/12.3.1/../../../../arm-none-eabi/lib/thumb/v7e-m+fp/hard\libc_nano.a(libc_a-errno.o)
                0x08005fcc                __errno
 .text.__libc_init_array
                0x08005fd8       0x48 D:/STM32CubeIDE_1.15.1/STM32CubeIDE/plugins/com.st.stm32cube.ide.mcu.externaltools.gnu-tools-for-stm32.12.3.rel1.win32_1.0.100.202403111256/tools/bin/../lib/gcc/arm-none-eabi/12.3.1/../../../../arm-none-eabi/lib/thumb/v7e-m+fp/hard\libc_nano.a(libc_a-init.o)
                0x08005fd8                __libc_init_array
 .text.__retarget_lock_init_recursive
                0x08006020        0x2 D:/STM32CubeIDE_1.15.1/STM32CubeIDE/plugins/com.st.stm32cube.ide.mcu.externaltools.gnu-tools-for-stm32.12.3.rel1.win32_1.0.100.202403111256/tools/bin/../lib/gcc/arm-none-eabi/12.3.1/../../../../arm-none-eabi/lib/thumb/v7e-m+fp/hard\libc_nano.a(libc_a-lock.o)
                0x08006020                __retarget_lock_init_recursive
 .text.__retarget_lock_acquire_recursive
                0x08006022        0x2 D:/STM32CubeIDE_1.15.1/STM32CubeIDE/plugins/com.st.stm32cube.ide.mcu.externaltools.gnu-tools-for-stm32.12.3.rel1.win32_1.0.100.202403111256/tools/bin/../lib/gcc/arm-none-eabi/12.3.1/../../../../arm-none-eabi/lib/thumb/v7e-m+fp/hard\libc_nano.a(libc_a-lock.o)
                0x08006022                __retarget_lock_acquire_recursive
 .text.__retarget_lock_release_recursive
                0x08006024        0x2 D:/STM32CubeIDE_1.15.1/STM32CubeIDE/plugins/com.st.stm32cube.ide.mcu.externaltools.gnu-tools-for-stm32.12.3.rel1.win32_1.0.100.202403111256/tools/bin/../lib/gcc/arm-none-eabi/12.3.1/../../../../arm-none-eabi/lib/thumb/v7e-m+fp/hard\libc_nano.a(libc_a-lock.o)
                0x08006024                __retarget_lock_release_recursive
 .text.memcpy   0x08006026       0x1c D:/STM32CubeIDE_1.15.1/STM32CubeIDE/plugins/com.st.stm32cube.ide.mcu.externaltools.gnu-tools-for-stm32.12.3.rel1.win32_1.0.100.202403111256/tools/bin/../lib/gcc/arm-none-eabi/12.3.1/../../../../arm-none-eabi/lib/thumb/v7e-m+fp/hard\libc_nano.a(libc_a-memcpy-stub.o)
                0x08006026                memcpy
 *fill*         0x08006042        0x2 
 .text._free_r  0x08006044       0x94 D:/STM32CubeIDE_1.15.1/STM32CubeIDE/plugins/com.st.stm32cube.ide.mcu.externaltools.gnu-tools-for-stm32.12.3.rel1.win32_1.0.100.202403111256/tools/bin/../lib/gcc/arm-none-eabi/12.3.1/../../../../arm-none-eabi/lib/thumb/v7e-m+fp/hard\libc_nano.a(libc_a-freer.o)
                0x08006044                _free_r
 .text.sbrk_aligned
                0x080060d8       0x44 D:/STM32CubeIDE_1.15.1/STM32CubeIDE/plugins/com.st.stm32cube.ide.mcu.externaltools.gnu-tools-for-stm32.12.3.rel1.win32_1.0.100.202403111256/tools/bin/../lib/gcc/arm-none-eabi/12.3.1/../../../../arm-none-eabi/lib/thumb/v7e-m+fp/hard\libc_nano.a(libc_a-mallocr.o)
 .text._malloc_r
                0x0800611c      0x100 D:/STM32CubeIDE_1.15.1/STM32CubeIDE/plugins/com.st.stm32cube.ide.mcu.externaltools.gnu-tools-for-stm32.12.3.rel1.win32_1.0.100.202403111256/tools/bin/../lib/gcc/arm-none-eabi/12.3.1/../../../../arm-none-eabi/lib/thumb/v7e-m+fp/hard\libc_nano.a(libc_a-mallocr.o)
                0x0800611c                _malloc_r
 .text.__malloc_lock
                0x0800621c        0xc D:/STM32CubeIDE_1.15.1/STM32CubeIDE/plugins/com.st.stm32cube.ide.mcu.externaltools.gnu-tools-for-stm32.12.3.rel1.win32_1.0.100.202403111256/tools/bin/../lib/gcc/arm-none-eabi/12.3.1/../../../../arm-none-eabi/lib/thumb/v7e-m+fp/hard\libc_nano.a(libc_a-mlock.o)
                0x0800621c                __malloc_lock
 .text.__malloc_unlock
                0x08006228        0xc D:/STM32CubeIDE_1.15.1/STM32CubeIDE/plugins/com.st.stm32cube.ide.mcu.externaltools.gnu-tools-for-stm32.12.3.rel1.win32_1.0.100.202403111256/tools/bin/../lib/gcc/arm-none-eabi/12.3.1/../../../../arm-none-eabi/lib/thumb/v7e-m+fp/hard\libc_nano.a(libc_a-mlock.o)
                0x08006228                __malloc_unlock
 .text.__sflush_r
                0x08006234      0x108 D:/STM32CubeIDE_1.15.1/STM32CubeIDE/plugins/com.st.stm32cube.ide.mcu.externaltools.gnu-tools-for-stm32.12.3.rel1.win32_1.0.100.202403111256/tools/bin/../lib/gcc/arm-none-eabi/12.3.1/../../../../arm-none-eabi/lib/thumb/v7e-m+fp/hard\libc_nano.a(libc_a-fflush.o)
                0x08006234                __sflush_r
 .text._fflush_r
                0x0800633c       0x50 D:/STM32CubeIDE_1.15.1/STM32CubeIDE/plugins/com.st.stm32cube.ide.mcu.externaltools.gnu-tools-for-stm32.12.3.rel1.win32_1.0.100.202403111256/tools/bin/../lib/gcc/arm-none-eabi/12.3.1/../../../../arm-none-eabi/lib/thumb/v7e-m+fp/hard\libc_nano.a(libc_a-fflush.o)
                0x0800633c                _fflush_r
 .text.__swhatbuf_r
                0x0800638c       0x4c D:/STM32CubeIDE_1.15.1/STM32CubeIDE/plugins/com.st.stm32cube.ide.mcu.externaltools.gnu-tools-for-stm32.12.3.rel1.win32_1.0.100.202403111256/tools/bin/../lib/gcc/arm-none-eabi/12.3.1/../../../../arm-none-eabi/lib/thumb/v7e-m+fp/hard\libc_nano.a(libc_a-makebuf.o)
                0x0800638c                __swhatbuf_r
 .text.__smakebuf_r
                0x080063d8       0x78 D:/STM32CubeIDE_1.15.1/STM32CubeIDE/plugins/com.st.stm32cube.ide.mcu.externaltools.gnu-tools-for-stm32.12.3.rel1.win32_1.0.100.202403111256/tools/bin/../lib/gcc/arm-none-eabi/12.3.1/../../../../arm-none-eabi/lib/thumb/v7e-m+fp/hard\libc_nano.a(libc_a-makebuf.o)
                0x080063d8                __smakebuf_r
 .text._fstat_r
                0x08006450       0x24 D:/STM32CubeIDE_1.15.1/STM32CubeIDE/plugins/com.st.stm32cube.ide.mcu.externaltools.gnu-tools-for-stm32.12.3.rel1.win32_1.0.100.202403111256/tools/bin/../lib/gcc/arm-none-eabi/12.3.1/../../../../arm-none-eabi/lib/thumb/v7e-m+fp/hard\libc_nano.a(libc_a-fstatr.o)
                0x08006450                _fstat_r
 .text._isatty_r
                0x08006474       0x20 D:/STM32CubeIDE_1.15.1/STM32CubeIDE/plugins/com.st.stm32cube.ide.mcu.externaltools.gnu-tools-for-stm32.12.3.rel1.win32_1.0.100.202403111256/tools/bin/../lib/gcc/arm-none-eabi/12.3.1/../../../../arm-none-eabi/lib/thumb/v7e-m+fp/hard\libc_nano.a(libc_a-isattyr.o)
                0x08006474                _isatty_r
 .text._sbrk_r  0x08006494       0x20 D:/STM32CubeIDE_1.15.1/STM32CubeIDE/plugins/com.st.stm32cube.ide.mcu.externaltools.gnu-tools-for-stm32.12.3.rel1.win32_1.0.100.202403111256/tools/bin/../lib/gcc/arm-none-eabi/12.3.1/../../../../arm-none-eabi/lib/thumb/v7e-m+fp/hard\libc_nano.a(libc_a-sbrkr.o)
                0x08006494                _sbrk_r
 *(.glue_7)
 .glue_7        0x080064b4        0x0 linker stubs
 *(.glue_7t)
 .glue_7t       0x080064b4        0x0 linker stubs
 *(.eh_frame)
 .eh_frame      0x080064b4        0x0 D:/STM32CubeIDE_1.15.1/STM32CubeIDE/plugins/com.st.stm32cube.ide.mcu.externaltools.gnu-tools-for-stm32.12.3.rel1.win32_1.0.100.202403111256/tools/bin/../lib/gcc/arm-none-eabi/12.3.1/thumb/v7e-m+fp/hard/crtbegin.o
 *(.init)
 .init          0x080064b4        0x4 D:/STM32CubeIDE_1.15.1/STM32CubeIDE/plugins/com.st.stm32cube.ide.mcu.externaltools.gnu-tools-for-stm32.12.3.rel1.win32_1.0.100.202403111256/tools/bin/../lib/gcc/arm-none-eabi/12.3.1/thumb/v7e-m+fp/hard/crti.o
                0x080064b4                _init
 .init          0x080064b8        0x8 D:/STM32CubeIDE_1.15.1/STM32CubeIDE/plugins/com.st.stm32cube.ide.mcu.externaltools.gnu-tools-for-stm32.12.3.rel1.win32_1.0.100.202403111256/tools/bin/../lib/gcc/arm-none-eabi/12.3.1/thumb/v7e-m+fp/hard/crtn.o
 *(.fini)
 .fini          0x080064c0        0x4 D:/STM32CubeIDE_1.15.1/STM32CubeIDE/plugins/com.st.stm32cube.ide.mcu.externaltools.gnu-tools-for-stm32.12.3.rel1.win32_1.0.100.202403111256/tools/bin/../lib/gcc/arm-none-eabi/12.3.1/thumb/v7e-m+fp/hard/crti.o
                0x080064c0                _fini
 .fini          0x080064c4        0x8 D:/STM32CubeIDE_1.15.1/STM32CubeIDE/plugins/com.st.stm32cube.ide.mcu.externaltools.gnu-tools-for-stm32.12.3.rel1.win32_1.0.100.202403111256/tools/bin/../lib/gcc/arm-none-eabi/12.3.1/thumb/v7e-m+fp/hard/crtn.o
                0x080064cc                        . = ALIGN (0x4)
                0x080064cc                        _etext = .

.vfp11_veneer   0x080064cc        0x0
 .vfp11_veneer  0x080064cc        0x0 linker stubs

.v4_bx          0x080064cc        0x0
 .v4_bx         0x080064cc        0x0 linker stubs

.iplt           0x080064cc        0x0
 .iplt          0x080064cc        0x0 D:/STM32CubeIDE_1.15.1/STM32CubeIDE/plugins/com.st.stm32cube.ide.mcu.externaltools.gnu-tools-for-stm32.12.3.rel1.win32_1.0.100.202403111256/tools/bin/../lib/gcc/arm-none-eabi/12.3.1/thumb/v7e-m+fp/hard/crtbegin.o

.rodata         0x080064cc      0x358
                0x080064cc                        . = ALIGN (0x4)
 *(.rodata)
 .rodata        0x080064cc        0xd ./BlueNRG-2/Target/hci_tl_interface.o
 *fill*         0x080064d9        0x3 
 .rodata        0x080064dc       0xc9 ./Core/Src/app_bluenrg.o
 *fill*         0x080065a5        0x3 
 .rodata        0x080065a8       0x12 ./Core/Src/main.o
 *fill*         0x080065ba        0x2 
 .rodata        0x080065bc       0x3f ./Core/Src/services.o
 *(.rodata*)
 *fill*         0x080065fb        0x1 
 .rodata.SERVICE_UUID
                0x080065fc       0x10 ./Core/Src/services.o
                0x080065fc                SERVICE_UUID
 .rodata.CHAR_UUID_TX
                0x0800660c       0x10 ./Core/Src/services.o
                0x0800660c                CHAR_UUID_TX
 .rodata.CHAR_UUID_RX
                0x0800661c       0x10 ./Core/Src/services.o
                0x0800661c                CHAR_UUID_RX
 .rodata.AHBPrescTable
                0x0800662c       0x10 ./Core/Src/system_stm32f4xx.o
                0x0800662c                AHBPrescTable
 .rodata.APBPrescTable
                0x0800663c        0x8 ./Core/Src/system_stm32f4xx.o
                0x0800663c                APBPrescTable
 .rodata.hci_events_table
                0x08006644       0x38 ./Middlewares/ST/BlueNRG-2/hci/bluenrg1_events.o
                0x08006644                hci_events_table
 .rodata.hci_le_meta_events_table
                0x0800667c       0x50 ./Middlewares/ST/BlueNRG-2/hci/bluenrg1_events.o
                0x0800667c                hci_le_meta_events_table
 .rodata.hci_vendor_specific_events_table
                0x080066cc      0x158 ./Middlewares/ST/BlueNRG-2/hci/bluenrg1_events.o
                0x080066cc                hci_vendor_specific_events_table
                0x08006824                        . = ALIGN (0x4)

.ARM.extab      0x08006824        0x0
                0x08006824                        . = ALIGN (0x4)
 *(.ARM.extab* .gnu.linkonce.armextab.*)
                0x08006824                        . = ALIGN (0x4)

.ARM            0x08006824        0x8
                0x08006824                        . = ALIGN (0x4)
                0x08006824                        __exidx_start = .
 *(.ARM.exidx*)
 .ARM.exidx     0x08006824        0x8 D:/STM32CubeIDE_1.15.1/STM32CubeIDE/plugins/com.st.stm32cube.ide.mcu.externaltools.gnu-tools-for-stm32.12.3.rel1.win32_1.0.100.202403111256/tools/bin/../lib/gcc/arm-none-eabi/12.3.1/../../../../arm-none-eabi/lib/thumb/v7e-m+fp/hard\libc_nano.a(libc_a-strlen.o)
 .ARM.exidx     0x0800682c        0x0 D:/STM32CubeIDE_1.15.1/STM32CubeIDE/plugins/com.st.stm32cube.ide.mcu.externaltools.gnu-tools-for-stm32.12.3.rel1.win32_1.0.100.202403111256/tools/bin/../lib/gcc/arm-none-eabi/12.3.1/thumb/v7e-m+fp/hard\libgcc.a(_udivmoddi4.o)
                                  0x8 (size before relaxing)
                0x0800682c                        __exidx_end = .
                0x0800682c                        . = ALIGN (0x4)

.rel.dyn        0x0800682c        0x0
 .rel.iplt      0x0800682c        0x0 D:/STM32CubeIDE_1.15.1/STM32CubeIDE/plugins/com.st.stm32cube.ide.mcu.externaltools.gnu-tools-for-stm32.12.3.rel1.win32_1.0.100.202403111256/tools/bin/../lib/gcc/arm-none-eabi/12.3.1/thumb/v7e-m+fp/hard/crtbegin.o

.preinit_array  0x0800682c        0x0
                0x0800682c                        . = ALIGN (0x4)
                0x0800682c                        PROVIDE (__preinit_array_start = .)
 *(.preinit_array*)
                0x0800682c                        PROVIDE (__preinit_array_end = .)
                0x0800682c                        . = ALIGN (0x4)

.init_array     0x0800682c        0x4
                0x0800682c                        . = ALIGN (0x4)
                0x0800682c                        PROVIDE (__init_array_start = .)
 *(SORT_BY_NAME(.init_array.*))
 *(.init_array*)
 .init_array    0x0800682c        0x4 D:/STM32CubeIDE_1.15.1/STM32CubeIDE/plugins/com.st.stm32cube.ide.mcu.externaltools.gnu-tools-for-stm32.12.3.rel1.win32_1.0.100.202403111256/tools/bin/../lib/gcc/arm-none-eabi/12.3.1/thumb/v7e-m+fp/hard/crtbegin.o
                0x08006830                        PROVIDE (__init_array_end = .)
                0x08006830                        . = ALIGN (0x4)

.fini_array     0x08006830        0x4
                0x08006830                        . = ALIGN (0x4)
                [!provide]                        PROVIDE (__fini_array_start = .)
 *(SORT_BY_NAME(.fini_array.*))
 *(.fini_array*)
 .fini_array    0x08006830        0x4 D:/STM32CubeIDE_1.15.1/STM32CubeIDE/plugins/com.st.stm32cube.ide.mcu.externaltools.gnu-tools-for-stm32.12.3.rel1.win32_1.0.100.202403111256/tools/bin/../lib/gcc/arm-none-eabi/12.3.1/thumb/v7e-m+fp/hard/crtbegin.o
                [!provide]                        PROVIDE (__fini_array_end = .)
                0x08006834                        . = ALIGN (0x4)
                0x08006834                        _sidata = LOADADDR (.data)

.data           0x20000000       0x70 load address 0x08006834
                0x20000000                        . = ALIGN (0x4)
                0x20000000                        _sdata = .
 *(.data)
 *(.data*)
 .data.SERVER_BDARR
                0x20000000        0x6 ./Core/Src/app_bluenrg.o
                0x20000000                SERVER_BDARR
 *fill*         0x20000006        0x2 
 .data.SystemCoreClock
                0x20000008        0x4 ./Core/Src/system_stm32f4xx.o
                0x20000008                SystemCoreClock
 .data.uwTickPrio
                0x2000000c        0x4 ./Drivers/STM32F4xx_HAL_Driver/Src/stm32f4xx_hal.o
                0x2000000c                uwTickPrio
 .data.uwTickFreq
                0x20000010        0x1 ./Drivers/STM32F4xx_HAL_Driver/Src/stm32f4xx_hal.o
                0x20000010                uwTickFreq
 *fill*         0x20000011        0x3 
 .data.__sglue  0x20000014        0xc D:/STM32CubeIDE_1.15.1/STM32CubeIDE/plugins/com.st.stm32cube.ide.mcu.externaltools.gnu-tools-for-stm32.12.3.rel1.win32_1.0.100.202403111256/tools/bin/../lib/gcc/arm-none-eabi/12.3.1/../../../../arm-none-eabi/lib/thumb/v7e-m+fp/hard\libc_nano.a(libc_a-findfp.o)
                0x20000014                __sglue
 .data._impure_ptr
                0x20000020        0x4 D:/STM32CubeIDE_1.15.1/STM32CubeIDE/plugins/com.st.stm32cube.ide.mcu.externaltools.gnu-tools-for-stm32.12.3.rel1.win32_1.0.100.202403111256/tools/bin/../lib/gcc/arm-none-eabi/12.3.1/../../../../arm-none-eabi/lib/thumb/v7e-m+fp/hard\libc_nano.a(libc_a-impure.o)
                0x20000020                _impure_ptr
 .data._impure_data
                0x20000024       0x4c D:/STM32CubeIDE_1.15.1/STM32CubeIDE/plugins/com.st.stm32cube.ide.mcu.externaltools.gnu-tools-for-stm32.12.3.rel1.win32_1.0.100.202403111256/tools/bin/../lib/gcc/arm-none-eabi/12.3.1/../../../../arm-none-eabi/lib/thumb/v7e-m+fp/hard\libc_nano.a(libc_a-impure.o)
                0x20000024                _impure_data
 *(.RamFunc)
 *(.RamFunc*)
                0x20000070                        . = ALIGN (0x4)
                0x20000070                        _edata = .

.igot.plt       0x20000070        0x0 load address 0x080068a4
 .igot.plt      0x20000070        0x0 D:/STM32CubeIDE_1.15.1/STM32CubeIDE/plugins/com.st.stm32cube.ide.mcu.externaltools.gnu-tools-for-stm32.12.3.rel1.win32_1.0.100.202403111256/tools/bin/../lib/gcc/arm-none-eabi/12.3.1/thumb/v7e-m+fp/hard/crtbegin.o
                0x20000070                        . = ALIGN (0x4)

.bss            0x20000070      0x8cc load address 0x080068a4
                0x20000070                        _sbss = .
                0x20000070                        __bss_start__ = _sbss
 *(.bss)
 .bss           0x20000070       0x1c D:/STM32CubeIDE_1.15.1/STM32CubeIDE/plugins/com.st.stm32cube.ide.mcu.externaltools.gnu-tools-for-stm32.12.3.rel1.win32_1.0.100.202403111256/tools/bin/../lib/gcc/arm-none-eabi/12.3.1/thumb/v7e-m+fp/hard/crtbegin.o
 *(.bss*)
 .bss.hexti0    0x2000008c        0x8 ./BlueNRG-2/Target/hci_tl_interface.o
                0x2000008c                hexti0
 .bss.read_char_buf.0
                0x20000094       0xff ./BlueNRG-2/Target/hci_tl_interface.o
 .bss.btn_state
                0x20000193        0x1 ./Core/Src/app_bluenrg.o
                0x20000193                btn_state
 .bss.huart2    0x20000194       0x44 ./Core/Src/main.o
                0x20000194                huart2
 .bss.chat_service_handle
                0x200001d8        0x2 ./Core/Src/services.o
                0x200001d8                chat_service_handle
 .bss.tx_char_handle
                0x200001da        0x2 ./Core/Src/services.o
                0x200001da                tx_char_handle
 .bss.rx_char_handle
                0x200001dc        0x2 ./Core/Src/services.o
                0x200001dc                rx_char_handle
 .bss.connected
                0x200001de        0x1 ./Core/Src/services.o
                0x200001de                connected
 *fill*         0x200001df        0x1 
 .bss.connection_handle
                0x200001e0        0x2 ./Core/Src/services.o
                0x200001e0                connection_handle
 .bss.notification_enabled
                0x200001e2        0x1 ./Core/Src/services.o
                0x200001e2                notification_enabled
 *fill*         0x200001e3        0x1 
 .bss.hspi1     0x200001e4       0x58 ./Core/Src/stm32f4xx_nucleo_bus.o
                0x200001e4                hspi1
 .bss.SPI1InitCounter
                0x2000023c        0x4 ./Core/Src/stm32f4xx_nucleo_bus.o
 .bss.__sbrk_heap_end
                0x20000240        0x4 ./Core/Src/sysmem.o
 .bss.uwTick    0x20000244        0x4 ./Drivers/STM32F4xx_HAL_Driver/Src/stm32f4xx_hal.o
                0x20000244                uwTick
 .bss.hciReadPktPool
                0x20000248        0x8 ./Middlewares/ST/BlueNRG-2/hci/hci_tl_patterns/Basic/hci_tl.o
                0x20000248                hciReadPktPool
 .bss.hciReadPktRxQueue
                0x20000250        0x8 ./Middlewares/ST/BlueNRG-2/hci/hci_tl_patterns/Basic/hci_tl.o
                0x20000250                hciReadPktRxQueue
 .bss.hciReadPacketBuffer
                0x20000258      0x578 ./Middlewares/ST/BlueNRG-2/hci/hci_tl_patterns/Basic/hci_tl.o
 .bss.hciContext
                0x200007d0       0x20 ./Middlewares/ST/BlueNRG-2/hci/hci_tl_patterns/Basic/hci_tl.o
 .bss.__sf      0x200007f0      0x138 D:/STM32CubeIDE_1.15.1/STM32CubeIDE/plugins/com.st.stm32cube.ide.mcu.externaltools.gnu-tools-for-stm32.12.3.rel1.win32_1.0.100.202403111256/tools/bin/../lib/gcc/arm-none-eabi/12.3.1/../../../../arm-none-eabi/lib/thumb/v7e-m+fp/hard\libc_nano.a(libc_a-findfp.o)
                0x200007f0                __sf
 .bss.__stdio_exit_handler
                0x20000928        0x4 D:/STM32CubeIDE_1.15.1/STM32CubeIDE/plugins/com.st.stm32cube.ide.mcu.externaltools.gnu-tools-for-stm32.12.3.rel1.win32_1.0.100.202403111256/tools/bin/../lib/gcc/arm-none-eabi/12.3.1/../../../../arm-none-eabi/lib/thumb/v7e-m+fp/hard\libc_nano.a(libc_a-findfp.o)
                0x20000928                __stdio_exit_handler
 .bss.errno     0x2000092c        0x4 D:/STM32CubeIDE_1.15.1/STM32CubeIDE/plugins/com.st.stm32cube.ide.mcu.externaltools.gnu-tools-for-stm32.12.3.rel1.win32_1.0.100.202403111256/tools/bin/../lib/gcc/arm-none-eabi/12.3.1/../../../../arm-none-eabi/lib/thumb/v7e-m+fp/hard\libc_nano.a(libc_a-reent.o)
                0x2000092c                errno
 .bss.__lock___malloc_recursive_mutex
                0x20000930        0x1 D:/STM32CubeIDE_1.15.1/STM32CubeIDE/plugins/com.st.stm32cube.ide.mcu.externaltools.gnu-tools-for-stm32.12.3.rel1.win32_1.0.100.202403111256/tools/bin/../lib/gcc/arm-none-eabi/12.3.1/../../../../arm-none-eabi/lib/thumb/v7e-m+fp/hard\libc_nano.a(libc_a-lock.o)
                0x20000930                __lock___malloc_recursive_mutex
 .bss.__lock___sfp_recursive_mutex
                0x20000931        0x1 D:/STM32CubeIDE_1.15.1/STM32CubeIDE/plugins/com.st.stm32cube.ide.mcu.externaltools.gnu-tools-for-stm32.12.3.rel1.win32_1.0.100.202403111256/tools/bin/../lib/gcc/arm-none-eabi/12.3.1/../../../../arm-none-eabi/lib/thumb/v7e-m+fp/hard\libc_nano.a(libc_a-lock.o)
                0x20000931                __lock___sfp_recursive_mutex
 *fill*         0x20000932        0x2 
 .bss.__malloc_sbrk_start
                0x20000934        0x4 D:/STM32CubeIDE_1.15.1/STM32CubeIDE/plugins/com.st.stm32cube.ide.mcu.externaltools.gnu-tools-for-stm32.12.3.rel1.win32_1.0.100.202403111256/tools/bin/../lib/gcc/arm-none-eabi/12.3.1/../../../../arm-none-eabi/lib/thumb/v7e-m+fp/hard\libc_nano.a(libc_a-mallocr.o)
                0x20000934                __malloc_sbrk_start
 .bss.__malloc_free_list
                0x20000938        0x4 D:/STM32CubeIDE_1.15.1/STM32CubeIDE/plugins/com.st.stm32cube.ide.mcu.externaltools.gnu-tools-for-stm32.12.3.rel1.win32_1.0.100.202403111256/tools/bin/../lib/gcc/arm-none-eabi/12.3.1/../../../../arm-none-eabi/lib/thumb/v7e-m+fp/hard\libc_nano.a(libc_a-mallocr.o)
                0x20000938                __malloc_free_list
 *(COMMON)
                0x2000093c                        . = ALIGN (0x4)
                0x2000093c                        _ebss = .
                0x2000093c                        __bss_end__ = _ebss

._user_heap_stack
                0x2000093c      0x604 load address 0x080068a4
                0x20000940                        . = ALIGN (0x8)
 *fill*         0x2000093c        0x4 
                [!provide]                        PROVIDE (end = .)
                0x20000940                        PROVIDE (_end = .)
                0x20000b40                        . = (. + _Min_Heap_Size)
 *fill*         0x20000940      0x200 
                0x20000f40                        . = (. + _Min_Stack_Size)
 *fill*         0x20000b40      0x400 
                0x20000f40                        . = ALIGN (0x8)

/DISCARD/
 libc.a(*)
 libm.a(*)
 libgcc.a(*)

.ARM.attributes
                0x00000000       0x30
 *(.ARM.attributes)
 .ARM.attributes
                0x00000000       0x22 D:/STM32CubeIDE_1.15.1/STM32CubeIDE/plugins/com.st.stm32cube.ide.mcu.externaltools.gnu-tools-for-stm32.12.3.rel1.win32_1.0.100.202403111256/tools/bin/../lib/gcc/arm-none-eabi/12.3.1/thumb/v7e-m+fp/hard/crti.o
 .ARM.attributes
                0x00000022       0x34 D:/STM32CubeIDE_1.15.1/STM32CubeIDE/plugins/com.st.stm32cube.ide.mcu.externaltools.gnu-tools-for-stm32.12.3.rel1.win32_1.0.100.202403111256/tools/bin/../lib/gcc/arm-none-eabi/12.3.1/thumb/v7e-m+fp/hard/crtbegin.o
 .ARM.attributes
                0x00000056       0x34 ./BlueNRG-2/Target/hci_tl_interface.o
 .ARM.attributes
                0x0000008a       0x34 ./Core/Src/app_bluenrg.o
 .ARM.attributes
                0x000000be       0x34 ./Core/Src/main.o
 .ARM.attributes
                0x000000f2       0x34 ./Core/Src/services.o
 .ARM.attributes
                0x00000126       0x34 ./Core/Src/stm32f4xx_hal_msp.o
 .ARM.attributes
                0x0000015a       0x34 ./Core/Src/stm32f4xx_it.o
 .ARM.attributes
                0x0000018e       0x34 ./Core/Src/stm32f4xx_nucleo_bus.o
 .ARM.attributes
                0x000001c2       0x34 ./Core/Src/syscalls.o
 .ARM.attributes
                0x000001f6       0x34 ./Core/Src/sysmem.o
 .ARM.attributes
                0x0000022a       0x34 ./Core/Src/system_stm32f4xx.o
 .ARM.attributes
                0x0000025e       0x21 ./Core/Startup/startup_stm32f411retx.o
 .ARM.attributes
                0x0000027f       0x34 ./Drivers/STM32F4xx_HAL_Driver/Src/stm32f4xx_hal.o
 .ARM.attributes
                0x000002b3       0x34 ./Drivers/STM32F4xx_HAL_Driver/Src/stm32f4xx_hal_cortex.o
 .ARM.attributes
                0x000002e7       0x34 ./Drivers/STM32F4xx_HAL_Driver/Src/stm32f4xx_hal_exti.o
 .ARM.attributes
                0x0000031b       0x34 ./Drivers/STM32F4xx_HAL_Driver/Src/stm32f4xx_hal_gpio.o
 .ARM.attributes
                0x0000034f       0x34 ./Drivers/STM32F4xx_HAL_Driver/Src/stm32f4xx_hal_rcc.o
 .ARM.attributes
                0x00000383       0x34 ./Drivers/STM32F4xx_HAL_Driver/Src/stm32f4xx_hal_spi.o
 .ARM.attributes
                0x000003b7       0x34 ./Drivers/STM32F4xx_HAL_Driver/Src/stm32f4xx_hal_uart.o
 .ARM.attributes
                0x000003eb       0x34 ./Middlewares/ST/BlueNRG-2/hci/bluenrg1_events.o
 .ARM.attributes
                0x0000041f       0x34 ./Middlewares/ST/BlueNRG-2/hci/bluenrg1_events_cb.o
 .ARM.attributes
                0x00000453       0x34 ./Middlewares/ST/BlueNRG-2/hci/bluenrg1_hci_le.o
 .ARM.attributes
                0x00000487       0x34 ./Middlewares/ST/BlueNRG-2/hci/controller/bluenrg1_gap_aci.o
 .ARM.attributes
                0x000004bb       0x34 ./Middlewares/ST/BlueNRG-2/hci/controller/bluenrg1_gatt_aci.o
 .ARM.attributes
                0x000004ef       0x34 ./Middlewares/ST/BlueNRG-2/hci/controller/bluenrg1_hal_aci.o
 .ARM.attributes
                0x00000523       0x34 ./Middlewares/ST/BlueNRG-2/hci/hci_tl_patterns/Basic/hci_tl.o
 .ARM.attributes
                0x00000557       0x34 ./Middlewares/ST/BlueNRG-2/utils/ble_list.o
 .ARM.attributes
                0x0000058b       0x34 D:/STM32CubeIDE_1.15.1/STM32CubeIDE/plugins/com.st.stm32cube.ide.mcu.externaltools.gnu-tools-for-stm32.12.3.rel1.win32_1.0.100.202403111256/tools/bin/../lib/gcc/arm-none-eabi/12.3.1/../../../../arm-none-eabi/lib/thumb/v7e-m+fp/hard\libc_nano.a(libc_a-findfp.o)
 .ARM.attributes
                0x000005bf       0x34 D:/STM32CubeIDE_1.15.1/STM32CubeIDE/plugins/com.st.stm32cube.ide.mcu.externaltools.gnu-tools-for-stm32.12.3.rel1.win32_1.0.100.202403111256/tools/bin/../lib/gcc/arm-none-eabi/12.3.1/../../../../arm-none-eabi/lib/thumb/v7e-m+fp/hard\libc_nano.a(libc_a-fwalk.o)
 .ARM.attributes
                0x000005f3       0x34 D:/STM32CubeIDE_1.15.1/STM32CubeIDE/plugins/com.st.stm32cube.ide.mcu.externaltools.gnu-tools-for-stm32.12.3.rel1.win32_1.0.100.202403111256/tools/bin/../lib/gcc/arm-none-eabi/12.3.1/../../../../arm-none-eabi/lib/thumb/v7e-m+fp/hard\libc_nano.a(libc_a-puts.o)
 .ARM.attributes
                0x00000627       0x34 D:/STM32CubeIDE_1.15.1/STM32CubeIDE/plugins/com.st.stm32cube.ide.mcu.externaltools.gnu-tools-for-stm32.12.3.rel1.win32_1.0.100.202403111256/tools/bin/../lib/gcc/arm-none-eabi/12.3.1/../../../../arm-none-eabi/lib/thumb/v7e-m+fp/hard\libc_nano.a(libc_a-stdio.o)
 .ARM.attributes
                0x0000065b       0x34 D:/STM32CubeIDE_1.15.1/STM32CubeIDE/plugins/com.st.stm32cube.ide.mcu.externaltools.gnu-tools-for-stm32.12.3.rel1.win32_1.0.100.202403111256/tools/bin/../lib/gcc/arm-none-eabi/12.3.1/../../../../arm-none-eabi/lib/thumb/v7e-m+fp/hard\libc_nano.a(libc_a-wbuf.o)
 .ARM.attributes
                0x0000068f       0x34 D:/STM32CubeIDE_1.15.1/STM32CubeIDE/plugins/com.st.stm32cube.ide.mcu.externaltools.gnu-tools-for-stm32.12.3.rel1.win32_1.0.100.202403111256/tools/bin/../lib/gcc/arm-none-eabi/12.3.1/../../../../arm-none-eabi/lib/thumb/v7e-m+fp/hard\libc_nano.a(libc_a-wsetup.o)
 .ARM.attributes
                0x000006c3       0x34 D:/STM32CubeIDE_1.15.1/STM32CubeIDE/plugins/com.st.stm32cube.ide.mcu.externaltools.gnu-tools-for-stm32.12.3.rel1.win32_1.0.100.202403111256/tools/bin/../lib/gcc/arm-none-eabi/12.3.1/../../../../arm-none-eabi/lib/thumb/v7e-m+fp/hard\libc_nano.a(libc_a-memset.o)
 .ARM.attributes
                0x000006f7       0x34 D:/STM32CubeIDE_1.15.1/STM32CubeIDE/plugins/com.st.stm32cube.ide.mcu.externaltools.gnu-tools-for-stm32.12.3.rel1.win32_1.0.100.202403111256/tools/bin/../lib/gcc/arm-none-eabi/12.3.1/../../../../arm-none-eabi/lib/thumb/v7e-m+fp/hard\libc_nano.a(libc_a-closer.o)
 .ARM.attributes
                0x0000072b       0x34 D:/STM32CubeIDE_1.15.1/STM32CubeIDE/plugins/com.st.stm32cube.ide.mcu.externaltools.gnu-tools-for-stm32.12.3.rel1.win32_1.0.100.202403111256/tools/bin/../lib/gcc/arm-none-eabi/12.3.1/../../../../arm-none-eabi/lib/thumb/v7e-m+fp/hard\libc_nano.a(libc_a-reent.o)
 .ARM.attributes
                0x0000075f       0x34 D:/STM32CubeIDE_1.15.1/STM32CubeIDE/plugins/com.st.stm32cube.ide.mcu.externaltools.gnu-tools-for-stm32.12.3.rel1.win32_1.0.100.202403111256/tools/bin/../lib/gcc/arm-none-eabi/12.3.1/../../../../arm-none-eabi/lib/thumb/v7e-m+fp/hard\libc_nano.a(libc_a-impure.o)
 .ARM.attributes
                0x00000793       0x34 D:/STM32CubeIDE_1.15.1/STM32CubeIDE/plugins/com.st.stm32cube.ide.mcu.externaltools.gnu-tools-for-stm32.12.3.rel1.win32_1.0.100.202403111256/tools/bin/../lib/gcc/arm-none-eabi/12.3.1/../../../../arm-none-eabi/lib/thumb/v7e-m+fp/hard\libc_nano.a(libc_a-lseekr.o)
 .ARM.attributes
                0x000007c7       0x34 D:/STM32CubeIDE_1.15.1/STM32CubeIDE/plugins/com.st.stm32cube.ide.mcu.externaltools.gnu-tools-for-stm32.12.3.rel1.win32_1.0.100.202403111256/tools/bin/../lib/gcc/arm-none-eabi/12.3.1/../../../../arm-none-eabi/lib/thumb/v7e-m+fp/hard\libc_nano.a(libc_a-readr.o)
 .ARM.attributes
                0x000007fb       0x34 D:/STM32CubeIDE_1.15.1/STM32CubeIDE/plugins/com.st.stm32cube.ide.mcu.externaltools.gnu-tools-for-stm32.12.3.rel1.win32_1.0.100.202403111256/tools/bin/../lib/gcc/arm-none-eabi/12.3.1/../../../../arm-none-eabi/lib/thumb/v7e-m+fp/hard\libc_nano.a(libc_a-writer.o)
 .ARM.attributes
                0x0000082f       0x34 D:/STM32CubeIDE_1.15.1/STM32CubeIDE/plugins/com.st.stm32cube.ide.mcu.externaltools.gnu-tools-for-stm32.12.3.rel1.win32_1.0.100.202403111256/tools/bin/../lib/gcc/arm-none-eabi/12.3.1/../../../../arm-none-eabi/lib/thumb/v7e-m+fp/hard\libc_nano.a(libc_a-errno.o)
 .ARM.attributes
                0x00000863       0x34 D:/STM32CubeIDE_1.15.1/STM32CubeIDE/plugins/com.st.stm32cube.ide.mcu.externaltools.gnu-tools-for-stm32.12.3.rel1.win32_1.0.100.202403111256/tools/bin/../lib/gcc/arm-none-eabi/12.3.1/../../../../arm-none-eabi/lib/thumb/v7e-m+fp/hard\libc_nano.a(libc_a-init.o)
 .ARM.attributes
                0x00000897       0x34 D:/STM32CubeIDE_1.15.1/STM32CubeIDE/plugins/com.st.stm32cube.ide.mcu.externaltools.gnu-tools-for-stm32.12.3.rel1.win32_1.0.100.202403111256/tools/bin/../lib/gcc/arm-none-eabi/12.3.1/../../../../arm-none-eabi/lib/thumb/v7e-m+fp/hard\libc_nano.a(libc_a-lock.o)
 .ARM.attributes
                0x000008cb       0x34 D:/STM32CubeIDE_1.15.1/STM32CubeIDE/plugins/com.st.stm32cube.ide.mcu.externaltools.gnu-tools-for-stm32.12.3.rel1.win32_1.0.100.202403111256/tools/bin/../lib/gcc/arm-none-eabi/12.3.1/../../../../arm-none-eabi/lib/thumb/v7e-m+fp/hard\libc_nano.a(libc_a-memcpy-stub.o)
 .ARM.attributes
                0x000008ff       0x17 D:/STM32CubeIDE_1.15.1/STM32CubeIDE/plugins/com.st.stm32cube.ide.mcu.externaltools.gnu-tools-for-stm32.12.3.rel1.win32_1.0.100.202403111256/tools/bin/../lib/gcc/arm-none-eabi/12.3.1/../../../../arm-none-eabi/lib/thumb/v7e-m+fp/hard\libc_nano.a(libc_a-strlen.o)
 .ARM.attributes
                0x00000916       0x34 D:/STM32CubeIDE_1.15.1/STM32CubeIDE/plugins/com.st.stm32cube.ide.mcu.externaltools.gnu-tools-for-stm32.12.3.rel1.win32_1.0.100.202403111256/tools/bin/../lib/gcc/arm-none-eabi/12.3.1/../../../../arm-none-eabi/lib/thumb/v7e-m+fp/hard\libc_nano.a(libc_a-freer.o)
 .ARM.attributes